Archive member included because of file (symbol)

c:/program files (x86)/codesourcery/sourcery g++ lite/bin/../lib/gcc/arm-none-eabi/4.5.2/thumb2\libgcc.a(_arm_addsubdf3.o)
                              build/obj/cruise.o (__aeabi_dsub)
c:/program files (x86)/codesourcery/sourcery g++ lite/bin/../lib/gcc/arm-none-eabi/4.5.2/thumb2\libgcc.a(_arm_muldivdf3.o)
                              build/obj/cruise.o (__aeabi_dmul)
c:/program files (x86)/codesourcery/sourcery g++ lite/bin/../lib/gcc/arm-none-eabi/4.5.2/thumb2\libgcc.a(_arm_cmpdf2.o)
                              build/obj/speed.o (__aeabi_dcmplt)
c:/program files (x86)/codesourcery/sourcery g++ lite/bin/../lib/gcc/arm-none-eabi/4.5.2/thumb2\libgcc.a(_arm_fixdfsi.o)
                              build/obj/cruise.o (__aeabi_d2iz)
c:/program files (x86)/codesourcery/sourcery g++ lite/bin/../lib/gcc/arm-none-eabi/4.5.2/thumb2\libgcc.a(_arm_fixunsdfsi.o)
                              build/obj/speed.o (__aeabi_d2uiz)
c:/program files (x86)/codesourcery/sourcery g++ lite/bin/../lib/gcc/arm-none-eabi/4.5.2/../../../../arm-none-eabi/lib/thumb2\libc.a(lib_a-asctime.o)
                              build/obj/console.o (asctime)
c:/program files (x86)/codesourcery/sourcery g++ lite/bin/../lib/gcc/arm-none-eabi/4.5.2/../../../../arm-none-eabi/lib/thumb2\libc.a(lib_a-asctime_r.o)
                              c:/program files (x86)/codesourcery/sourcery g++ lite/bin/../lib/gcc/arm-none-eabi/4.5.2/../../../../arm-none-eabi/lib/thumb2\libc.a(lib_a-asctime.o) (asctime_r)
c:/program files (x86)/codesourcery/sourcery g++ lite/bin/../lib/gcc/arm-none-eabi/4.5.2/../../../../arm-none-eabi/lib/thumb2\libc.a(lib_a-atol.o)
                              build/obj/console.o (atol)
c:/program files (x86)/codesourcery/sourcery g++ lite/bin/../lib/gcc/arm-none-eabi/4.5.2/../../../../arm-none-eabi/lib/thumb2\libc.a(lib_a-impure.o)
                              c:/program files (x86)/codesourcery/sourcery g++ lite/bin/../lib/gcc/arm-none-eabi/4.5.2/../../../../arm-none-eabi/lib/thumb2\libc.a(lib_a-asctime.o) (_impure_ptr)
c:/program files (x86)/codesourcery/sourcery g++ lite/bin/../lib/gcc/arm-none-eabi/4.5.2/../../../../arm-none-eabi/lib/thumb2\libc.a(lib_a-lcltime_r.o)
                              build/obj/chrtclib.o (localtime_r)
c:/program files (x86)/codesourcery/sourcery g++ lite/bin/../lib/gcc/arm-none-eabi/4.5.2/../../../../arm-none-eabi/lib/thumb2\libc.a(lib_a-malloc.o)
                              c:/program files (x86)/codesourcery/sourcery g++ lite/bin/../lib/gcc/arm-none-eabi/4.5.2/../../../../arm-none-eabi/lib/thumb2\libc.a(lib_a-asctime.o) (malloc)
c:/program files (x86)/codesourcery/sourcery g++ lite/bin/../lib/gcc/arm-none-eabi/4.5.2/../../../../arm-none-eabi/lib/thumb2\libc.a(lib_a-mallocr.o)
                              c:/program files (x86)/codesourcery/sourcery g++ lite/bin/../lib/gcc/arm-none-eabi/4.5.2/../../../../arm-none-eabi/lib/thumb2\libc.a(lib_a-malloc.o) (_malloc_r)
c:/program files (x86)/codesourcery/sourcery g++ lite/bin/../lib/gcc/arm-none-eabi/4.5.2/../../../../arm-none-eabi/lib/thumb2\libc.a(lib_a-memcmp.o)
                              build/obj/sdcard.o (memcmp)
c:/program files (x86)/codesourcery/sourcery g++ lite/bin/../lib/gcc/arm-none-eabi/4.5.2/../../../../arm-none-eabi/lib/thumb2\libc.a(lib_a-memcpy.o)
                              build/obj/sdc_lld.o (memcpy)
c:/program files (x86)/codesourcery/sourcery g++ lite/bin/../lib/gcc/arm-none-eabi/4.5.2/../../../../arm-none-eabi/lib/thumb2\libc.a(lib_a-memset.o)
                              build/obj/syscalls.o (memset)
c:/program files (x86)/codesourcery/sourcery g++ lite/bin/../lib/gcc/arm-none-eabi/4.5.2/../../../../arm-none-eabi/lib/thumb2\libc.a(lib_a-mktime.o)
                              build/obj/chrtclib.o (mktime)
c:/program files (x86)/codesourcery/sourcery g++ lite/bin/../lib/gcc/arm-none-eabi/4.5.2/../../../../arm-none-eabi/lib/thumb2\libc.a(lib_a-mktm_r.o)
                              c:/program files (x86)/codesourcery/sourcery g++ lite/bin/../lib/gcc/arm-none-eabi/4.5.2/../../../../arm-none-eabi/lib/thumb2\libc.a(lib_a-mktime.o) (__tzcalc_limits)
c:/program files (x86)/codesourcery/sourcery g++ lite/bin/../lib/gcc/arm-none-eabi/4.5.2/../../../../arm-none-eabi/lib/thumb2\libc.a(lib_a-mlock.o)
                              c:/program files (x86)/codesourcery/sourcery g++ lite/bin/../lib/gcc/arm-none-eabi/4.5.2/../../../../arm-none-eabi/lib/thumb2\libc.a(lib_a-mallocr.o) (__malloc_lock)
c:/program files (x86)/codesourcery/sourcery g++ lite/bin/../lib/gcc/arm-none-eabi/4.5.2/../../../../arm-none-eabi/lib/thumb2\libc.a(lib_a-reent.o)
                              build/obj/console.o (errno)
c:/program files (x86)/codesourcery/sourcery g++ lite/bin/../lib/gcc/arm-none-eabi/4.5.2/../../../../arm-none-eabi/lib/thumb2\libc.a(lib_a-sprintf.o)
[...]
Memory Configuration

Name             Origin             Length             Attributes
flash            0x08000000         0x00100000
ram              0x20000000         0x0001c000
ethram           0x2001c000         0x00004000
ccmram           0x10000000         0x00010000
*default*        0x00000000         0xffffffff

Linker script and memory map

LOAD build/obj/crt0.o
LOAD build/obj/vectors.o
LOAD build/obj/chcore.o
LOAD build/obj/chcore_v7m.o
LOAD build/obj/nvic.o
LOAD build/obj/chsys.o
LOAD build/obj/chdebug.o
LOAD build/obj/chlists.o
LOAD build/obj/chvt.o
LOAD build/obj/chschd.o
LOAD build/obj/chthreads.o
LOAD build/obj/chdynamic.o
LOAD build/obj/chregistry.o
LOAD build/obj/chsem.o
LOAD build/obj/chmtx.o
LOAD build/obj/chcond.o
LOAD build/obj/chevents.o
LOAD build/obj/chmsg.o
LOAD build/obj/chmboxes.o
LOAD build/obj/chqueues.o
LOAD build/obj/chmemcore.o
LOAD build/obj/chheap.o
LOAD build/obj/chmempools.o
LOAD build/obj/test.o
LOAD build/obj/testthd.o
LOAD build/obj/testsem.o
LOAD build/obj/testmtx.o
LOAD build/obj/testmsg.o
LOAD build/obj/testmbox.o
LOAD build/obj/testevt.o
LOAD build/obj/testheap.o
LOAD build/obj/testpools.o
LOAD build/obj/testdyn.o
LOAD build/obj/testqueues.o
LOAD build/obj/testbmk.o
LOAD build/obj/hal.o
LOAD build/obj/adc.o
LOAD build/obj/can.o
LOAD build/obj/ext.o
LOAD build/obj/gpt.o
LOAD build/obj/i2c.o
LOAD build/obj/icu.o
LOAD build/obj/mac.o
LOAD build/obj/mmc_spi.o
LOAD build/obj/mmcsd.o
LOAD build/obj/pal.o
LOAD build/obj/pwm.o
LOAD build/obj/rtc.o
LOAD build/obj/sdc.o
LOAD build/obj/serial.o
LOAD build/obj/serial_usb.o
LOAD build/obj/spi.o
LOAD build/obj/tm.o
LOAD build/obj/uart.o
LOAD build/obj/usb.o
LOAD build/obj/stm32_dma.o
LOAD build/obj/hal_lld.o
LOAD build/obj/adc_lld.o
LOAD build/obj/ext_lld_isr.o
LOAD build/obj/can_lld.o
LOAD build/obj/ext_lld.o
LOAD build/obj/gpt_lld.o
LOAD build/obj/icu_lld.o
LOAD build/obj/mac_lld.o
LOAD build/obj/pwm_lld.o
LOAD build/obj/sdc_lld.o
LOAD build/obj/serial_lld.o
LOAD build/obj/spi_lld.o
LOAD build/obj/pal_lld.o
LOAD build/obj/i2c_lld.o
LOAD build/obj/usb_lld.o
LOAD build/obj/rtc_lld.o
LOAD build/obj/uart_lld.o
LOAD build/obj/board.o
LOAD build/obj/fatfs_diskio.o
LOAD build/obj/fatfs_syscall.o
LOAD build/obj/ff.o
LOAD build/obj/ccsbcs.o
LOAD build/obj/evtimer.o
LOAD build/obj/syscalls.o
LOAD build/obj/shell.o
LOAD build/obj/chprintf.o
LOAD build/obj/chrtclib.o
LOAD build/obj/main.o
LOAD build/obj/console.o
LOAD build/obj/sdcard.o
LOAD build/obj/can_comm.o
LOAD build/obj/light.o
LOAD build/obj/speed.o
LOAD build/obj/meas.o
LOAD build/obj/cruise.o
START GROUP
LOAD c:/program files (x86)/codesourcery/sourcery g++ lite/bin/../lib/gcc/arm-none-eabi/4.5.2/thumb2\libgcc.a
LOAD c:/program files (x86)/codesourcery/sourcery g++ lite/bin/../lib/gcc/arm-none-eabi/4.5.2/../../../../arm-none-eabi/lib/thumb2\libc.a
END GROUP
                0x00000400                __main_stack_size__ = 0x400
                0x00000400                __process_stack_size__ = 0x400
                0x20000000                __ram_start__ = 0x20000000
                0x0001c000                __ram_size__ = 0x1c000
                0x2001c000                __ram_end__ = (__ram_start__ + __ram_size__)
                0x00000000                . = 0x0
                0x00000000                _text = .

startup         0x08000000      0x188
 *(vectors)
 vectors        0x08000000      0x188 build/obj/vectors.o
                0x08000000                _vectors

constructors    0x08000188        0x0
                0x08000188                PROVIDE (__init_array_start, .)
 *(SORT(.init_array.*))
 *(.init_array)
                0x08000188                PROVIDE (__init_array_end, .)

destructors     0x08000188        0x0
                0x08000188                PROVIDE (__fini_array_start, .)
 *(.fini_array)
 *(SORT(.fini_array.*))
                0x08000188                PROVIDE (__fini_array_end, .)

.text           0x08000190    0x184c8
 *(.text.startup.*)
 *(.text)
 .text          0x08000190      0x370 c:/program files (x86)/codesourcery/sourcery g++ lite/bin/../lib/gcc/arm-none-eabi/4.5.2/thumb2\libgcc.a(_arm_addsubdf3.o)
                0x08000190                __aeabi_drsub
                0x08000198                __aeabi_dsub
                0x08000198                __subdf3
                0x0800019c                __aeabi_dadd
                0x0800019c                __adddf3
                0x08000414                __floatunsidf
                0x08000414                __aeabi_ui2d
                0x08000434                __floatsidf
                0x08000434                __aeabi_i2d
                0x08000458                __aeabi_f2d
                0x08000458                __extendsfdf2
                0x08000494                __floatundidf
                0x08000494                __aeabi_ul2d
                0x080004a4                __floatdidf
                0x080004a4                __aeabi_l2d
 .text          0x08000500      0x424 c:/program files (x86)/codesourcery/sourcery g++ lite/bin/../lib/gcc/arm-none-eabi/4.5.2/thumb2\libgcc.a(_arm_muldivdf3.o)
                0x08000500                __aeabi_dmul
                0x08000500                __muldf3
                0x08000754                __divdf3
                0x08000754                __aeabi_ddiv
 *fill*         0x08000924        0xc 00
 .text          0x08000930      0x110 c:/program files (x86)/codesourcery/sourcery g++ lite/bin/../lib/gcc/arm-none-eabi/4.5.2/thumb2\libgcc.a(_arm_cmpdf2.o)
                0x08000930                __gtdf2
                0x08000930                __gedf2
                0x08000938                __ltdf2
                0x08000938                __ledf2
                0x08000940                __nedf2
                0x08000940                __eqdf2
                0x08000940                __cmpdf2
                0x080009bc                __aeabi_cdrcmple
                0x080009cc                __aeabi_cdcmpeq
                0x080009cc                __aeabi_cdcmple
                0x080009dc                __aeabi_dcmpeq
                0x080009f0                __aeabi_dcmplt
                0x08000a04                __aeabi_dcmple
                0x08000a18                __aeabi_dcmpge
                0x08000a2c                __aeabi_dcmpgt
 .text          0x08000a40       0x50 c:/program files (x86)/codesourcery/sourcery g++ lite/bin/../lib/gcc/arm-none-eabi/4.5.2/thumb2\libgcc.a(_arm_fixdfsi.o)
                0x08000a40                __aeabi_d2iz
                0x08000a40                __fixdfsi
 .text          0x08000a90       0x40 c:/program files (x86)/codesourcery/sourcery g++ lite/bin/../lib/gcc/arm-none-eabi/4.5.2/thumb2\libgcc.a(_arm_fixunsdfsi.o)
                0x08000a90                __aeabi_d2uiz
                0x08000a90                __fixunsdfsi
 .text          0x08000ad0       0x3c c:/program files (x86)/codesourcery/sourcery g++ lite/bin/../lib/gcc/arm-none-eabi/4.5.2/../../../../arm-none-eabi/lib/thumb2\libc.a(lib_a-asctime.o)
                0x08000ad0                asctime
 *fill*         0x08000b0c        0x4 00
 .text          0x08000b10       0x60 c:/program files (x86)/codesourcery/sourcery g++ lite/bin/../lib/gcc/arm-none-eabi/4.5.2/../../../../arm-none-eabi/lib/thumb2\libc.a(lib_a-asctime_r.o)
                0x08000b10                asctime_r
 .text          0x08000b70       0x10 c:/program files (x86)/codesourcery/sourcery g++ lite/bin/../lib/gcc/arm-none-eabi/4.5.2/../../../../arm-none-eabi/lib/thumb2\libc.a(lib_a-atol.o)
                0x08000b70                atol
                0x08000b78                _atol_r
 .text          0x08000b80        0x8 c:/program files (x86)/codesourcery/sourcery g++ lite/bin/../lib/gcc/arm-none-eabi/4.5.2/../../../../arm-none-eabi/lib/thumb2\libc.a(lib_a-lcltime_r.o)
                0x08000b80                localtime_r
 *fill*         0x08000b88        0x8 00
 .text          0x08000b90       0x20 c:/program files (x86)/codesourcery/sourcery g++ lite/bin/../lib/gcc/arm-none-eabi/4.5.2/../../../../arm-none-eabi/lib/thumb2\libc.a(lib_a-malloc.o)
                0x08000b90                malloc
                0x08000ba0                free
 .text          0x08000bb0      0x57c c:/program files (x86)/codesourcery/sourcery g++ lite/bin/../lib/gcc/arm-none-eabi/4.5.2/../../../../arm-none-eabi/lib/thumb2\libc.a(lib_a-mallocr.o)
                0x08000bb0                _malloc_r
 *fill*         0x0800112c        0x4 00
 .text          0x08001130       0x64 c:/program files (x86)/codesourcery/sourcery g++ lite/bin/../lib/gcc/arm-none-eabi/4.5.2/../../../../arm-none-eabi/lib/thumb2\libc.a(lib_a-memcmp.o)
                0x08001130                memcmp
 *fill*         0x08001194        0xc 00
 .text          0x080011a0      0x150 c:/program files (x86)/codesourcery/sourcery g++ lite/bin/../lib/gcc/arm-none-eabi/4.5.2/../../../../arm-none-eabi/lib/thumb2\libc.a(lib_a-memcpy.o)
                0x080011a0                memcpy
 .text          0x080012f0       0xb4 c:/program files (x86)/codesourcery/sourcery g++ lite/bin/../lib/gcc/arm-none-eabi/4.5.2/../../../../arm-none-eabi/lib/thumb2\libc.a(lib_a-memset.o)
                0x080012f0                memset
 *fill*         0x080013a4        0xc 00
 .text          0x080013b0      0x520 c:/program files (x86)/codesourcery/sourcery g++ lite/bin/../lib/gcc/arm-none-eabi/4.5.2/../../../../arm-none-eabi/lib/thumb2\libc.a(lib_a-mktime.o)
                0x080015fc                mktime
 .text          0x080018d0      0x514 c:/program files (x86)/codesourcery/sourcery g++ lite/bin/../lib/gcc/arm-none-eabi/4.5.2/../../../../arm-none-eabi/lib/thumb2\libc.a(lib_a-mktm_r.o)
                0x080018d0                __tzcalc_limits
                0x08001a54                _mktm_r
 *fill*         0x08001de4        0xc 00
 .text          0x08001df0        0x8 c:/program files (x86)/codesourcery/sourcery g++ lite/bin/../lib/gcc/arm-none-eabi/4.5.2/../../../../arm-none-eabi/lib/thumb2\libc.a(lib_a-mlock.o)
                0x08001df0                __malloc_lock
                0x08001df4                __malloc_unlock
 *fill*         0x08001df8        0x8 00
 .text          0x08001e00       0x94 c:/program files (x86)/codesourcery/sourcery g++ lite/bin/../lib/gcc/arm-none-eabi/4.5.2/../../../../arm-none-eabi/lib/thumb2\libc.a(lib_a-sprintf.o)
                0x08001e00                _sprintf_r
                0x08001e44                sprintf
 *fill*         0x08001e94        0xc 00
 .text          0x08001ea0       0x48 c:/program files (x86)/codesourcery/sourcery g++ lite/bin/../lib/gcc/arm-none-eabi/4.5.2/../../../../arm-none-eabi/lib/thumb2\libc.a(lib_a-strcasecmp.o)
                0x08001ea0                strcasecmp
 *fill*         0x08001ee8        0x8 00
 .text          0x08001ef0      0x10c c:/program files (x86)/codesourcery/sourcery g++ lite/bin/../lib/gcc/arm-none-eabi/4.5.2/../../../../arm-none-eabi/lib/thumb2\libc.a(lib_a-strchr.o)
                0x08001ef0                strchr
 *fill*         0x08001ffc        0x4 00
 .text          0x08002000      0x1dc c:/program files (x86)/codesourcery/sourcery g++ lite/bin/../lib/gcc/arm-none-eabi/4.5.2/../../../../arm-none-eabi/lib/thumb2\libc.a(lib_a-strcmp.o)
                0x08002000                strcmp
 *fill*         0x080021dc        0x4 00
 .text          0x080021e0       0xbc c:/program files (x86)/codesourcery/sourcery g++ lite/bin/../lib/gcc/arm-none-eabi/4.5.2/../../../../arm-none-eabi/lib/thumb2\libc.a(lib_a-strcpy.o)
                0x080021e0                strcpy
 *fill*         0x0800229c        0x4 00
 .text          0x080022a0       0x60 c:/program files (x86)/codesourcery/sourcery g++ lite/bin/../lib/gcc/arm-none-eabi/4.5.2/../../../../arm-none-eabi/lib/thumb2\libc.a(lib_a-strlen.o)
                0x080022a0                strlen
 .text          0x08002300       0x38 c:/program files (x86)/codesourcery/sourcery g++ lite/bin/../lib/gcc/arm-none-eabi/4.5.2/../../../../arm-none-eabi/lib/thumb2\libc.a(lib_a-strspn.o)
                0x08002300                strspn
 *fill*         0x08002338        0x8 00
 .text          0x08002340      0x17c c:/program files (x86)/codesourcery/sourcery g++ lite/bin/../lib/gcc/arm-none-eabi/4.5.2/../../../../arm-none-eabi/lib/thumb2\libc.a(lib_a-strtol.o)
                0x08002340                _strtol_r
                0x080024a4                strtol
 *fill*         0x080024bc        0x4 00
 .text          0x080024c0     0x1640 c:/program files (x86)/codesourcery/sourcery g++ lite/bin/../lib/gcc/arm-none-eabi/4.5.2/../../../../arm-none-eabi/lib/thumb2\libc.a(lib_a-svfprintf.o)
                0x080024c0                _svfprintf_r
 .text          0x08003b00        0x8 c:/program files (x86)/codesourcery/sourcery g++ lite/bin/../lib/gcc/arm-none-eabi/4.5.2/../../../../arm-none-eabi/lib/thumb2\libc.a(lib_a-tzlock.o)
                0x08003b00                __tz_lock
                0x08003b04                __tz_unlock
 *fill*         0x08003b08        0x8 00
 .text          0x08003b10       0x48 c:/program files (x86)/codesourcery/sourcery g++ lite/bin/../lib/gcc/arm-none-eabi/4.5.2/../../../../arm-none-eabi/lib/thumb2\libc.a(lib_a-div.o)
                0x08003b10                div
 *fill*         0x08003b58        0x8 00
 .text          0x08003b60      0xfe8 c:/program files (x86)/codesourcery/sourcery g++ lite/bin/../lib/gcc/arm-none-eabi/4.5.2/../../../../arm-none-eabi/lib/thumb2\libc.a(lib_a-dtoa.o)
                0x08003c8c                _dtoa_r
 *fill*         0x08004b48        0x8 00
 .text          0x08004b50      0x240 c:/program files (x86)/codesourcery/sourcery g++ lite/bin/../lib/gcc/arm-none-eabi/4.5.2/../../../../arm-none-eabi/lib/thumb2\libc.a(lib_a-freer.o)
                0x08004b50                _malloc_trim_r
                0x08004bf8                _free_r
 .text          0x08004d90        0xc c:/program files (x86)/codesourcery/sourcery g++ lite/bin/../lib/gcc/arm-none-eabi/4.5.2/../../../../arm-none-eabi/lib/thumb2\libc.a(lib_a-gettzinfo.o)
                0x08004d90                __gettzinfo
 *fill*         0x08004d9c        0x4 00
 .text          0x08004da0       0xa0 c:/program files (x86)/codesourcery/sourcery g++ lite/bin/../lib/gcc/arm-none-eabi/4.5.2/../../../../arm-none-eabi/lib/thumb2\libc.a(lib_a-locale.o)
                0x08004da0                _setlocale_r
                0x08004dfc                __locale_charset
                0x08004e08                __locale_mb_cur_max
                0x08004e14                __locale_msgcharset
                0x08004e1c                __locale_cjk_lang
                0x08004e20                _localeconv_r
                0x08004e28                setlocale
                0x08004e38                localeconv
 .text          0x08004e40       0x8c c:/program files (x86)/codesourcery/sourcery g++ lite/bin/../lib/gcc/arm-none-eabi/4.5.2/../../../../arm-none-eabi/lib/thumb2\libc.a(lib_a-memchr.o)
                0x08004e40                memchr
 *fill*         0x08004ecc        0x4 00
 .text          0x08004ed0      0x91c c:/program files (x86)/codesourcery/sourcery g++ lite/bin/../lib/gcc/arm-none-eabi/4.5.2/../../../../arm-none-eabi/lib/thumb2\libc.a(lib_a-mprec.o)
                0x08004ed0                _Balloc
                0x08004f38                _Bfree
                0x08004f70                __multadd
                0x08004ff4                __s2b
                0x0800508c                __hi0bits
                0x080050cc                __lo0bits
                0x08005130                __i2b
                0x08005144                __multiply
                0x0800526c                __pow5mult
                0x08005310                __lshift
                0x080053bc                __mcmp
                0x080053f8                __mdiff
                0x080054f0                __ulp
                0x08005538                __b2d
                0x080055e4                __d2b
                0x080056ac                __ratio
                0x08005714                _mprec_log10
                0x08005748                __copybits
                0x08005790                __any_on
 *fill*         0x080057ec        0x4 00
 .text          0x080057f0       0x90 c:/program files (x86)/codesourcery/sourcery g++ lite/bin/../lib/gcc/arm-none-eabi/4.5.2/../../../../arm-none-eabi/lib/thumb2\libc.a(lib_a-s_fpclassify.o)
                0x080057f0                __fpclassifyd
 .text          0x08005880      0xbe8 c:/program files (x86)/codesourcery/sourcery g++ lite/bin/../lib/gcc/arm-none-eabi/4.5.2/../../../../arm-none-eabi/lib/thumb2\libc.a(lib_a-svfiprintf.o)
                0x08005880                __ssprint_r
                0x08005988                _svfiprintf_r
 *fill*         0x08006468        0x8 00
 .text          0x08006470       0x5c c:/program files (x86)/codesourcery/sourcery g++ lite/bin/../lib/gcc/arm-none-eabi/4.5.2/../../../../arm-none-eabi/lib/thumb2\libc.a(lib_a-callocr.o)
                0x08006470                _calloc_r
 *fill*         0x080064cc        0x4 00
 .text          0x080064d0       0xb4 c:/program files (x86)/codesourcery/sourcery g++ lite/bin/../lib/gcc/arm-none-eabi/4.5.2/../../../../arm-none-eabi/lib/thumb2\libc.a(lib_a-memmove.o)
                0x080064d0                memmove
 *fill*         0x08006584        0xc 00
 .text          0x08006590      0x41c c:/program files (x86)/codesourcery/sourcery g++ lite/bin/../lib/gcc/arm-none-eabi/4.5.2/../../../../arm-none-eabi/lib/thumb2\libc.a(lib_a-reallocr.o)
                0x08006590                _realloc_r
 *fill*         0x080069ac        0x4 00
 .text          0x080069b0      0x278 c:/program files (x86)/codesourcery/sourcery g++ lite/bin/../lib/gcc/arm-none-eabi/4.5.2/thumb2\libgcc.a(_udivsi3.o)
                0x080069b0                __aeabi_uidiv
                0x080069b0                __udivsi3
                0x08006c0c                __aeabi_uidivmod
 *fill*         0x08006c28        0x8 00
 .text          0x08006c30      0x2b0 c:/program files (x86)/codesourcery/sourcery g++ lite/bin/../lib/gcc/arm-none-eabi/4.5.2/thumb2\libgcc.a(_divsi3.o)
                0x08006c30                __divsi3
                0x08006c30                __aeabi_idiv
                0x08006ec4                __aeabi_idivmod
 .text          0x08006ee0        0x4 c:/program files (x86)/codesourcery/sourcery g++ lite/bin/../lib/gcc/arm-none-eabi/4.5.2/thumb2\libgcc.a(_dvmd_tls.o)
                0x08006ee0                __aeabi_idiv0
                0x08006ee0                __aeabi_ldiv0
 *fill*         0x08006ee4        0xc 00
 .text          0x08006ef0       0x2c c:/program files (x86)/codesourcery/sourcery g++ lite/bin/../lib/gcc/arm-none-eabi/4.5.2/thumb2\libgcc.a(_aeabi_uldivmod.o)
                0x08006ef0                __aeabi_uldivmod
 *fill*         0x08006f1c        0x4 00
 .text          0x08006f20       0x60 c:/program files (x86)/codesourcery/sourcery g++ lite/bin/../lib/gcc/arm-none-eabi/4.5.2/thumb2\libgcc.a(bpabi.o)
                0x08006f20                __gnu_ldivmod_helper
                0x08006f50                __gnu_uldivmod_helper
 .text          0x08006f80      0x360 c:/program files (x86)/codesourcery/sourcery g++ lite/bin/../lib/gcc/arm-none-eabi/4.5.2/thumb2\libgcc.a(_divdi3.o)
                0x08006f80                __divdi3
 .text          0x080072e0      0x308 c:/program files (x86)/codesourcery/sourcery g++ lite/bin/../lib/gcc/arm-none-eabi/4.5.2/thumb2\libgcc.a(_udivdi3.o)
                0x080072e0                __udivdi3
 *(.text.*)
 *fill*         0x080075e8        0x8 00
 .text.__late_init
                0x080075f0       0x10 build/obj/crt0.o
                0x080075f0                __late_init
 .text._default_exit
                0x08007600       0x10 build/obj/crt0.o
                0x08007600                _default_exit
 .text.ResetHandler
                0x08007610      0x1d0 build/obj/crt0.o
                0x08007610                ResetHandler
 .text._unhandled_exception
                0x080077e0       0x10 build/obj/vectors.o
                0x080077e0                Vector58
                0x080077e0                VectorE8
                0x080077e0                Vector9C
                0x080077e0                Vector5C
                0x080077e0                NMIVector
                0x080077e0                Vector11C
                0x080077e0                VectorDC
                0x080077e0                Vector168
                0x080077e0                Vector110
                0x080077e0                VectorC8
                0x080077e0                VectorA8
                0x080077e0                VectorB4
                0x080077e0                Vector160
                0x080077e0                VectorEC
                0x080077e0                UsageFaultVector
                0x080077e0                DebugMonitorVector
                0x080077e0                Vector40
                0x080077e0                VectorF8
                0x080077e0                Vector148
                0x080077e0                PendSVVector
                0x080077e0                Vector118
                0x080077e0                Vector64
                0x080077e0                VectorCC
                0x080077e0                Vector54
                0x080077e0                VectorD8
                0x080077e0                Vector138
                0x080077e0                Vector24
                0x080077e0                Vector178
                0x080077e0                BusFaultVector
                0x080077e0                VectorD0
                0x080077e0                Vector140
                0x080077e0                VectorE4
                0x080077e0                HardFaultVector
                0x080077e0                Vector134
                0x080077e0                VectorF0
                0x080077e0                Vector13C
                0x080077e0                Vector100
                0x080077e0                VectorE0
                0x080077e0                VectorF4
                0x080077e0                MemManageVector
                0x080077e0                VectorA0
                0x080077e0                VectorC4
                0x080077e0                Vector180
                0x080077e0                VectorB0
                0x080077e0                Vector114
                0x080077e0                Vector164
                0x080077e0                Vector60
                0x080077e0                Vector1C
                0x080077e0                Vector17C
                0x080077e0                Vector48
                0x080077e0                Vector16C
                0x080077e0                Vector4C
                0x080077e0                Vector144
                0x080077e0                Vector15C
                0x080077e0                Vector68
                0x080077e0                _unhandled_exception
                0x080077e0                Vector170
                0x080077e0                Vector184
                0x080077e0                Vector10C
                0x080077e0                Vector50
                0x080077e0                Vector44
                0x080077e0                Vector28
                0x080077e0                Vector34
                0x080077e0                Vector20
                0x080077e0                Vector174
 .text.port_halt
                0x080077f0       0x10 build/obj/chcore.o
                0x080077f0                port_halt
 .text._port_switch_from_isr
                0x08007800       0x10 build/obj/chcore_v7m.o
                0x08007800                _port_switch_from_isr
 .text.SVCallVector
                0x08007810       0x20 build/obj/chcore_v7m.o
                0x08007810                SVCallVector
 .text._port_init
                0x08007830       0x40 build/obj/chcore_v7m.o
                0x08007830                _port_init
 .text._port_irq_epilogue
                0x08007870       0x70 build/obj/chcore_v7m.o
                0x08007870                _port_irq_epilogue
 .text.SysTickVector
                0x080078e0       0x20 build/obj/chcore_v7m.o
                0x080078e0                SysTickVector
 .text._port_switch
                0x08007900       0x10 build/obj/chcore_v7m.o
                0x08007900                _port_switch
 .text._port_thread_start
                0x08007910       0x10 build/obj/chcore_v7m.o
                0x08007910                _port_thread_start
 .text.nvicEnableVector
                0x08007920       0x50 build/obj/nvic.o
                0x08007920                nvicEnableVector
 .text.nvicSetSystemHandlerPriority
                0x08007970       0x30 build/obj/nvic.o
                0x08007970                nvicSetSystemHandlerPriority
 .text._idle_thread
                0x080079a0       0x20 build/obj/chsys.o
                0x080079a0                _idle_thread
 .text.chSysInit
                0x080079c0       0x60 build/obj/chsys.o
                0x080079c0                chSysInit
 .text.chSysTimerHandlerI
                0x08007a20       0x60 build/obj/chsys.o
                0x08007a20                chSysTimerHandlerI
 .text._vt_init
                0x08007a80       0x20 build/obj/chvt.o
                0x08007a80                _vt_init
 .text.chVTSetI
                0x08007aa0       0x40 build/obj/chvt.o
                0x08007aa0                chVTSetI
 .text.chVTResetI
                0x08007ae0       0x30 build/obj/chvt.o
                0x08007ae0                chVTResetI
 .text.chTimeIsWithin
                0x08007b10       0x30 build/obj/chvt.o
                0x08007b10                chTimeIsWithin
 .text.wakeup   0x08007b40       0x70 build/obj/chschd.o
 .text._scheduler_init
                0x08007bb0       0x20 build/obj/chschd.o
                0x08007bb0                _scheduler_init
 .text.chSchReadyI
                0x08007bd0       0x20 build/obj/chschd.o
                0x08007bd0                chSchReadyI
 .text.chSchGoSleepS
                0x08007bf0       0x30 build/obj/chschd.o
                0x08007bf0                chSchGoSleepS
 .text.chSchGoSleepTimeoutS
                0x08007c20       0x40 build/obj/chschd.o
                0x08007c20                chSchGoSleepTimeoutS
 .text.chSchWakeupS
                0x08007c60       0x60 build/obj/chschd.o
                0x08007c60                chSchWakeupS
 .text.chSchDoRescheduleBehind
                0x08007cc0       0x40 build/obj/chschd.o
                0x08007cc0                chSchDoRescheduleBehind
 .text.chSchDoRescheduleAhead
                0x08007d00       0x40 build/obj/chschd.o
                0x08007d00                chSchDoRescheduleAhead
 .text.chSchRescheduleS
                0x08007d40       0x20 build/obj/chschd.o
                0x08007d40                chSchRescheduleS
 .text.chSchDoReschedule
                0x08007d60       0x20 build/obj/chschd.o
                0x08007d60                chSchDoReschedule
 .text._thread_init
                0x08007d80       0x40 build/obj/chthreads.o
                0x08007d80                _thread_init
 .text.chThdCreateI
                0x08007dc0       0x60 build/obj/chthreads.o
                0x08007dc0                chThdCreateI
 .text.chThdCreateStatic
                0x08007e20       0x30 build/obj/chthreads.o
                0x08007e20                chThdCreateStatic
 .text.chThdSetPriority
                0x08007e50       0x30 build/obj/chthreads.o
                0x08007e50                chThdSetPriority
 .text.chThdResume
                0x08007e80       0x20 build/obj/chthreads.o
                0x08007e80                chThdResume
 .text.chThdTerminate
                0x08007ea0       0x20 build/obj/chthreads.o
                0x08007ea0                chThdTerminate
 .text.chThdSleep
                0x08007ec0       0x20 build/obj/chthreads.o
                0x08007ec0                chThdSleep
 .text.chThdSleepUntil
                0x08007ee0       0x30 build/obj/chthreads.o
                0x08007ee0                chThdSleepUntil
 .text.chThdYield
                0x08007f10       0x30 build/obj/chthreads.o
                0x08007f10                chThdYield
 .text.chThdExitS
                0x08007f40       0x40 build/obj/chthreads.o
                0x08007f40                chThdExitS
 .text.chThdExit
                0x08007f80       0x10 build/obj/chthreads.o
                0x08007f80                chThdExit
 .text.chThdWait
                0x08007f90       0x40 build/obj/chthreads.o
                0x08007f90                chThdWait
 .text.chThdAddRef
                0x08007fd0       0x20 build/obj/chdynamic.o
                0x08007fd0                chThdAddRef
 .text.chThdRelease
                0x08007ff0       0x50 build/obj/chdynamic.o
                0x08007ff0                chThdRelease
 .text.chThdCreateFromHeap
                0x08008040       0x40 build/obj/chdynamic.o
                0x08008040                chThdCreateFromHeap
 .text.chThdCreateFromMemoryPool
                0x08008080       0x50 build/obj/chdynamic.o
                0x08008080                chThdCreateFromMemoryPool
 .text.chRegFirstThread
                0x080080d0       0x20 build/obj/chregistry.o
                0x080080d0                chRegFirstThread
 .text.chRegNextThread
                0x080080f0       0x40 build/obj/chregistry.o
                0x080080f0                chRegNextThread
 .text.chSemInit
                0x08008130       0x10 build/obj/chsem.o
                0x08008130                chSemInit
 .text.chSemResetI
                0x08008140       0x70 build/obj/chsem.o
                0x08008140                chSemResetI
 .text.chSemReset
                0x080081b0       0x20 build/obj/chsem.o
                0x080081b0                chSemReset
 .text.chSemWaitS
                0x080081d0       0x40 build/obj/chsem.o
                0x080081d0                chSemWaitS
 .text.chSemWait
                0x08008210       0x20 build/obj/chsem.o
                0x08008210                chSemWait
 .text.chSemWaitTimeoutS
                0x08008230       0x40 build/obj/chsem.o
                0x08008230                chSemWaitTimeoutS
 .text.chSemWaitTimeout
                0x08008270       0x20 build/obj/chsem.o
                0x08008270                chSemWaitTimeout
 .text.chSemSignal
                0x08008290       0x40 build/obj/chsem.o
                0x08008290                chSemSignal
 .text.chSemSignalI
                0x080082d0       0x20 build/obj/chsem.o
                0x080082d0                chSemSignalI
 .text.chSemAddCounterI
                0x080082f0       0xa0 build/obj/chsem.o
                0x080082f0                chSemAddCounterI
 .text.chSemSignalWait
                0x08008390       0x70 build/obj/chsem.o
                0x08008390                chSemSignalWait
 .text.chMtxInit
                0x08008400       0x10 build/obj/chmtx.o
                0x08008400                chMtxInit
 .text.chMtxLockS
                0x08008410       0xd0 build/obj/chmtx.o
                0x08008410                chMtxLockS
 .text.chMtxLock
                0x080084e0       0x20 build/obj/chmtx.o
                0x080084e0                chMtxLock
 .text.chMtxTryLock
                0x08008500       0x30 build/obj/chmtx.o
                0x08008500                chMtxTryLock
 .text.chMtxUnlock
                0x08008530       0x70 build/obj/chmtx.o
                0x08008530                chMtxUnlock
 .text.chMtxUnlockS
                0x080085a0       0x50 build/obj/chmtx.o
                0x080085a0                chMtxUnlockS
 .text.chMtxUnlockAll
                0x080085f0       0x60 build/obj/chmtx.o
                0x080085f0                chMtxUnlockAll
 .text.chCondInit
                0x08008650       0x10 build/obj/chcond.o
                0x08008650                chCondInit
 .text.chCondSignal
                0x08008660       0x30 build/obj/chcond.o
                0x08008660                chCondSignal
 .text.chCondSignalI
                0x08008690       0x20 build/obj/chcond.o
                0x08008690                chCondSignalI
 .text.chCondBroadcastI
                0x080086b0       0x30 build/obj/chcond.o
                0x080086b0                chCondBroadcastI
 .text.chCondBroadcast
                0x080086e0       0x20 build/obj/chcond.o
                0x080086e0                chCondBroadcast
 .text.chCondWaitS
                0x08008700       0x50 build/obj/chcond.o
                0x08008700                chCondWaitS
 .text.chCondWait
                0x08008750       0x20 build/obj/chcond.o
                0x08008750                chCondWait
 .text.chCondWaitTimeoutS
                0x08008770       0x60 build/obj/chcond.o
                0x08008770                chCondWaitTimeoutS
 .text.chCondWaitTimeout
                0x080087d0       0x20 build/obj/chcond.o
                0x080087d0                chCondWaitTimeout
 .text.chEvtRegisterMask
                0x080087f0       0x30 build/obj/chevents.o
                0x080087f0                chEvtRegisterMask
 .text.chEvtUnregister
                0x08008820       0x30 build/obj/chevents.o
                0x08008820                chEvtUnregister
 .text.chEvtGetAndClearEvents
                0x08008850       0x20 build/obj/chevents.o
                0x08008850                chEvtGetAndClearEvents
 .text.chEvtAddEvents
                0x08008870       0x20 build/obj/chevents.o
                0x08008870                chEvtAddEvents
 .text.chEvtSignalI
                0x08008890       0x40 build/obj/chevents.o
                0x08008890                chEvtSignalI
 .text.chEvtSignal
                0x080088d0       0x20 build/obj/chevents.o
                0x080088d0                chEvtSignal
 .text.chEvtBroadcastFlagsI
                0x080088f0       0x30 build/obj/chevents.o
                0x080088f0                chEvtBroadcastFlagsI
 .text.chEvtBroadcastFlags
                0x08008920       0x20 build/obj/chevents.o
                0x08008920                chEvtBroadcastFlags
 .text.chEvtDispatch
                0x08008940       0x40 build/obj/chevents.o
                0x08008940                chEvtDispatch
 .text.chEvtWaitOne
                0x08008980       0x40 build/obj/chevents.o
                0x08008980                chEvtWaitOne
 .text.chEvtWaitAny
                0x080089c0       0x40 build/obj/chevents.o
                0x080089c0                chEvtWaitAny
 .text.chEvtWaitAll
                0x08008a00       0x40 build/obj/chevents.o
                0x08008a00                chEvtWaitAll
 .text.chEvtWaitOneTimeout
                0x08008a40       0x60 build/obj/chevents.o
                0x08008a40                chEvtWaitOneTimeout
 .text.chEvtWaitAnyTimeout
                0x08008aa0       0x50 build/obj/chevents.o
                0x08008aa0                chEvtWaitAnyTimeout
 .text.chEvtWaitAllTimeout
                0x08008af0       0x50 build/obj/chevents.o
                0x08008af0                chEvtWaitAllTimeout
 .text.chMsgSend
                0x08008b40       0x50 build/obj/chmsg.o
                0x08008b40                chMsgSend
 .text.chMsgWait
                0x08008b90       0x40 build/obj/chmsg.o
                0x08008b90                chMsgWait
 .text.chMsgRelease
                0x08008bd0       0x20 build/obj/chmsg.o
                0x08008bd0                chMsgRelease
 .text.chMBInit
                0x08008bf0       0x30 build/obj/chmboxes.o
                0x08008bf0                chMBInit
 .text.chMBReset
                0x08008c20       0x40 build/obj/chmboxes.o
                0x08008c20                chMBReset
 .text.chMBPostS
                0x08008c60       0x40 build/obj/chmboxes.o
                0x08008c60                chMBPostS
 .text.chMBPost
                0x08008ca0       0x20 build/obj/chmboxes.o
                0x08008ca0                chMBPost
 .text.chMBPostI
                0x08008cc0       0x30 build/obj/chmboxes.o
                0x08008cc0                chMBPostI
 .text.chMBPostAheadS
                0x08008cf0       0x40 build/obj/chmboxes.o
                0x08008cf0                chMBPostAheadS
 .text.chMBPostAhead
                0x08008d30       0x20 build/obj/chmboxes.o
                0x08008d30                chMBPostAhead
 .text.chMBPostAheadI
                0x08008d50       0x30 build/obj/chmboxes.o
                0x08008d50                chMBPostAheadI
 .text.chMBFetchS
                0x08008d80       0x40 build/obj/chmboxes.o
                0x08008d80                chMBFetchS
 .text.chMBFetch
                0x08008dc0       0x20 build/obj/chmboxes.o
                0x08008dc0                chMBFetch
 .text.chMBFetchI
                0x08008de0       0x40 build/obj/chmboxes.o
                0x08008de0                chMBFetchI
 .text.qwait    0x08008e20       0x30 build/obj/chqueues.o
 .text.chIQInit
                0x08008e50       0x20 build/obj/chqueues.o
                0x08008e50                chIQInit
 .text.chIQResetI
                0x08008e70       0x30 build/obj/chqueues.o
                0x08008e70                chIQResetI
 .text.chIQPutI
                0x08008ea0       0x50 build/obj/chqueues.o
                0x08008ea0                chIQPutI
 .text.chIQGetTimeout
                0x08008ef0       0x50 build/obj/chqueues.o
                0x08008ef0                chIQGetTimeout
 .text.chIQReadTimeout
                0x08008f40       0x80 build/obj/chqueues.o
                0x08008f40                chIQReadTimeout
 .text.chOQInit
                0x08008fc0       0x20 build/obj/chqueues.o
                0x08008fc0                chOQInit
 .text.chOQResetI
                0x08008fe0       0x30 build/obj/chqueues.o
                0x08008fe0                chOQResetI
 .text.chOQPutTimeout
                0x08009010       0x50 build/obj/chqueues.o
                0x08009010                chOQPutTimeout
 .text.chOQGetI
                0x08009060       0x50 build/obj/chqueues.o
                0x08009060                chOQGetI
 .text.chOQWriteTimeout
                0x080090b0       0x80 build/obj/chqueues.o
                0x080090b0                chOQWriteTimeout
 .text._core_init
                0x08009130       0x30 build/obj/chmemcore.o
                0x08009130                _core_init
 .text.chCoreAlloc
                0x08009160       0x40 build/obj/chmemcore.o
                0x08009160                chCoreAlloc
 .text.chCoreStatus
                0x080091a0       0x20 build/obj/chmemcore.o
                0x080091a0                chCoreStatus
 .text._heap_init
                0x080091c0       0x20 build/obj/chheap.o
                0x080091c0                _heap_init
 .text.chHeapInit
                0x080091e0       0x20 build/obj/chheap.o
                0x080091e0                chHeapInit
 .text.chHeapAlloc
                0x08009200       0x90 build/obj/chheap.o
                0x08009200                chHeapAlloc
 .text.chHeapFree
                0x08009290       0x90 build/obj/chheap.o
                0x08009290                chHeapFree
 .text.chHeapStatus
                0x08009320       0x40 build/obj/chheap.o
                0x08009320                chHeapStatus
 .text.chPoolInit
                0x08009360       0x10 build/obj/chmempools.o
                0x08009360                chPoolInit
 .text.chPoolLoadArray
                0x08009370       0x80 build/obj/chmempools.o
                0x08009370                chPoolLoadArray
 .text.chPoolAlloc
                0x080093f0       0x30 build/obj/chmempools.o
                0x080093f0                chPoolAlloc
 .text.chPoolFree
                0x08009420       0x20 build/obj/chmempools.o
                0x08009420                chPoolFree
 .text.tmr      0x08009440       0x10 build/obj/test.o
 .text.print_line
                0x08009450       0x40 build/obj/test.o
 .text.test_printn
                0x08009490       0x90 build/obj/test.o
                0x08009490                test_printn
 .text.test_print
                0x08009520       0x20 build/obj/test.o
                0x08009520                test_print
 .text.test_println
                0x08009540       0x20 build/obj/test.o
                0x08009540                test_println
 .text.test_emit_token
                0x08009560       0x20 build/obj/test.o
                0x08009560                test_emit_token
 .text._test_assert
                0x08009580       0x30 build/obj/test.o
                0x08009580                _test_assert
 .text._test_assert_sequence
                0x080095b0       0x80 build/obj/test.o
                0x080095b0                _test_assert_sequence
 .text._test_assert_time_window
                0x08009630       0x30 build/obj/test.o
                0x08009630                _test_assert_time_window
 .text.test_terminate_threads
                0x08009660       0x40 build/obj/test.o
                0x08009660                test_terminate_threads
 .text.test_wait_threads
                0x080096a0       0x50 build/obj/test.o
                0x080096a0                test_wait_threads
 .text.test_cpu_pulse
                0x080096f0       0x50 build/obj/test.o
                0x080096f0                test_cpu_pulse
 .text.test_wait_tick
                0x08009740       0x20 build/obj/test.o
                0x08009740                test_wait_tick
 .text.test_start_timer
                0x08009760       0x50 build/obj/test.o
                0x08009760                test_start_timer
 .text.TestThread
                0x080097b0      0x250 build/obj/test.o
                0x080097b0                TestThread
 .text.thd4_execute
                0x08009a00       0x80 build/obj/testthd.o
 .text.thd3_execute
                0x08009a80      0x150 build/obj/testthd.o
 .text.thd2_execute
                0x08009bd0       0xf0 build/obj/testthd.o
 .text.thd1_execute
                0x08009cc0       0xe0 build/obj/testthd.o
 .text.thread   0x08009da0       0x10 build/obj/testthd.o
 .text.sem3_setup
                0x08009db0       0x10 build/obj/testsem.o
 .text.sem2_setup
                0x08009dc0       0x10 build/obj/testsem.o
 .text.sem1_setup
                0x08009dd0       0x10 build/obj/testsem.o
 .text.sem4_execute
                0x08009de0      0x110 build/obj/testsem.o
 .text.thread4  0x08009ef0       0x30 build/obj/testsem.o
 .text.sem3_execute
                0x08009f20       0xb0 build/obj/testsem.o
 .text.thread3  0x08009fd0       0x20 build/obj/testsem.o
 .text.thread1  0x08009ff0       0x20 build/obj/testsem.o
 .text.sem2_execute
                0x0800a010      0x2b0 build/obj/testsem.o
 .text.thread2  0x0800a2c0       0x30 build/obj/testsem.o
 .text.sem1_execute
                0x0800a2f0      0x140 build/obj/testsem.o
 .text.mtx8_execute
                0x0800a430       0xa0 build/obj/testmtx.o
 .text.thread12
                0x0800a4d0       0x20 build/obj/testmtx.o
 .text.thread1  0x0800a4f0       0x20 build/obj/testmtx.o
 .text.thread10
                0x0800a510       0x30 build/obj/testmtx.o
 .text.thread11
                0x0800a540       0x40 build/obj/testmtx.o
 .text.mtx8_setup
                0x0800a580       0x30 build/obj/testmtx.o
 .text.mtx7_setup
                0x0800a5b0       0x20 build/obj/testmtx.o
 .text.mtx6_setup
                0x0800a5d0       0x20 build/obj/testmtx.o
 .text.mtx5_setup
                0x0800a5f0       0x10 build/obj/testmtx.o
 .text.mtx4_setup
                0x0800a600       0x20 build/obj/testmtx.o
 .text.mtx3_setup
                0x0800a620       0x20 build/obj/testmtx.o
 .text.mtx2_setup
                0x0800a640       0x10 build/obj/testmtx.o
 .text.mtx1_setup
                0x0800a650       0x10 build/obj/testmtx.o
 .text.mtx7_execute
                0x0800a660       0xe0 build/obj/testmtx.o
 .text.mtx6_execute
                0x0800a740      0x100 build/obj/testmtx.o
 .text.mtx1_execute
                0x0800a840       0xe0 build/obj/testmtx.o
 .text.mtx5_execute
                0x0800a920       0xd0 build/obj/testmtx.o
 .text.mtx4_execute
                0x0800a9f0      0x280 build/obj/testmtx.o
 .text.thread4b
                0x0800ac70       0x20 build/obj/testmtx.o
 .text.thread4a
                0x0800ac90       0x20 build/obj/testmtx.o
 .text.mtx3_execute
                0x0800acb0       0xf0 build/obj/testmtx.o
 .text.mtx2_execute
                0x0800ada0       0xb0 build/obj/testmtx.o
 .text.thread3HH
                0x0800ae50       0x30 build/obj/testmtx.o
 .text.thread3H
                0x0800ae80       0x20 build/obj/testmtx.o
 .text.thread3M
                0x0800aea0       0x30 build/obj/testmtx.o
 .text.thread3L
                0x0800aed0       0x40 build/obj/testmtx.o
 .text.thread3LL
                0x0800af10       0x20 build/obj/testmtx.o
 .text.thread2L
                0x0800af30       0x30 build/obj/testmtx.o
 .text.thread2M
                0x0800af60       0x20 build/obj/testmtx.o
 .text.thread2H
                0x0800af80       0x30 build/obj/testmtx.o
 .text.msg1_execute
                0x0800afb0       0x80 build/obj/testmsg.o
 .text.thread   0x0800b030       0x20 build/obj/testmsg.o
 .text.mbox1_execute
                0x0800b050      0x6f0 build/obj/testmbox.o
 .text.mbox1_setup
                0x0800b740       0x20 build/obj/testmbox.o
 .text.evt3_execute
                0x0800b760       0xb0 build/obj/testevt.o
 .text.evt3_setup
                0x0800b810       0x10 build/obj/testevt.o
 .text.evt2_setup
                0x0800b820       0x10 build/obj/testevt.o
 .text.evt1_setup
                0x0800b830       0x10 build/obj/testevt.o
 .text.evt2_execute
                0x0800b840      0x270 build/obj/testevt.o
 .text.thread2  0x0800bab0       0x30 build/obj/testevt.o
 .text.thread1  0x0800bae0       0x20 build/obj/testevt.o
 .text.evt1_execute
                0x0800bb00       0x90 build/obj/testevt.o
 .text.h3       0x0800bb90       0x10 build/obj/testevt.o
 .text.h2       0x0800bba0       0x10 build/obj/testevt.o
 .text.h1       0x0800bbb0       0x10 build/obj/testevt.o
 .text.heap1_execute
                0x0800bbc0      0x270 build/obj/testheap.o
 .text.heap1_setup
                0x0800be30       0x20 build/obj/testheap.o
 .text.null_provider
                0x0800be50       0x10 build/obj/testpools.o
 .text.pools1_execute
                0x0800be60      0x170 build/obj/testpools.o
 .text.pools1_setup
                0x0800bfd0       0x10 build/obj/testpools.o
 .text.regfind  0x0800bfe0       0x30 build/obj/testdyn.o
 .text.dyn3_execute
                0x0800c010      0x150 build/obj/testdyn.o
 .text.thread   0x0800c160       0x10 build/obj/testdyn.o
 .text.dyn3_setup
                0x0800c170       0x20 build/obj/testdyn.o
 .text.dyn1_setup
                0x0800c190       0x20 build/obj/testdyn.o
 .text.dyn2_execute
                0x0800c1b0      0x140 build/obj/testdyn.o
 .text.dyn2_setup
                0x0800c2f0       0x10 build/obj/testdyn.o
 .text.dyn1_execute
                0x0800c300      0x100 build/obj/testdyn.o
 .text.notify   0x0800c400       0x10 build/obj/testqueues.o
 .text.thread2  0x0800c410       0x20 build/obj/testqueues.o
 .text.queues2_execute
                0x0800c430      0x2f0 build/obj/testqueues.o
 .text.queues2_setup
                0x0800c720       0x30 build/obj/testqueues.o
 .text.thread1  0x0800c750       0x20 build/obj/testqueues.o
 .text.queues1_execute
                0x0800c770      0x320 build/obj/testqueues.o
 .text.queues1_setup
                0x0800ca90       0x30 build/obj/testqueues.o
 .text.thread2  0x0800cac0       0x10 build/obj/testbmk.o
 .text.tmo      0x0800cad0       0x10 build/obj/testbmk.o
 .text.bmk13_execute
                0x0800cae0       0xf0 build/obj/testbmk.o
 .text.bmk12_execute
                0x0800cbd0       0x70 build/obj/testbmk.o
 .text.bmk12_setup
                0x0800cc40       0x10 build/obj/testbmk.o
 .text.thread3  0x0800cc50       0x30 build/obj/testbmk.o
 .text.bmk11_execute
                0x0800cc80       0x70 build/obj/testbmk.o
 .text.bmk11_setup
                0x0800ccf0       0x10 build/obj/testbmk.o
 .text.bmk7_setup
                0x0800cd00       0x10 build/obj/testbmk.o
 .text.bmk10_execute
                0x0800cd10       0x80 build/obj/testbmk.o
 .text.bmk9_execute
                0x0800cd90       0xb0 build/obj/testbmk.o
 .text.bmk6_execute
                0x0800ce40       0x70 build/obj/testbmk.o
 .text.bmk8_execute
                0x0800ceb0       0xf0 build/obj/testbmk.o
 .text.thread8  0x0800cfa0       0x30 build/obj/testbmk.o
 .text.bmk7_execute
                0x0800cfd0      0x110 build/obj/testbmk.o
 .text.bmk5_execute
                0x0800d0e0       0x80 build/obj/testbmk.o
 .text.bmk4_execute
                0x0800d160       0xc0 build/obj/testbmk.o
 .text.msg_loop_test
                0x0800d220       0x40 build/obj/testbmk.o
 .text.bmk3_execute
                0x0800d260       0xe0 build/obj/testbmk.o
 .text.bmk2_execute
                0x0800d340       0x70 build/obj/testbmk.o
 .text.bmk1_execute
                0x0800d3b0       0x70 build/obj/testbmk.o
 .text.thread1  0x0800d420       0x20 build/obj/testbmk.o
 .text.thread4  0x0800d440       0x30 build/obj/testbmk.o
                0x0800d440                thread4
 .text.halInit  0x0800d470       0x50 build/obj/hal.o
                0x0800d470                halInit
 .text.halPolledDelay
                0x0800d4c0       0x30 build/obj/hal.o
                0x0800d4c0                halPolledDelay
 .text.adcInit  0x0800d4f0       0x10 build/obj/adc.o
                0x0800d4f0                adcInit
 .text.adcObjectInit
                0x0800d500       0x20 build/obj/adc.o
                0x0800d500                adcObjectInit
 .text.adcStart
                0x0800d520       0x20 build/obj/adc.o
                0x0800d520                adcStart
 .text.adcConvert
                0x0800d540       0x40 build/obj/adc.o
                0x0800d540                adcConvert
 .text.canInit  0x0800d580       0x10 build/obj/can.o
                0x0800d580                canInit
 .text.canObjectInit
                0x0800d590       0x40 build/obj/can.o
                0x0800d590                canObjectInit
 .text.canStart
                0x0800d5d0       0x40 build/obj/can.o
                0x0800d5d0                canStart
 .text.canTransmit
                0x0800d610       0x50 build/obj/can.o
                0x0800d610                canTransmit
 .text.canReceive
                0x0800d660       0x50 build/obj/can.o
                0x0800d660                canReceive
 .text.i2cInit  0x0800d6b0       0x10 build/obj/i2c.o
                0x0800d6b0                i2cInit
 .text.i2cObjectInit
                0x0800d6c0       0x10 build/obj/i2c.o
                0x0800d6c0                i2cObjectInit
 .text.icuInit  0x0800d6d0       0x10 build/obj/icu.o
                0x0800d6d0                icuInit
 .text.icuObjectInit
                0x0800d6e0       0x10 build/obj/icu.o
                0x0800d6e0                icuObjectInit
 .text.icuStart
                0x0800d6f0       0x20 build/obj/icu.o
                0x0800d6f0                icuStart
 .text.icuEnable
                0x0800d710       0x20 build/obj/icu.o
                0x0800d710                icuEnable
 .text.mmcsd_get_slice
                0x0800d730       0x50 build/obj/mmcsd.o
 .text.mmcsdGetCapacity
                0x0800d780       0x50 build/obj/mmcsd.o
                0x0800d780                mmcsdGetCapacity
 .text.pwmInit  0x0800d7d0       0x10 build/obj/pwm.o
                0x0800d7d0                pwmInit
 .text.pwmObjectInit
                0x0800d7e0       0x10 build/obj/pwm.o
                0x0800d7e0                pwmObjectInit
 .text.pwmStart
                0x0800d7f0       0x20 build/obj/pwm.o
                0x0800d7f0                pwmStart
 .text.pwmEnableChannel
                0x0800d810       0x20 build/obj/pwm.o
                0x0800d810                pwmEnableChannel
 .text.rtcInit  0x0800d830       0x10 build/obj/rtc.o
                0x0800d830                rtcInit
 .text.rtcSetTime
                0x0800d840       0x20 build/obj/rtc.o
                0x0800d840                rtcSetTime
 .text.rtcGetTime
                0x0800d860       0x20 build/obj/rtc.o
                0x0800d860                rtcGetTime
 .text.rtcSetAlarm
                0x0800d880       0x20 build/obj/rtc.o
                0x0800d880                rtcSetAlarm
 .text.rtcGetAlarm
                0x0800d8a0       0x20 build/obj/rtc.o
                0x0800d8a0                rtcGetAlarm
 .text.rtcGetTimeFat
                0x0800d8c0       0x10 build/obj/rtc.o
                0x0800d8c0                rtcGetTimeFat
 .text.sdcGetInfo
                0x0800d8d0       0x20 build/obj/sdc.o
                0x0800d8d0                sdcGetInfo
 .text.sdcSync  0x0800d8f0       0x10 build/obj/sdc.o
                0x0800d8f0                sdcSync
 .text.sdcWrite
                0x0800d900       0x30 build/obj/sdc.o
                0x0800d900                sdcWrite
 .text.sdcRead  0x0800d930       0x30 build/obj/sdc.o
                0x0800d930                sdcRead
 .text.sdcConnect
                0x0800d960      0x240 build/obj/sdc.o
                0x0800d960                sdcConnect
 .text._sdc_wait_for_transfer_state
                0x0800dba0       0x40 build/obj/sdc.o
                0x0800dba0                _sdc_wait_for_transfer_state
 .text.sdcDisconnect
                0x0800dbe0       0x50 build/obj/sdc.o
                0x0800dbe0                sdcDisconnect
 .text.sdcInit  0x0800dc30       0x10 build/obj/sdc.o
                0x0800dc30                sdcInit
 .text.sdcObjectInit
                0x0800dc40       0x20 build/obj/sdc.o
                0x0800dc40                sdcObjectInit
 .text.sdcStart
                0x0800dc60       0x20 build/obj/sdc.o
                0x0800dc60                sdcStart
 .text.sdcErase
                0x0800dc80       0x80 build/obj/sdc.o
                0x0800dc80                sdcErase
 .text.readt    0x0800dd00       0x10 build/obj/serial.o
 .text.read     0x0800dd10       0x10 build/obj/serial.o
 .text.writet   0x0800dd20       0x10 build/obj/serial.o
 .text.write    0x0800dd30       0x10 build/obj/serial.o
 .text.gett     0x0800dd40       0x10 build/obj/serial.o
 .text.get      0x0800dd50       0x10 build/obj/serial.o
 .text.putt     0x0800dd60       0x10 build/obj/serial.o
 .text.put      0x0800dd70       0x10 build/obj/serial.o
 .text.sdInit   0x0800dd80       0x10 build/obj/serial.o
                0x0800dd80                sdInit
 .text.sdObjectInit
                0x0800dd90       0x40 build/obj/serial.o
                0x0800dd90                sdObjectInit
 .text.sdStart  0x0800ddd0       0x20 build/obj/serial.o
                0x0800ddd0                sdStart
 .text.sdIncomingDataI
                0x0800ddf0       0x40 build/obj/serial.o
                0x0800ddf0                sdIncomingDataI
 .text.sduInit  0x0800de30       0x10 build/obj/serial_usb.o
                0x0800de30                sduInit
 .text.spiInit  0x0800de40       0x10 build/obj/spi.o
                0x0800de40                spiInit
 .text.spiObjectInit
                0x0800de50       0x10 build/obj/spi.o
                0x0800de50                spiObjectInit
 .text.tm_start
                0x0800de60       0x10 build/obj/tm.o
 .text.tm_stop  0x0800de70       0x30 build/obj/tm.o
 .text.tmInit   0x0800dea0       0x40 build/obj/tm.o
                0x0800dea0                tmInit
 .text.usbInit  0x0800dee0       0x10 build/obj/usb.o
                0x0800dee0                usbInit
 .text.usbObjectInit
                0x0800def0       0x10 build/obj/usb.o
                0x0800def0                usbObjectInit
 .text.usbPrepareReceive
                0x0800df00       0x20 build/obj/usb.o
                0x0800df00                usbPrepareReceive
 .text.usbPrepareTransmit
                0x0800df20       0x20 build/obj/usb.o
                0x0800df20                usbPrepareTransmit
 .text.usbStartReceiveI
                0x0800df40       0x30 build/obj/usb.o
                0x0800df40                usbStartReceiveI
 .text.usbStartTransmitI
                0x0800df70       0x30 build/obj/usb.o
                0x0800df70                usbStartTransmitI
 .text._usb_reset
                0x0800dfa0       0x30 build/obj/usb.o
                0x0800dfa0                _usb_reset
 .text._usb_ep0setup
                0x0800dfd0      0x340 build/obj/usb.o
                0x0800dfd0                _usb_ep0setup
 .text._usb_ep0in
                0x0800e310       0xb0 build/obj/usb.o
                0x0800e310                _usb_ep0in
 .text._usb_ep0out
                0x0800e3c0       0x80 build/obj/usb.o
                0x0800e3c0                _usb_ep0out
 .text.Vector6C
                0x0800e440       0x30 build/obj/stm32_dma.o
                0x0800e440                Vector6C
 .text.Vector70
                0x0800e470       0x30 build/obj/stm32_dma.o
                0x0800e470                Vector70
 .text.Vector74
                0x0800e4a0       0x30 build/obj/stm32_dma.o
                0x0800e4a0                Vector74
 .text.Vector78
                0x0800e4d0       0x30 build/obj/stm32_dma.o
                0x0800e4d0                Vector78
 .text.Vector7C
                0x0800e500       0x30 build/obj/stm32_dma.o
                0x0800e500                Vector7C
 .text.Vector80
                0x0800e530       0x30 build/obj/stm32_dma.o
                0x0800e530                Vector80
 .text.Vector84
                0x0800e560       0x30 build/obj/stm32_dma.o
                0x0800e560                Vector84
 .text.VectorFC
                0x0800e590       0x30 build/obj/stm32_dma.o
                0x0800e590                VectorFC
 .text.Vector120
                0x0800e5c0       0x30 build/obj/stm32_dma.o
                0x0800e5c0                Vector120
 .text.Vector124
                0x0800e5f0       0x30 build/obj/stm32_dma.o
                0x0800e5f0                Vector124
 .text.Vector128
                0x0800e620       0x30 build/obj/stm32_dma.o
                0x0800e620                Vector128
 .text.Vector12C
                0x0800e650       0x30 build/obj/stm32_dma.o
                0x0800e650                Vector12C
 .text.Vector130
                0x0800e680       0x30 build/obj/stm32_dma.o
                0x0800e680                Vector130
 .text.Vector150
                0x0800e6b0       0x30 build/obj/stm32_dma.o
                0x0800e6b0                Vector150
 .text.Vector154
                0x0800e6e0       0x30 build/obj/stm32_dma.o
                0x0800e6e0                Vector154
 .text.Vector158
                0x0800e710       0x30 build/obj/stm32_dma.o
                0x0800e710                Vector158
 .text.dmaInit  0x0800e740       0xc0 build/obj/stm32_dma.o
                0x0800e740                dmaInit
 .text.dmaStreamAllocate
                0x0800e800       0xa0 build/obj/stm32_dma.o
                0x0800e800                dmaStreamAllocate
 .text.hal_lld_init
                0x0800e8a0       0xd0 build/obj/hal_lld.o
                0x0800e8a0                hal_lld_init
 .text.stm32_clock_init
                0x0800e970      0x120 build/obj/hal_lld.o
                0x0800e970                stm32_clock_init
 .text.adc_lld_init
                0x0800ea90       0x40 build/obj/adc_lld.o
                0x0800ea90                adc_lld_init
 .text.adc_lld_start
                0x0800ead0       0x60 build/obj/adc_lld.o
                0x0800ead0                adc_lld_start
 .text.adc_lld_start_conversion
                0x0800eb30       0x80 build/obj/adc_lld.o
                0x0800eb30                adc_lld_start_conversion
 .text.adc_lld_stop_conversion
                0x0800ebb0       0x30 build/obj/adc_lld.o
                0x0800ebb0                adc_lld_stop_conversion
 .text.adc_lld_serve_rx_interrupt
                0x0800ebe0      0x100 build/obj/adc_lld.o
 .text.Vector88
                0x0800ece0       0x80 build/obj/adc_lld.o
                0x0800ece0                Vector88
 .text.Vector8C
                0x0800ed60       0x50 build/obj/can_lld.o
                0x0800ed60                Vector8C
 .text.Vector90
                0x0800edb0       0x80 build/obj/can_lld.o
                0x0800edb0                Vector90
 .text.Vector94
                0x0800ee30       0x10 build/obj/can_lld.o
                0x0800ee30                Vector94
 .text.Vector98
                0x0800ee40       0x90 build/obj/can_lld.o
                0x0800ee40                Vector98
 .text.can_lld_init
                0x0800eed0       0x20 build/obj/can_lld.o
                0x0800eed0                can_lld_init
 .text.can_lld_start
                0x0800eef0      0x2d0 build/obj/can_lld.o
                0x0800eef0                can_lld_start
 .text.can_lld_can_transmit
                0x0800f1c0       0x10 build/obj/can_lld.o
                0x0800f1c0                can_lld_can_transmit
 .text.can_lld_transmit
                0x0800f1d0       0x60 build/obj/can_lld.o
                0x0800f1d0                can_lld_transmit
 .text.can_lld_can_receive
                0x0800f230       0x10 build/obj/can_lld.o
                0x0800f230                can_lld_can_receive
 .text.can_lld_receive
                0x0800f240       0x90 build/obj/can_lld.o
                0x0800f240                can_lld_receive
 .text.icu_lld_serve_interrupt.clone.0
                0x0800f2d0       0x90 build/obj/icu_lld.o
 .text.VectorA4
                0x0800f360       0x10 build/obj/icu_lld.o
                0x0800f360                VectorA4
 .text.VectorAC
                0x0800f370       0x10 build/obj/icu_lld.o
                0x0800f370                VectorAC
 .text.icu_lld_init
                0x0800f380       0x20 build/obj/icu_lld.o
                0x0800f380                icu_lld_init
 .text.icu_lld_start
                0x0800f3a0       0xe0 build/obj/icu_lld.o
                0x0800f3a0                icu_lld_start
 .text.icu_lld_enable
                0x0800f480       0x60 build/obj/icu_lld.o
                0x0800f480                icu_lld_enable
 .text.pwm_lld_serve_interrupt
                0x0800f4e0       0x60 build/obj/pwm_lld.o
 .text.VectorB8
                0x0800f540       0x20 build/obj/pwm_lld.o
                0x0800f540                VectorB8
 .text.Vector108
                0x0800f560       0x20 build/obj/pwm_lld.o
                0x0800f560                Vector108
 .text.pwm_lld_init
                0x0800f580       0x30 build/obj/pwm_lld.o
                0x0800f580                pwm_lld_init
 .text.pwm_lld_start
                0x0800f5b0      0x140 build/obj/pwm_lld.o
                0x0800f5b0                pwm_lld_start
 .text.pwm_lld_enable_channel
                0x0800f6f0       0x40 build/obj/pwm_lld.o
                0x0800f6f0                pwm_lld_enable_channel
 .text.sdc_lld_collect_errors.clone.0
                0x0800f730       0xb0 build/obj/sdc_lld.o
 .text.Vector104
                0x0800f7e0       0x30 build/obj/sdc_lld.o
                0x0800f7e0                Vector104
 .text.sdc_lld_init
                0x0800f810       0x20 build/obj/sdc_lld.o
                0x0800f810                sdc_lld_init
 .text.sdc_lld_start
                0x0800f830       0x60 build/obj/sdc_lld.o
                0x0800f830                sdc_lld_start
 .text.sdc_lld_start_clk
                0x0800f890       0x20 build/obj/sdc_lld.o
                0x0800f890                sdc_lld_start_clk
 .text.sdc_lld_set_data_clk
                0x0800f8b0       0x10 build/obj/sdc_lld.o
                0x0800f8b0                sdc_lld_set_data_clk
 .text.sdc_lld_stop_clk
                0x0800f8c0       0x10 build/obj/sdc_lld.o
                0x0800f8c0                sdc_lld_stop_clk
 .text.sdc_lld_set_bus_mode
                0x0800f8d0       0x30 build/obj/sdc_lld.o
                0x0800f8d0                sdc_lld_set_bus_mode
 .text.sdc_lld_send_cmd_none
                0x0800f900       0x20 build/obj/sdc_lld.o
                0x0800f900                sdc_lld_send_cmd_none
 .text.sdc_lld_send_cmd_short
                0x0800f920       0x40 build/obj/sdc_lld.o
                0x0800f920                sdc_lld_send_cmd_short
 .text.sdc_lld_send_cmd_short_crc
                0x0800f960       0x40 build/obj/sdc_lld.o
                0x0800f960                sdc_lld_send_cmd_short_crc
 .text.sdc_lld_wait_transaction_end
                0x0800f9a0       0x90 build/obj/sdc_lld.o
 .text.sdc_lld_error_cleanup
                0x0800fa30       0x70 build/obj/sdc_lld.o
 .text.sdc_lld_send_cmd_long_crc
                0x0800faa0       0x50 build/obj/sdc_lld.o
                0x0800faa0                sdc_lld_send_cmd_long_crc
 .text.sdc_lld_read_aligned
                0x0800faf0       0xc0 build/obj/sdc_lld.o
                0x0800faf0                sdc_lld_read_aligned
 .text.sdc_lld_write_aligned
                0x0800fbb0       0xc0 build/obj/sdc_lld.o
                0x0800fbb0                sdc_lld_write_aligned
 .text.sdc_lld_read
                0x0800fc70       0xa0 build/obj/sdc_lld.o
                0x0800fc70                sdc_lld_read
 .text.sdc_lld_write
                0x0800fd10       0xc0 build/obj/sdc_lld.o
                0x0800fd10                sdc_lld_write
 .text.sdc_lld_sync
                0x0800fdd0       0x10 build/obj/sdc_lld.o
                0x0800fdd0                sdc_lld_sync
 .text.notify1  0x0800fde0       0x20 build/obj/serial_lld.o
 .text.VectorD4
                0x0800fe00      0x120 build/obj/serial_lld.o
                0x0800fe00                VectorD4
 .text.sd_lld_init
                0x0800ff20       0x20 build/obj/serial_lld.o
                0x0800ff20                sd_lld_init
 .text.sd_lld_start
                0x0800ff40       0xa0 build/obj/serial_lld.o
                0x0800ff40                sd_lld_start
 .text.spi_lld_init
                0x0800ffe0       0x40 build/obj/spi_lld.o
                0x0800ffe0                spi_lld_init
 .text._pal_lld_init
                0x08010020      0x200 build/obj/pal_lld.o
                0x08010020                _pal_lld_init
 .text.VectorBC
                0x08010220      0x100 build/obj/i2c_lld.o
                0x08010220                VectorBC
 .text.VectorC0
                0x08010320      0x150 build/obj/i2c_lld.o
                0x08010320                VectorC0
 .text.i2c_lld_init
                0x08010470       0x30 build/obj/i2c_lld.o
                0x08010470                i2c_lld_init
 .text.otg_txfifo_flush.clone.3
                0x080104a0       0x20 build/obj/usb_lld.o
 .text.otg_epout_handler.clone.8
                0x080104c0       0x70 build/obj/usb_lld.o
 .text.otg_epin_handler.clone.9
                0x08010530       0x90 build/obj/usb_lld.o
 .text.Vector14C
                0x080105c0      0x120 build/obj/usb_lld.o
                0x080105c0                Vector14C
 .text.usb_lld_init
                0x080106e0       0x30 build/obj/usb_lld.o
                0x080106e0                usb_lld_init
 .text.usb_lld_reset
                0x08010710      0x130 build/obj/usb_lld.o
                0x08010710                usb_lld_reset
 .text.usb_lld_set_address
                0x08010840       0x20 build/obj/usb_lld.o
                0x08010840                usb_lld_set_address
 .text.usb_lld_get_status_out
                0x08010860       0x20 build/obj/usb_lld.o
                0x08010860                usb_lld_get_status_out
 .text.usb_lld_get_status_in
                0x08010880       0x20 build/obj/usb_lld.o
                0x08010880                usb_lld_get_status_in
 .text.usb_lld_read_setup
                0x080108a0       0x20 build/obj/usb_lld.o
                0x080108a0                usb_lld_read_setup
 .text.usb_lld_prepare_receive
                0x080108c0       0x30 build/obj/usb_lld.o
                0x080108c0                usb_lld_prepare_receive
 .text.usb_lld_prepare_transmit
                0x080108f0       0x40 build/obj/usb_lld.o
                0x080108f0                usb_lld_prepare_transmit
 .text.usb_lld_start_out
                0x08010930       0x10 build/obj/usb_lld.o
                0x08010930                usb_lld_start_out
 .text.usb_lld_start_in
                0x08010940       0x30 build/obj/usb_lld.o
                0x08010940                usb_lld_start_in
 .text.usb_lld_stall_out
                0x08010970       0x10 build/obj/usb_lld.o
                0x08010970                usb_lld_stall_out
 .text.usb_lld_stall_in
                0x08010980       0x10 build/obj/usb_lld.o
                0x08010980                usb_lld_stall_in
 .text.usb_lld_clear_out
                0x08010990       0x10 build/obj/usb_lld.o
                0x08010990                usb_lld_clear_out
 .text.usb_lld_clear_in
                0x080109a0       0x10 build/obj/usb_lld.o
                0x080109a0                usb_lld_clear_in
 .text.rtc_lld_init
                0x080109b0       0x50 build/obj/rtc_lld.o
                0x080109b0                rtc_lld_init
 .text.rtc_lld_set_time
                0x08010a00       0x40 build/obj/rtc_lld.o
                0x08010a00                rtc_lld_set_time
 .text.rtc_lld_get_time
                0x08010a40       0x40 build/obj/rtc_lld.o
                0x08010a40                rtc_lld_get_time
 .text.rtc_lld_set_alarm
                0x08010a80       0x90 build/obj/rtc_lld.o
                0x08010a80                rtc_lld_set_alarm
 .text.rtc_lld_get_alarm
                0x08010b10       0x10 build/obj/rtc_lld.o
                0x08010b10                rtc_lld_get_alarm
 .text.rtc_lld_get_time_fat
                0x08010b20       0xb0 build/obj/rtc_lld.o
                0x08010b20                rtc_lld_get_time_fat
 .text.__early_init
                0x08010bd0       0x10 build/obj/board.o
                0x08010bd0                __early_init
 .text.boardInit
                0x08010be0       0x10 build/obj/board.o
                0x08010be0                boardInit
 .text.disk_initialize
                0x08010bf0       0x30 build/obj/fatfs_diskio.o
                0x08010bf0                disk_initialize
 .text.disk_status
                0x08010c20       0x30 build/obj/fatfs_diskio.o
                0x08010c20                disk_status
 .text.disk_read
                0x08010c50       0x30 build/obj/fatfs_diskio.o
                0x08010c50                disk_read
 .text.disk_write
                0x08010c80       0x30 build/obj/fatfs_diskio.o
                0x08010c80                disk_write
 .text.disk_ioctl
                0x08010cb0       0x50 build/obj/fatfs_diskio.o
                0x08010cb0                disk_ioctl
 .text.get_fattime
                0x08010d00       0x10 build/obj/fatfs_diskio.o
                0x08010d00                get_fattime
 .text.ff_memalloc
                0x08010d10       0x10 build/obj/fatfs_syscall.o
                0x08010d10                ff_memalloc
 .text.ff_memfree
                0x08010d20       0x10 build/obj/fatfs_syscall.o
                0x08010d20                ff_memfree
 .text.mem_cpy  0x08010d30       0xb0 build/obj/ff.o
 .text.validate
                0x08010de0       0x30 build/obj/ff.o
 .text.check_fs
                0x08010e10       0x50 build/obj/ff.o
 .text.chk_mounted
                0x08010e60      0x220 build/obj/ff.o
 .text.move_window
                0x08011080       0xc0 build/obj/ff.o
 .text.sync     0x08011140       0x80 build/obj/ff.o
 .text.get_fileinfo
                0x080111c0      0x220 build/obj/ff.o
 .text.get_fat  0x080113e0       0xb0 build/obj/ff.o
                0x080113e0                get_fat
 .text.dir_sdi  0x08011490       0xc0 build/obj/ff.o
 .text.put_fat  0x08011550       0xf0 build/obj/ff.o
                0x08011550                put_fat
 .text.create_chain
                0x08011640       0xb0 build/obj/ff.o
 .text.dir_next
                0x080116f0      0x130 build/obj/ff.o
 .text.dir_find
                0x08011820      0x4d0 build/obj/ff.o
 .text.follow_path
                0x08011cf0      0x340 build/obj/ff.o
 .text.dir_read
                0x08012030      0x2c0 build/obj/ff.o
 .text.remove_chain
                0x080122f0       0xb0 build/obj/ff.o
 .text.gen_numname
                0x080123a0      0x120 build/obj/ff.o
                0x080123a0                gen_numname
 .text.dir_register
                0x080124c0      0x430 build/obj/ff.o
 .text.f_mount  0x080128f0       0x20 build/obj/ff.o
                0x080128f0                f_mount
 .text.f_open   0x08012910      0x1b0 build/obj/ff.o
                0x08012910                f_open
 .text.f_read   0x08012ac0      0x1a0 build/obj/ff.o
                0x08012ac0                f_read
 .text.f_write  0x08012c60      0x1f0 build/obj/ff.o
                0x08012c60                f_write
 .text.f_sync   0x08012e50       0x90 build/obj/ff.o
                0x08012e50                f_sync
 .text.f_close  0x08012ee0       0x10 build/obj/ff.o
                0x08012ee0                f_close
 .text.f_opendir
                0x08012ef0       0x80 build/obj/ff.o
                0x08012ef0                f_opendir
 .text.f_readdir
                0x08012f70       0x80 build/obj/ff.o
                0x08012f70                f_readdir
 .text.f_stat   0x08012ff0       0x60 build/obj/ff.o
                0x08012ff0                f_stat
 .text.f_getfree
                0x08013050      0x190 build/obj/ff.o
                0x08013050                f_getfree
 .text.f_gets   0x080131e0       0x90 build/obj/ff.o
                0x080131e0                f_gets
 .text.ff_convert
                0x08013270       0x50 build/obj/ccsbcs.o
                0x08013270                ff_convert
 .text.ff_wtoupper
                0x080132c0       0x30 build/obj/ccsbcs.o
                0x080132c0                ff_wtoupper
 .text._sbrk_r  0x080132f0       0x20 build/obj/syscalls.o
                0x080132f0                _sbrk_r
 .text.cmd_systime
                0x08013310       0x30 build/obj/shell.o
 .text.cmd_info
                0x08013340       0xc0 build/obj/shell.o
 .text.list_commands
                0x08013400       0x20 build/obj/shell.o
 .text.cmdexec  0x08013420       0x50 build/obj/shell.o
 .text._strtok.clone.0
                0x08013470       0x50 build/obj/shell.o
 .text.shellInit
                0x080134c0       0x10 build/obj/shell.o
                0x080134c0                shellInit
 .text.shellCreate
                0x080134d0       0x20 build/obj/shell.o
                0x080134d0                shellCreate
 .text.shellGetLine
                0x080134f0       0xb0 build/obj/shell.o
                0x080134f0                shellGetLine
 .text.shell_thread
                0x080135a0      0x1e0 build/obj/shell.o
 .text.ltoa     0x08013780       0x70 build/obj/chprintf.o
 .text.chprintf
                0x080137f0      0x390 build/obj/chprintf.o
                0x080137f0                chprintf
 .text.stm32_rtc_bcd2tm.clone.0
                0x08013b80       0xb0 build/obj/chrtclib.o
 .text.stm32_rtc_tm2bcd.clone.1
                0x08013c30      0x120 build/obj/chrtclib.o
 .text.rtcGetTimeTm
                0x08013d50       0x30 build/obj/chrtclib.o
                0x08013d50                rtcGetTimeTm
 .text.rtcGetTimeUnixSec
                0x08013d80       0x30 build/obj/chrtclib.o
                0x08013d80                rtcGetTimeUnixSec
 .text.rtcSetTimeUnixSec
                0x08013db0       0x30 build/obj/chrtclib.o
                0x08013db0                rtcSetTimeUnixSec
 .text.Thread1  0x08013de0       0x50 build/obj/main.o
 .text.task20ms
                0x08013e30       0x40 build/obj/main.o
 .text.main     0x08013e70       0x80 build/obj/main.o
                0x08013e70                main
 .text.cmd_alarm
                0x08013ef0       0xd0 build/obj/console.o
                0x08013ef0                cmd_alarm
 .text.cmd_date
                0x08013fc0       0xf0 build/obj/console.o
                0x08013fc0                cmd_date
 .text.cmd_test
                0x080140b0       0x60 build/obj/console.o
                0x080140b0                cmd_test
 .text.cmd_threads
                0x08014110       0x70 build/obj/console.o
                0x08014110                cmd_threads
 .text.cmd_mem  0x08014180       0x60 build/obj/console.o
                0x08014180                cmd_mem
 .text.consoleInit
                0x080141e0       0x30 build/obj/console.o
                0x080141e0                consoleInit
 .text.consoleStart
                0x08014210       0x40 build/obj/console.o
                0x08014210                consoleStart
 .text.func_sleep
                0x08014250       0x40 build/obj/console.o
                0x08014250                func_sleep
 .text.cmd_sleep
                0x08014290       0x30 build/obj/console.o
                0x08014290                cmd_sleep
 .text.scan_files.clone.0
                0x080142c0       0xa0 build/obj/sdcard.o
 .text.sdc_lld_is_card_inserted
                0x08014360       0x10 build/obj/sdcard.o
                0x08014360                sdc_lld_is_card_inserted
 .text.sdc_lld_is_write_protected
                0x08014370       0x10 build/obj/sdcard.o
                0x08014370                sdc_lld_is_write_protected
 .text.sdcardInit
                0x08014380       0x20 build/obj/sdcard.o
                0x08014380                sdcardInit
 .text.sdcardMount
                0x080143a0       0x60 build/obj/sdcard.o
                0x080143a0                sdcardMount
 .text.sdcardUMount
                0x08014400       0x30 build/obj/sdcard.o
                0x08014400                sdcardUMount
 .text.sdcardIsMounted
                0x08014430       0x10 build/obj/sdcard.o
                0x08014430                sdcardIsMounted
 .text.cmd_tree
                0x08014440       0x80 build/obj/sdcard.o
                0x08014440                cmd_tree
 .text.cmd_mountsd
                0x080144c0       0x80 build/obj/sdcard.o
                0x080144c0                cmd_mountsd
 .text.cmd_umountsd
                0x08014540       0x40 build/obj/sdcard.o
                0x08014540                cmd_umountsd
 .text.cmd_cat  0x08014580       0x90 build/obj/sdcard.o
                0x08014580                cmd_cat
 .text.cmd_sdiotest
                0x08014610      0x580 build/obj/sdcard.o
                0x08014610                cmd_sdiotest
 .text.can_tx   0x08014b90       0x80 build/obj/can_comm.o
 .text.can_rx   0x08014c10      0x240 build/obj/can_comm.o
 .text.can_commInit
                0x08014e50       0x50 build/obj/can_comm.o
                0x08014e50                can_commInit
 .text.cmd_can_commvalues
                0x08014ea0       0x80 build/obj/can_comm.o
                0x08014ea0                cmd_can_commvalues
 .text.cmd_canmppttest
                0x08014f20      0x150 build/obj/can_comm.o
                0x08014f20                cmd_canmppttest
 .text.cmd_candata
                0x08015070      0x130 build/obj/can_comm.o
                0x08015070                cmd_candata
 .text.lightInit
                0x080151a0       0x10 build/obj/light.o
                0x080151a0                lightInit
 .text.lightCalc
                0x080151b0       0x80 build/obj/light.o
                0x080151b0                lightCalc
 .text.cmd_lightvalues
                0x08015230       0x70 build/obj/light.o
                0x08015230                cmd_lightvalues
 .text.speedWheelPeriodCb
                0x080152a0       0x10 build/obj/speed.o
 .text.speedWheelPeriodNumber
                0x080152b0       0x10 build/obj/speed.o
 .text.speedInit
                0x080152c0       0x30 build/obj/speed.o
                0x080152c0                speedInit
 .text.speedCalc
                0x080152f0       0xb0 build/obj/speed.o
                0x080152f0                speedCalc
 .text.speedGetRpm
                0x080153a0       0x20 build/obj/speed.o
                0x080153a0                speedGetRpm
 .text.cmd_speedvalues
                0x080153c0       0x90 build/obj/speed.o
                0x080153c0                cmd_speedvalues
 .text.adcerrorcallback
                0x08015450       0x10 build/obj/meas.o
 .text.measInit
                0x08015460       0x20 build/obj/meas.o
                0x08015460                measInit
 .text.measCalc
                0x08015480      0x210 build/obj/meas.o
                0x08015480                measCalc
 .text.cmd_measvalues
                0x08015690       0xc0 build/obj/meas.o
                0x08015690                cmd_measvalues
 .text.cruiseInit
                0x08015750       0x60 build/obj/cruise.o
                0x08015750                cruiseInit
 .text.cruisePID
                0x080157b0      0x180 build/obj/cruise.o
                0x080157b0                cruisePID
 .text.cruiseCalc
                0x08015930       0xb0 build/obj/cruise.o
                0x08015930                cruiseCalc
 .text.cmd_cruisevalues
                0x080159e0      0x100 build/obj/cruise.o
                0x080159e0                cmd_cruisevalues
 .text.cmd_setcruisevalues
                0x08015ae0      0x1c0 build/obj/cruise.o
                0x08015ae0                cmd_setcruisevalues
 *(.rodata)
 .rodata        0x08015ca0        0x4 build/obj/shell.o
 *fill*         0x08015ca4        0xc 00
 .rodata        0x08015cb0       0x3c c:/program files (x86)/codesourcery/sourcery g++ lite/bin/../lib/gcc/arm-none-eabi/4.5.2/../../../../arm-none-eabi/lib/thumb2\libc.a(lib_a-asctime_r.o)
 *fill*         0x08015cec        0x4 00
 .rodata        0x08015cf0       0x60 c:/program files (x86)/codesourcery/sourcery g++ lite/bin/../lib/gcc/arm-none-eabi/4.5.2/../../../../arm-none-eabi/lib/thumb2\libc.a(lib_a-mktime.o)
 .rodata        0x08015d50       0x68 c:/program files (x86)/codesourcery/sourcery g++ lite/bin/../lib/gcc/arm-none-eabi/4.5.2/../../../../arm-none-eabi/lib/thumb2\libc.a(lib_a-mktm_r.o)
 *fill*         0x08015db8        0x8 00
 .rodata        0x08015dc0       0x20 c:/program files (x86)/codesourcery/sourcery g++ lite/bin/../lib/gcc/arm-none-eabi/4.5.2/../../../../arm-none-eabi/lib/thumb2\libc.a(lib_a-svfprintf.o)
 .rodata        0x08015de0      0x104 c:/program files (x86)/codesourcery/sourcery g++ lite/bin/../lib/gcc/arm-none-eabi/4.5.2/../../../../arm-none-eabi/lib/thumb2\libc.a(lib_a-ctype_.o)
                0x08015de0                _ctype_
 *fill*         0x08015ee4        0xc 00
 .rodata        0x08015ef0      0x128 c:/program files (x86)/codesourcery/sourcery g++ lite/bin/../lib/gcc/arm-none-eabi/4.5.2/../../../../arm-none-eabi/lib/thumb2\libc.a(lib_a-mprec.o)
                0x08015f00                __mprec_tens
                0x08015fc8                __mprec_bigtens
                0x08015ff0                __mprec_tinytens
 *fill*         0x08016018        0x8 00
 .rodata        0x08016020       0x20 c:/program files (x86)/codesourcery/sourcery g++ lite/bin/../lib/gcc/arm-none-eabi/4.5.2/../../../../arm-none-eabi/lib/thumb2\libc.a(lib_a-svfiprintf.o)
 *(.rodata.*)
 .rodata.str1.4
                0x08016040        0x5 build/obj/chsys.o
                                  0x8 (size before relaxing)
 *fill*         0x08016045        0xb 00
 .rodata.ch_debug
                0x08016050       0x18 build/obj/chregistry.o
                0x08016050                ch_debug
 *fill*         0x08016068        0x8 00
 .rodata.wa     0x08016070       0x14 build/obj/test.o
                0x08016070                wa
 *fill*         0x08016084        0xc 00
 .rodata.str1.4
                0x08016090      0x1ac build/obj/test.o
                                0x1c0 (size before relaxing)
 *fill*         0x0801623c        0x4 00
 .rodata.patterns
                0x08016240       0x30 build/obj/test.o
 .rodata.testthd1
                0x08016270       0x10 build/obj/testthd.o
                0x08016270                testthd1
 .rodata.testthd2
                0x08016280       0x10 build/obj/testthd.o
                0x08016280                testthd2
 .rodata.testthd3
                0x08016290       0x10 build/obj/testthd.o
                0x08016290                testthd3
 .rodata.testthd4
                0x080162a0       0x10 build/obj/testthd.o
                0x080162a0                testthd4
 .rodata.patternthd
                0x080162b0       0x14 build/obj/testthd.o
                0x080162b0                patternthd
 *fill*         0x080162c4        0xc 00
 .rodata.str1.4
                0x080162d0       0x78 build/obj/testthd.o
                                 0x80 (size before relaxing)
 *fill*         0x08016348        0x8 00
 .rodata.testsem1
                0x08016350       0x10 build/obj/testsem.o
                0x08016350                testsem1
 .rodata.testsem2
                0x08016360       0x10 build/obj/testsem.o
                0x08016360                testsem2
 .rodata.testsem3
                0x08016370       0x10 build/obj/testsem.o
                0x08016370                testsem3
 .rodata.testsem4
                0x08016380       0x10 build/obj/testsem.o
                0x08016380                testsem4
 .rodata.patternsem
                0x08016390       0x14 build/obj/testsem.o
                0x08016390                patternsem
 *fill*         0x080163a4        0xc 00
 .rodata.str1.4
                0x080163b0       0x6d build/obj/testsem.o
                                 0x8c (size before relaxing)
 *fill*         0x0801641d        0x3 00
 .rodata.testmtx5
                0x08016420       0x10 build/obj/testmtx.o
                0x08016420                testmtx5
 .rodata.testmtx6
                0x08016430       0x10 build/obj/testmtx.o
                0x08016430                testmtx6
 .rodata.testmtx7
                0x08016440       0x10 build/obj/testmtx.o
                0x08016440                testmtx7
 .rodata.testmtx8
                0x08016450       0x10 build/obj/testmtx.o
                0x08016450                testmtx8
 .rodata.str1.4
                0x08016460       0xf0 build/obj/testmtx.o
                                0x10c (size before relaxing)
 .rodata.patternmtx
                0x08016550       0x24 build/obj/testmtx.o
                0x08016550                patternmtx
 *fill*         0x08016574        0xc 00
 .rodata.testmtx1
                0x08016580       0x10 build/obj/testmtx.o
                0x08016580                testmtx1
 .rodata.testmtx2
                0x08016590       0x10 build/obj/testmtx.o
                0x08016590                testmtx2
 .rodata.testmtx3
                0x080165a0       0x10 build/obj/testmtx.o
                0x080165a0                testmtx3
 .rodata.testmtx4
                0x080165b0       0x10 build/obj/testmtx.o
                0x080165b0                testmtx4
 .rodata.testmsg1
                0x080165c0       0x10 build/obj/testmsg.o
                0x080165c0                testmsg1
 .rodata.str1.4
                0x080165d0        0xf build/obj/testmsg.o
                                 0x14 (size before relaxing)
 *fill*         0x080165df        0x1 00
 .rodata.patternmsg
                0x080165e0        0x8 build/obj/testmsg.o
                0x080165e0                patternmsg
 *fill*         0x080165e8        0x8 00
 .rodata.patternmbox
                0x080165f0        0x8 build/obj/testmbox.o
                0x080165f0                patternmbox
 *fill*         0x080165f8        0x8 00
 .rodata.str1.4
                0x08016600       0x20 build/obj/testmbox.o
                                 0x28 (size before relaxing)
 .rodata.testmbox1
                0x08016620       0x10 build/obj/testmbox.o
                0x08016620                testmbox1
 .rodata.patternevt
                0x08016630       0x10 build/obj/testevt.o
                0x08016630                patternevt
 .rodata.testevt2
                0x08016640       0x10 build/obj/testevt.o
                0x08016640                testevt2
 .rodata.str1.4
                0x08016650       0x51 build/obj/testevt.o
                                 0x5c (size before relaxing)
 *fill*         0x080166a1        0xf 00
 .rodata.testevt1
                0x080166b0       0x10 build/obj/testevt.o
                0x080166b0                testevt1
 .rodata.evhndl
                0x080166c0        0xc build/obj/testevt.o
 *fill*         0x080166cc        0x4 00
 .rodata.testevt3
                0x080166d0       0x10 build/obj/testevt.o
                0x080166d0                testevt3
 .rodata.patternheap
                0x080166e0        0x8 build/obj/testheap.o
                0x080166e0                patternheap
 *fill*         0x080166e8        0x8 00
 .rodata.str1.4
                0x080166f0       0x28 build/obj/testheap.o
 *fill*         0x08016718        0x8 00
 .rodata.testheap1
                0x08016720       0x10 build/obj/testheap.o
                0x08016720                testheap1
 .rodata.str1.4
                0x08016730       0x1c build/obj/testpools.o
 *fill*         0x0801674c        0x4 00
 .rodata.patternpools
                0x08016750        0x8 build/obj/testpools.o
                0x08016750                patternpools
 *fill*         0x08016758        0x8 00
 .rodata.testpools1
                0x08016760       0x10 build/obj/testpools.o
                0x08016760                testpools1
 .rodata.testdyn1
                0x08016770       0x10 build/obj/testdyn.o
                0x08016770                testdyn1
 .rodata.testdyn2
                0x08016780       0x10 build/obj/testdyn.o
                0x08016780                testdyn2
 .rodata.testdyn3
                0x08016790       0x10 build/obj/testdyn.o
                0x08016790                testdyn3
 .rodata.str1.4
                0x080167a0       0x8e build/obj/testdyn.o
                                 0xa4 (size before relaxing)
 *fill*         0x0801682e        0x2 00
 .rodata.patterndyn
                0x08016830       0x10 build/obj/testdyn.o
                0x08016830                patterndyn
 .rodata.testqueues1
                0x08016840       0x10 build/obj/testqueues.o
                0x08016840                testqueues1
 .rodata.testqueues2
                0x08016850       0x10 build/obj/testqueues.o
                0x08016850                testqueues2
 .rodata.str1.4
                0x08016860       0x2e build/obj/testqueues.o
                                 0x38 (size before relaxing)
 *fill*         0x0801688e        0x2 00
 .rodata.patternqueues
                0x08016890        0xc build/obj/testqueues.o
                0x08016890                patternqueues
 *fill*         0x0801689c        0x4 00
 .rodata.testbmk8
                0x080168a0       0x10 build/obj/testbmk.o
                0x080168a0                testbmk8
 .rodata.testbmk9
                0x080168b0       0x10 build/obj/testbmk.o
                0x080168b0                testbmk9
 .rodata.patternbmk
                0x080168c0       0x38 build/obj/testbmk.o
                0x080168c0                patternbmk
 *fill*         0x080168f8        0x8 00
 .rodata.testbmk10
                0x08016900       0x10 build/obj/testbmk.o
                0x08016900                testbmk10
 .rodata.testbmk11
                0x08016910       0x10 build/obj/testbmk.o
                0x08016910                testbmk11
 .rodata.testbmk12
                0x08016920       0x10 build/obj/testbmk.o
                0x08016920                testbmk12
 .rodata.testbmk13
                0x08016930       0x10 build/obj/testbmk.o
                0x08016930                testbmk13
 .rodata.str1.4
                0x08016940      0x2c5 build/obj/testbmk.o
                                0x2c8 (size before relaxing)
 *fill*         0x08016c05        0xb 00
 .rodata.testbmk1
                0x08016c10       0x10 build/obj/testbmk.o
                0x08016c10                testbmk1
 .rodata.testbmk2
                0x08016c20       0x10 build/obj/testbmk.o
                0x08016c20                testbmk2
 .rodata.testbmk3
                0x08016c30       0x10 build/obj/testbmk.o
                0x08016c30                testbmk3
 .rodata.testbmk4
                0x08016c40       0x10 build/obj/testbmk.o
                0x08016c40                testbmk4
 .rodata.testbmk5
                0x08016c50       0x10 build/obj/testbmk.o
                0x08016c50                testbmk5
 .rodata.testbmk6
                0x08016c60       0x10 build/obj/testbmk.o
                0x08016c60                testbmk6
 .rodata.testbmk7
                0x08016c70       0x10 build/obj/testbmk.o
                0x08016c70                testbmk7
 .rodata.sdc_vmt
                0x08016c80       0x20 build/obj/sdc.o
 .rodata.vmt    0x08016ca0       0x20 build/obj/serial.o
 .rodata.zero_status
                0x08016cc0        0x4 build/obj/usb.o
 *fill*         0x08016cc4        0xc 00
 .rodata.active_status
                0x08016cd0        0x4 build/obj/usb.o
 *fill*         0x08016cd4        0xc 00
 .rodata.halted_status
                0x08016ce0        0x4 build/obj/usb.o
 *fill*         0x08016ce4        0xc 00
 .rodata._stm32_dma_streams
                0x08016cf0       0xc0 build/obj/stm32_dma.o
                0x08016cf0                _stm32_dma_streams
 .rodata.default_config
                0x08016db0        0xc build/obj/serial_lld.o
 *fill*         0x08016dbc        0x4 00
 .rodata.fsparams
                0x08016dc0        0xc build/obj/usb_lld.o
 *fill*         0x08016dcc        0x4 00
 .rodata.ep0config
                0x08016dd0       0x24 build/obj/usb_lld.o
 *fill*         0x08016df4        0xc 00
 .rodata.pal_default_config
                0x08016e00       0xfc build/obj/board.o
                0x08016e00                pal_default_config
 *fill*         0x08016efc        0x4 00
 .rodata.str1.4