Archive member included because of file (symbol)

c:/chibistudio/tools/gnu tools arm embedded/4.7 2014q2/bin/../lib/gcc/arm-none-eabi/4.7.4/armv7e-m\libgcc.a(_arm_addsubdf3.o)
                              build/obj/cruise.o (__aeabi_dsub)
c:/chibistudio/tools/gnu tools arm embedded/4.7 2014q2/bin/../lib/gcc/arm-none-eabi/4.7.4/armv7e-m\libgcc.a(_arm_muldivdf3.o)
                              build/obj/cruise.o (__aeabi_dmul)
c:/chibistudio/tools/gnu tools arm embedded/4.7 2014q2/bin/../lib/gcc/arm-none-eabi/4.7.4/armv7e-m\libgcc.a(_arm_cmpdf2.o)
                              build/obj/speed.o (__aeabi_dcmplt)
c:/chibistudio/tools/gnu tools arm embedded/4.7 2014q2/bin/../lib/gcc/arm-none-eabi/4.7.4/armv7e-m\libgcc.a(_arm_fixdfsi.o)
                              build/obj/cruise.o (__aeabi_d2iz)
c:/chibistudio/tools/gnu tools arm embedded/4.7 2014q2/bin/../lib/gcc/arm-none-eabi/4.7.4/armv7e-m\libgcc.a(_arm_fixunsdfsi.o)
                              build/obj/speed.o (__aeabi_d2uiz)
c:/chibistudio/tools/gnu tools arm embedded/4.7 2014q2/bin/../lib/gcc/arm-none-eabi/4.7.4/../../../../arm-none-eabi/lib/armv7e-m\libc.a(lib_a-asctime.o)
                              build/obj/console.o (asctime)
c:/chibistudio/tools/gnu tools arm embedded/4.7 2014q2/bin/../lib/gcc/arm-none-eabi/4.7.4/../../../../arm-none-eabi/lib/armv7e-m\libc.a(lib_a-asctime_r.o)
                              c:/chibistudio/tools/gnu tools arm embedded/4.7 2014q2/bin/../lib/gcc/arm-none-eabi/4.7.4/../../../../arm-none-eabi/lib/armv7e-m\libc.a(lib_a-asctime.o) (asctime_r)
c:/chibistudio/tools/gnu tools arm embedded/4.7 2014q2/bin/../lib/gcc/arm-none-eabi/4.7.4/../../../../arm-none-eabi/lib/armv7e-m\libc.a(lib_a-atol.o)
                              build/obj/console.o (atol)
c:/chibistudio/tools/gnu tools arm embedded/4.7 2014q2/bin/../lib/gcc/arm-none-eabi/4.7.4/../../../../arm-none-eabi/lib/armv7e-m\libc.a(lib_a-impure.o)
                              c:/chibistudio/tools/gnu tools arm embedded/4.7 2014q2/bin/../lib/gcc/arm-none-eabi/4.7.4/../../../../arm-none-eabi/lib/armv7e-m\libc.a(lib_a-asctime.o) (_impure_ptr)
c:/chibistudio/tools/gnu tools arm embedded/4.7 2014q2/bin/../lib/gcc/arm-none-eabi/4.7.4/../../../../arm-none-eabi/lib/armv7e-m\libc.a(lib_a-lcltime_r.o)
                              build/obj/chrtclib.o (localtime_r)
c:/chibistudio/tools/gnu tools arm embedded/4.7 2014q2/bin/../lib/gcc/arm-none-eabi/4.7.4/../../../../arm-none-eabi/lib/armv7e-m\libc.a(lib_a-memcmp.o)
                              build/obj/sdcard.o (memcmp)
c:/chibistudio/tools/gnu tools arm embedded/4.7 2014q2/bin/../lib/gcc/arm-none-eabi/4.7.4/../../../../arm-none-eabi/lib/armv7e-m\libc.a(lib_a-memcpy.o)
                              build/obj/sdc_lld.o (memcpy)
c:/chibistudio/tools/gnu tools arm embedded/4.7 2014q2/bin/../lib/gcc/arm-none-eabi/4.7.4/../../../../arm-none-eabi/lib/armv7e-m\libc.a(lib_a-memset.o)
                              build/obj/usb.o (memset)
c:/chibistudio/tools/gnu tools arm embedded/4.7 2014q2/bin/../lib/gcc/arm-none-eabi/4.7.4/../../../../arm-none-eabi/lib/armv7e-m\libc.a(lib_a-mktime.o)
                              build/obj/chrtclib.o (mktime)
c:/chibistudio/tools/gnu tools arm embedded/4.7 2014q2/bin/../lib/gcc/arm-none-eabi/4.7.4/../../../../arm-none-eabi/lib/armv7e-m\libc.a(lib_a-mktm_r.o)
                              c:/chibistudio/tools/gnu tools arm embedded/4.7 2014q2/bin/../lib/gcc/arm-none-eabi/4.7.4/../../../../arm-none-eabi/lib/armv7e-m\libc.a(lib_a-mktime.o) (__tzcalc_limits)
c:/chibistudio/tools/gnu tools arm embedded/4.7 2014q2/bin/../lib/gcc/arm-none-eabi/4.7.4/../../../../arm-none-eabi/lib/armv7e-m\libc.a(lib_a-reent.o)
                              build/obj/console.o (errno)
c:/chibistudio/tools/gnu tools arm embedded/4.7 2014q2/bin/../lib/gcc/arm-none-eabi/4.7.4/../../../../arm-none-eabi/lib/armv7e-m\libc.a(lib_a-sprintf.o)
                              c:/chibistudio/tools/gnu tools arm embedded/4.7 2014q2/bin/../lib/gcc/arm-none-eabi/4.7.4/../../../../arm-none-eabi/lib/armv7e-m\libc.a(lib_a-asctime_r.o) (sprintf)
c:/chibistudio/tools/gnu tools arm embedded/4.7 2014q2/bin/../lib/gcc/arm-none-eabi/4.7.4/../../../../arm-none-eabi/lib/armv7e-m\libc.a(lib_a-strcasecmp.o)
                              build/obj/shell.o (strcasecmp)
c:/chibistudio/tools/gnu tools arm embedded/4.7 2014q2/bin/../lib/gcc/arm-none-eabi/4.7.4/../../../../arm-none-eabi/lib/armv7e-m\libc.a(lib_a-strchr.o)
                              build/obj/shell.o (strchr)
c:/chibistudio/tools/gnu tools arm embedded/4.7 2014q2/bin/../lib/gcc/arm-none-eabi/4.7.4/../../../../arm-none-eabi/lib/armv7e-m\libc.a(lib_a-strcmp.o)
                              build/obj/console.o (strcmp)
c:/chibistudio/tools/gnu tools arm embedded/4.7 2014q2/bin/../lib/gcc/arm-none-eabi/4.7.4/../../../../arm-none-eabi/lib/armv7e-m\libc.a(lib_a-strcpy.o)
                              build/obj/sdcard.o (strcpy)
[...]
Memory Configuration

Name             Origin             Length             Attributes
flash            0x08000000         0x00100000
ram              0x20000000         0x0001c000
ethram           0x2001c000         0x00004000
ccmram           0x10000000         0x00010000
*default*        0x00000000         0xffffffff

Linker script and memory map

LOAD build/obj/crt0.o
LOAD build/obj/vectors.o
LOAD build/obj/chcore.o
LOAD build/obj/chcore_v7m.o
LOAD build/obj/nvic.o
LOAD build/obj/chsys.o
LOAD build/obj/chdebug.o
LOAD build/obj/chlists.o
LOAD build/obj/chvt.o
LOAD build/obj/chschd.o
LOAD build/obj/chthreads.o
LOAD build/obj/chdynamic.o
LOAD build/obj/chregistry.o
LOAD build/obj/chsem.o
LOAD build/obj/chmtx.o
LOAD build/obj/chcond.o
LOAD build/obj/chevents.o
LOAD build/obj/chmsg.o
LOAD build/obj/chmboxes.o
LOAD build/obj/chqueues.o
LOAD build/obj/chmemcore.o
LOAD build/obj/chheap.o
LOAD build/obj/chmempools.o
LOAD build/obj/test.o
LOAD build/obj/testthd.o
LOAD build/obj/testsem.o
LOAD build/obj/testmtx.o
LOAD build/obj/testmsg.o
LOAD build/obj/testmbox.o
LOAD build/obj/testevt.o
LOAD build/obj/testheap.o
LOAD build/obj/testpools.o
LOAD build/obj/testdyn.o
LOAD build/obj/testqueues.o
LOAD build/obj/testbmk.o
LOAD build/obj/hal.o
LOAD build/obj/adc.o
LOAD build/obj/can.o
LOAD build/obj/ext.o
LOAD build/obj/gpt.o
LOAD build/obj/i2c.o
LOAD build/obj/icu.o
LOAD build/obj/mac.o
LOAD build/obj/mmc_spi.o
LOAD build/obj/mmcsd.o
LOAD build/obj/pal.o
LOAD build/obj/pwm.o
LOAD build/obj/rtc.o
LOAD build/obj/sdc.o
LOAD build/obj/serial.o
LOAD build/obj/serial_usb.o
LOAD build/obj/spi.o
LOAD build/obj/tm.o
LOAD build/obj/uart.o
LOAD build/obj/usb.o
LOAD build/obj/stm32_dma.o
LOAD build/obj/hal_lld.o
LOAD build/obj/adc_lld.o
LOAD build/obj/ext_lld_isr.o
LOAD build/obj/can_lld.o
LOAD build/obj/ext_lld.o
LOAD build/obj/gpt_lld.o
LOAD build/obj/icu_lld.o
LOAD build/obj/mac_lld.o
LOAD build/obj/pwm_lld.o
LOAD build/obj/sdc_lld.o
LOAD build/obj/serial_lld.o
LOAD build/obj/spi_lld.o
LOAD build/obj/pal_lld.o
LOAD build/obj/i2c_lld.o
LOAD build/obj/usb_lld.o
LOAD build/obj/rtc_lld.o
LOAD build/obj/uart_lld.o
LOAD build/obj/board.o
LOAD build/obj/fatfs_diskio.o
LOAD build/obj/fatfs_syscall.o
LOAD build/obj/ff.o
LOAD build/obj/ccsbcs.o
LOAD build/obj/evtimer.o
LOAD build/obj/syscalls.o
LOAD build/obj/shell.o
LOAD build/obj/chprintf.o
LOAD build/obj/chrtclib.o
LOAD build/obj/main.o
LOAD build/obj/console.o
LOAD build/obj/sdcard.o
LOAD build/obj/can_comm.o
LOAD build/obj/light.o
LOAD build/obj/speed.o
LOAD build/obj/meas.o
LOAD build/obj/cruise.o
LOAD build/obj/dsp.o
LOAD build/obj/gfx.o
LOAD build/obj/uart_comm.o
START GROUP
LOAD c:/chibistudio/tools/gnu tools arm embedded/4.7 2014q2/bin/../lib/gcc/arm-none-eabi/4.7.4/armv7e-m\libgcc.a
LOAD c:/chibistudio/tools/gnu tools arm embedded/4.7 2014q2/bin/../lib/gcc/arm-none-eabi/4.7.4/../../../../arm-none-eabi/lib/armv7e-m\libc.a
END GROUP
                0x00000400                __main_stack_size__ = 0x400
                0x00000400                __process_stack_size__ = 0x400
                0x20000000                __ram_start__ = ORIGIN (ram)
                0x0001c000                __ram_size__ = 0x1c000
                0x2001c000                __ram_end__ = (__ram_start__ + __ram_size__)
                0x00000000                . = 0x0
                0x00000000                _text = .

startup         0x08000000      0x188
 *(vectors)
 vectors        0x08000000      0x188 build/obj/vectors.o
                0x08000000                _vectors

constructors    0x08000188        0x0
                0x08000188                PROVIDE (__init_array_start, .)
 *(SORT(.init_array.*))
 *(.init_array)
                0x08000188                PROVIDE (__init_array_end, .)

destructors     0x08000188        0x0
                0x08000188                PROVIDE (__fini_array_start, .)
 *(.fini_array)
 *(SORT(.fini_array.*))
                0x08000188                PROVIDE (__fini_array_end, .)

.text           0x08000190    0x180f8
 *(.text.startup.*)
 .text.startup.main
                0x08000190       0x80 build/obj/main.o
                0x08000190                main
 *(.text)
 .text          0x08000210      0x370 c:/chibistudio/tools/gnu tools arm embedded/4.7 2014q2/bin/../lib/gcc/arm-none-eabi/4.7.4/armv7e-m\libgcc.a(_arm_addsubdf3.o)
                0x08000210                __aeabi_drsub
                0x08000218                __aeabi_dsub
                0x08000218                __subdf3
                0x0800021c                __aeabi_dadd
                0x0800021c                __adddf3
                0x08000494                __floatunsidf
                0x08000494                __aeabi_ui2d
                0x080004b4                __floatsidf
                0x080004b4                __aeabi_i2d
                0x080004d8                __aeabi_f2d
                0x080004d8                __extendsfdf2
                0x08000514                __floatundidf
                0x08000514                __aeabi_ul2d
                0x08000524                __floatdidf
                0x08000524                __aeabi_l2d
 .text          0x08000580      0x424 c:/chibistudio/tools/gnu tools arm embedded/4.7 2014q2/bin/../lib/gcc/arm-none-eabi/4.7.4/armv7e-m\libgcc.a(_arm_muldivdf3.o)
                0x08000580                __aeabi_dmul
                0x08000580                __muldf3
                0x080007d4                __divdf3
                0x080007d4                __aeabi_ddiv
 *fill*         0x080009a4        0xc 00
 .text          0x080009b0      0x110 c:/chibistudio/tools/gnu tools arm embedded/4.7 2014q2/bin/../lib/gcc/arm-none-eabi/4.7.4/armv7e-m\libgcc.a(_arm_cmpdf2.o)
                0x080009b0                __gtdf2
                0x080009b0                __gedf2
                0x080009b8                __ltdf2
                0x080009b8                __ledf2
                0x080009c0                __nedf2
                0x080009c0                __eqdf2
                0x080009c0                __cmpdf2
                0x08000a3c                __aeabi_cdrcmple
                0x08000a4c                __aeabi_cdcmpeq
                0x08000a4c                __aeabi_cdcmple
                0x08000a5c                __aeabi_dcmpeq
                0x08000a70                __aeabi_dcmplt
                0x08000a84                __aeabi_dcmple
                0x08000a98                __aeabi_dcmpge
                0x08000aac                __aeabi_dcmpgt
 .text          0x08000ac0       0x50 c:/chibistudio/tools/gnu tools arm embedded/4.7 2014q2/bin/../lib/gcc/arm-none-eabi/4.7.4/armv7e-m\libgcc.a(_arm_fixdfsi.o)
                0x08000ac0                __aeabi_d2iz
                0x08000ac0                __fixdfsi
 .text          0x08000b10       0x40 c:/chibistudio/tools/gnu tools arm embedded/4.7 2014q2/bin/../lib/gcc/arm-none-eabi/4.7.4/armv7e-m\libgcc.a(_arm_fixunsdfsi.o)
                0x08000b10                __aeabi_d2uiz
                0x08000b10                __fixunsdfsi
 .text          0x08000b50       0x2c c:/chibistudio/tools/gnu tools arm embedded/4.7 2014q2/bin/../lib/gcc/arm-none-eabi/4.7.4/armv7e-m\libgcc.a(_aeabi_uldivmod.o)
                0x08000b50                __aeabi_uldivmod
 *fill*         0x08000b7c        0x4 00
 .text          0x08000b80       0x58 c:/chibistudio/tools/gnu tools arm embedded/4.7 2014q2/bin/../lib/gcc/arm-none-eabi/4.7.4/armv7e-m\libgcc.a(bpabi.o)
                0x08000b80                __gnu_ldivmod_helper
                0x08000bac                __gnu_uldivmod_helper
 *fill*         0x08000bd8        0x8 00
 .text          0x08000be0        0x4 c:/chibistudio/tools/gnu tools arm embedded/4.7 2014q2/bin/../lib/gcc/arm-none-eabi/4.7.4/armv7e-m\libgcc.a(_dvmd_tls.o)
                0x08000be0                __aeabi_idiv0
                0x08000be0                __aeabi_ldiv0
 *fill*         0x08000be4        0xc 00
 .text          0x08000bf0      0x2bc c:/chibistudio/tools/gnu tools arm embedded/4.7 2014q2/bin/../lib/gcc/arm-none-eabi/4.7.4/armv7e-m\libgcc.a(_divdi3.o)
                0x08000bf0                __divdi3
 *fill*         0x08000eac        0x4 00
 .text          0x08000eb0      0x288 c:/chibistudio/tools/gnu tools arm embedded/4.7 2014q2/bin/../lib/gcc/arm-none-eabi/4.7.4/armv7e-m\libgcc.a(_udivdi3.o)
                0x08000eb0                __udivdi3
 *(.text.*)
 *fill*         0x08001138        0x8 00
 .text.__late_init
                0x08001140       0x10 build/obj/crt0.o
                0x08001140                __late_init
 .text._default_exit
                0x08001150       0x10 build/obj/crt0.o
                0x08001150                _default_exit
 .text.ResetHandler
                0x08001160      0x1d0 build/obj/crt0.o
                0x08001160                ResetHandler
 .text._unhandled_exception
                0x08001330       0x10 build/obj/vectors.o
                0x08001330                Vector58
                0x08001330                VectorE8
                0x08001330                Vector9C
                0x08001330                Vector5C
                0x08001330                NMIVector
                0x08001330                Vector11C
                0x08001330                VectorDC
                0x08001330                Vector168
                0x08001330                Vector110
                0x08001330                VectorC8
                0x08001330                VectorA8
                0x08001330                VectorB4
                0x08001330                Vector160
                0x08001330                VectorEC
                0x08001330                UsageFaultVector
                0x08001330                DebugMonitorVector
                0x08001330                Vector40
                0x08001330                VectorF8
                0x08001330                Vector148
                0x08001330                PendSVVector
                0x08001330                Vector118
                0x08001330                Vector64
                0x08001330                VectorCC
                0x08001330                Vector54
                0x08001330                Vector138
                0x08001330                Vector24
                0x08001330                Vector178
                0x08001330                BusFaultVector
                0x08001330                VectorD0
                0x08001330                Vector140
                0x08001330                VectorE4
                0x08001330                HardFaultVector
                0x08001330                Vector134
                0x08001330                VectorF0
                0x08001330                Vector13C
                0x08001330                Vector100
                0x08001330                VectorE0
                0x08001330                VectorF4
                0x08001330                MemManageVector
                0x08001330                VectorA0
                0x08001330                VectorC4
                0x08001330                Vector180
                0x08001330                VectorB0
                0x08001330                Vector114
                0x08001330                Vector164
                0x08001330                Vector60
                0x08001330                Vector1C
                0x08001330                Vector17C
                0x08001330                Vector48
                0x08001330                Vector16C
                0x08001330                Vector4C
                0x08001330                Vector144
                0x08001330                Vector15C
                0x08001330                Vector68
                0x08001330                _unhandled_exception
                0x08001330                Vector170
                0x08001330                Vector184
                0x08001330                Vector10C
                0x08001330                Vector50
                0x08001330                Vector44
                0x08001330                Vector28
                0x08001330                Vector34
                0x08001330                Vector20
                0x08001330                Vector174
 .text.port_halt
                0x08001340       0x10 build/obj/chcore.o
                0x08001340                port_halt
 .text._port_switch_from_isr
                0x08001350       0x10 build/obj/chcore_v7m.o
                0x08001350                _port_switch_from_isr
 .text.SVCallVector
                0x08001360       0x20 build/obj/chcore_v7m.o
                0x08001360                SVCallVector
 .text._port_init
                0x08001380       0x40 build/obj/chcore_v7m.o
                0x08001380                _port_init
 .text._port_irq_epilogue
                0x080013c0       0x70 build/obj/chcore_v7m.o
                0x080013c0                _port_irq_epilogue
 .text.SysTickVector
                0x08001430       0x20 build/obj/chcore_v7m.o
                0x08001430                SysTickVector
 .text._port_switch
                0x08001450       0x10 build/obj/chcore_v7m.o
                0x08001450                _port_switch
 .text._port_thread_start
                0x08001460       0x10 build/obj/chcore_v7m.o
                0x08001460                _port_thread_start
 .text.nvicEnableVector
                0x08001470       0x50 build/obj/nvic.o
                0x08001470                nvicEnableVector
 .text.nvicSetSystemHandlerPriority
                0x080014c0       0x30 build/obj/nvic.o
                0x080014c0                nvicSetSystemHandlerPriority
 .text._idle_thread
                0x080014f0       0x20 build/obj/chsys.o
                0x080014f0                _idle_thread
 .text.chSysInit
                0x08001510       0x70 build/obj/chsys.o
                0x08001510                chSysInit
 .text.chSysTimerHandlerI
                0x08001580       0x60 build/obj/chsys.o
                0x08001580                chSysTimerHandlerI
 .text._vt_init
                0x080015e0       0x20 build/obj/chvt.o
                0x080015e0                _vt_init
 .text.chVTSetI
                0x08001600       0x40 build/obj/chvt.o
                0x08001600                chVTSetI
 .text.chVTResetI
                0x08001640       0x30 build/obj/chvt.o
                0x08001640                chVTResetI
 .text.chTimeIsWithin
                0x08001670       0x30 build/obj/chvt.o
                0x08001670                chTimeIsWithin
 .text.wakeup   0x080016a0       0x60 build/obj/chschd.o
 .text._scheduler_init
                0x08001700       0x20 build/obj/chschd.o
                0x08001700                _scheduler_init
 .text.chSchReadyI
                0x08001720       0x20 build/obj/chschd.o
                0x08001720                chSchReadyI
 .text.chSchGoSleepS
                0x08001740       0x30 build/obj/chschd.o
                0x08001740                chSchGoSleepS
 .text.chSchGoSleepTimeoutS
                0x08001770       0x40 build/obj/chschd.o
                0x08001770                chSchGoSleepTimeoutS
 .text.chSchWakeupS
                0x080017b0       0x60 build/obj/chschd.o
                0x080017b0                chSchWakeupS
 .text.chSchDoRescheduleBehind
                0x08001810       0x40 build/obj/chschd.o
                0x08001810                chSchDoRescheduleBehind
 .text.chSchDoRescheduleAhead
                0x08001850       0x40 build/obj/chschd.o
                0x08001850                chSchDoRescheduleAhead
 .text.chSchRescheduleS
                0x08001890       0x20 build/obj/chschd.o
                0x08001890                chSchRescheduleS
 .text.chSchDoReschedule
                0x080018b0       0x20 build/obj/chschd.o
                0x080018b0                chSchDoReschedule
 .text._thread_init
                0x080018d0       0x50 build/obj/chthreads.o
                0x080018d0                _thread_init
 .text.chThdCreateI
                0x08001920       0x70 build/obj/chthreads.o
                0x08001920                chThdCreateI
 .text.chThdCreateStatic
                0x08001990       0x30 build/obj/chthreads.o
                0x08001990                chThdCreateStatic
 .text.chThdSetPriority
                0x080019c0       0x30 build/obj/chthreads.o
                0x080019c0                chThdSetPriority
 .text.chThdResume
                0x080019f0       0x20 build/obj/chthreads.o
                0x080019f0                chThdResume
 .text.chThdTerminate
                0x08001a10       0x20 build/obj/chthreads.o
                0x08001a10                chThdTerminate
 .text.chThdSleep
                0x08001a30       0x20 build/obj/chthreads.o
                0x08001a30                chThdSleep
 .text.chThdSleepUntil
                0x08001a50       0x30 build/obj/chthreads.o
                0x08001a50                chThdSleepUntil
 .text.chThdYield
                0x08001a80       0x30 build/obj/chthreads.o
                0x08001a80                chThdYield
 .text.chThdExitS
                0x08001ab0       0x40 build/obj/chthreads.o
                0x08001ab0                chThdExitS
 .text.chThdExit
                0x08001af0       0x10 build/obj/chthreads.o
                0x08001af0                chThdExit
 .text.chThdWait
                0x08001b00       0x40 build/obj/chthreads.o
                0x08001b00                chThdWait
 .text.chThdAddRef
                0x08001b40       0x20 build/obj/chdynamic.o
                0x08001b40                chThdAddRef
 .text.chThdRelease
                0x08001b60       0x50 build/obj/chdynamic.o
                0x08001b60                chThdRelease
 .text.chThdCreateFromHeap
                0x08001bb0       0x40 build/obj/chdynamic.o
                0x08001bb0                chThdCreateFromHeap
 .text.chThdCreateFromMemoryPool
                0x08001bf0       0x50 build/obj/chdynamic.o
                0x08001bf0                chThdCreateFromMemoryPool
 .text.chRegFirstThread
                0x08001c40       0x20 build/obj/chregistry.o
                0x08001c40                chRegFirstThread
 .text.chRegNextThread
                0x08001c60       0x30 build/obj/chregistry.o
                0x08001c60                chRegNextThread
 .text.chSemInit
                0x08001c90       0x10 build/obj/chsem.o
                0x08001c90                chSemInit
 .text.chSemResetI
                0x08001ca0       0x70 build/obj/chsem.o
                0x08001ca0                chSemResetI
 .text.chSemReset
                0x08001d10       0x20 build/obj/chsem.o
                0x08001d10                chSemReset
 .text.chSemWaitS
                0x08001d30       0x40 build/obj/chsem.o
                0x08001d30                chSemWaitS
 .text.chSemWait
                0x08001d70       0x20 build/obj/chsem.o
                0x08001d70                chSemWait
 .text.chSemWaitTimeoutS
                0x08001d90       0x40 build/obj/chsem.o
                0x08001d90                chSemWaitTimeoutS
 .text.chSemWaitTimeout
                0x08001dd0       0x20 build/obj/chsem.o
                0x08001dd0                chSemWaitTimeout
 .text.chSemSignal
                0x08001df0       0x30 build/obj/chsem.o
                0x08001df0                chSemSignal
 .text.chSemSignalI
                0x08001e20       0x20 build/obj/chsem.o
                0x08001e20                chSemSignalI
 .text.chSemAddCounterI
                0x08001e40       0xa0 build/obj/chsem.o
                0x08001e40                chSemAddCounterI
 .text.chSemSignalWait
                0x08001ee0       0x70 build/obj/chsem.o
                0x08001ee0                chSemSignalWait
 .text.chMtxInit
                0x08001f50       0x10 build/obj/chmtx.o
                0x08001f50                chMtxInit
 .text.chMtxLockS
                0x08001f60       0xd0 build/obj/chmtx.o
                0x08001f60                chMtxLockS
 .text.chMtxLock
                0x08002030       0x20 build/obj/chmtx.o
                0x08002030                chMtxLock
 .text.chMtxTryLock
                0x08002050       0x30 build/obj/chmtx.o
                0x08002050                chMtxTryLock
 .text.chMtxUnlock
                0x08002080       0x60 build/obj/chmtx.o
                0x08002080                chMtxUnlock
 .text.chMtxUnlockS
                0x080020e0       0x50 build/obj/chmtx.o
                0x080020e0                chMtxUnlockS
 .text.chMtxUnlockAll
                0x08002130       0x60 build/obj/chmtx.o
                0x08002130                chMtxUnlockAll
 .text.chCondInit
                0x08002190       0x10 build/obj/chcond.o
                0x08002190                chCondInit
 .text.chCondSignal
                0x080021a0       0x30 build/obj/chcond.o
                0x080021a0                chCondSignal
 .text.chCondSignalI
                0x080021d0       0x20 build/obj/chcond.o
                0x080021d0                chCondSignalI
 .text.chCondBroadcastI
                0x080021f0       0x30 build/obj/chcond.o
                0x080021f0                chCondBroadcastI
 .text.chCondBroadcast
                0x08002220       0x20 build/obj/chcond.o
                0x08002220                chCondBroadcast
 .text.chCondWaitS
                0x08002240       0x50 build/obj/chcond.o
                0x08002240                chCondWaitS
 .text.chCondWait
                0x08002290       0x20 build/obj/chcond.o
                0x08002290                chCondWait
 .text.chCondWaitTimeoutS
                0x080022b0       0x50 build/obj/chcond.o
                0x080022b0                chCondWaitTimeoutS
 .text.chCondWaitTimeout
                0x08002300       0x20 build/obj/chcond.o
                0x08002300                chCondWaitTimeout
 .text.chEvtRegisterMask
                0x08002320       0x30 build/obj/chevents.o
                0x08002320                chEvtRegisterMask
 .text.chEvtUnregister
                0x08002350       0x30 build/obj/chevents.o
                0x08002350                chEvtUnregister
 .text.chEvtGetAndClearEvents
                0x08002380       0x30 build/obj/chevents.o
                0x08002380                chEvtGetAndClearEvents
 .text.chEvtAddEvents
                0x080023b0       0x20 build/obj/chevents.o
                0x080023b0                chEvtAddEvents
 .text.chEvtSignalI
                0x080023d0       0x30 build/obj/chevents.o
                0x080023d0                chEvtSignalI
 .text.chEvtSignal
                0x08002400       0x20 build/obj/chevents.o
                0x08002400                chEvtSignal
 .text.chEvtBroadcastFlagsI
                0x08002420       0x20 build/obj/chevents.o
                0x08002420                chEvtBroadcastFlagsI
 .text.chEvtBroadcastFlags
                0x08002440       0x20 build/obj/chevents.o
                0x08002440                chEvtBroadcastFlags
 .text.chEvtDispatch
                0x08002460       0x30 build/obj/chevents.o
                0x08002460                chEvtDispatch
 .text.chEvtWaitOne
                0x08002490       0x40 build/obj/chevents.o
                0x08002490                chEvtWaitOne
 .text.chEvtWaitAny
                0x080024d0       0x40 build/obj/chevents.o
                0x080024d0                chEvtWaitAny
 .text.chEvtWaitAll
                0x08002510       0x40 build/obj/chevents.o
                0x08002510                chEvtWaitAll
 .text.chEvtWaitOneTimeout
                0x08002550       0x50 build/obj/chevents.o
                0x08002550                chEvtWaitOneTimeout
 .text.chEvtWaitAnyTimeout
                0x080025a0       0x50 build/obj/chevents.o
                0x080025a0                chEvtWaitAnyTimeout
 .text.chEvtWaitAllTimeout
                0x080025f0       0x60 build/obj/chevents.o
                0x080025f0                chEvtWaitAllTimeout
 .text.chMsgSend
                0x08002650       0x40 build/obj/chmsg.o
                0x08002650                chMsgSend
 .text.chMsgWait
                0x08002690       0x40 build/obj/chmsg.o
                0x08002690                chMsgWait
 .text.chMsgRelease
                0x080026d0       0x20 build/obj/chmsg.o
                0x080026d0                chMsgRelease
 .text.chMBInit
                0x080026f0       0x30 build/obj/chmboxes.o
                0x080026f0                chMBInit
 .text.chMBReset
                0x08002720       0x40 build/obj/chmboxes.o
                0x08002720                chMBReset
 .text.chMBPostS
                0x08002760       0x40 build/obj/chmboxes.o
                0x08002760                chMBPostS
 .text.chMBPost
                0x080027a0       0x20 build/obj/chmboxes.o
                0x080027a0                chMBPost
 .text.chMBPostI
                0x080027c0       0x30 build/obj/chmboxes.o
                0x080027c0                chMBPostI
 .text.chMBPostAheadS
                0x080027f0       0x40 build/obj/chmboxes.o
                0x080027f0                chMBPostAheadS
 .text.chMBPostAhead
                0x08002830       0x20 build/obj/chmboxes.o
                0x08002830                chMBPostAhead
 .text.chMBPostAheadI
                0x08002850       0x30 build/obj/chmboxes.o
                0x08002850                chMBPostAheadI
 .text.chMBFetchS
                0x08002880       0x40 build/obj/chmboxes.o
                0x08002880                chMBFetchS
 .text.chMBFetch
                0x080028c0       0x20 build/obj/chmboxes.o
                0x080028c0                chMBFetch
 .text.chMBFetchI
                0x080028e0       0x30 build/obj/chmboxes.o
                0x080028e0                chMBFetchI
 .text.qwait    0x08002910       0x30 build/obj/chqueues.o
 .text.chIQInit
                0x08002940       0x20 build/obj/chqueues.o
                0x08002940                chIQInit
 .text.chIQResetI
                0x08002960       0x30 build/obj/chqueues.o
                0x08002960                chIQResetI
 .text.chIQPutI
                0x08002990       0x50 build/obj/chqueues.o
                0x08002990                chIQPutI
 .text.chIQGetTimeout
                0x080029e0       0x50 build/obj/chqueues.o
                0x080029e0                chIQGetTimeout
 .text.chIQReadTimeout
                0x08002a30       0x80 build/obj/chqueues.o
                0x08002a30                chIQReadTimeout
 .text.chOQInit
                0x08002ab0       0x20 build/obj/chqueues.o
                0x08002ab0                chOQInit
 .text.chOQResetI
                0x08002ad0       0x30 build/obj/chqueues.o
                0x08002ad0                chOQResetI
 .text.chOQPutTimeout
                0x08002b00       0x50 build/obj/chqueues.o
                0x08002b00                chOQPutTimeout
 .text.chOQGetI
                0x08002b50       0x50 build/obj/chqueues.o
                0x08002b50                chOQGetI
 .text.chOQWriteTimeout
                0x08002ba0       0x80 build/obj/chqueues.o
                0x08002ba0                chOQWriteTimeout
 .text._core_init
                0x08002c20       0x30 build/obj/chmemcore.o
                0x08002c20                _core_init
 .text.chCoreAlloc
                0x08002c50       0x40 build/obj/chmemcore.o
                0x08002c50                chCoreAlloc
 .text.chCoreStatus
                0x08002c90       0x20 build/obj/chmemcore.o
                0x08002c90                chCoreStatus
 .text._heap_init
                0x08002cb0       0x20 build/obj/chheap.o
                0x08002cb0                _heap_init
 .text.chHeapInit
                0x08002cd0       0x20 build/obj/chheap.o
                0x08002cd0                chHeapInit
 .text.chHeapAlloc
                0x08002cf0       0x90 build/obj/chheap.o
                0x08002cf0                chHeapAlloc
 .text.chHeapFree
                0x08002d80       0x90 build/obj/chheap.o
                0x08002d80                chHeapFree
 .text.chHeapStatus
                0x08002e10       0x40 build/obj/chheap.o
                0x08002e10                chHeapStatus
 .text.chPoolInit
                0x08002e50       0x10 build/obj/chmempools.o
                0x08002e50                chPoolInit
 .text.chPoolLoadArray
                0x08002e60       0x80 build/obj/chmempools.o
                0x08002e60                chPoolLoadArray
 .text.chPoolAlloc
                0x08002ee0       0x30 build/obj/chmempools.o
                0x08002ee0                chPoolAlloc
 .text.chPoolFree
                0x08002f10       0x20 build/obj/chmempools.o
                0x08002f10                chPoolFree
 .text.tmr      0x08002f30       0x10 build/obj/test.o
 .text.print_line
                0x08002f40       0x40 build/obj/test.o
 .text.test_printn
                0x08002f80       0x90 build/obj/test.o
                0x08002f80                test_printn
 .text.test_print
                0x08003010       0x20 build/obj/test.o
                0x08003010                test_print
 .text.test_println
                0x08003030       0x30 build/obj/test.o
                0x08003030                test_println
 .text.test_emit_token
                0x08003060       0x20 build/obj/test.o
                0x08003060                test_emit_token
 .text._test_assert
                0x08003080       0x30 build/obj/test.o
                0x08003080                _test_assert
 .text._test_assert_sequence
                0x080030b0       0x80 build/obj/test.o
                0x080030b0                _test_assert_sequence
 .text._test_assert_time_window
                0x08003130       0x30 build/obj/test.o
                0x08003130                _test_assert_time_window
 .text.test_terminate_threads
                0x08003160       0x40 build/obj/test.o
                0x08003160                test_terminate_threads
 .text.test_wait_threads
                0x080031a0       0x50 build/obj/test.o
                0x080031a0                test_wait_threads
 .text.test_cpu_pulse
                0x080031f0       0x50 build/obj/test.o
                0x080031f0                test_cpu_pulse
 .text.test_wait_tick
                0x08003240       0x20 build/obj/test.o
                0x08003240                test_wait_tick
 .text.test_start_timer
                0x08003260       0x50 build/obj/test.o
                0x08003260                test_start_timer
 .text.TestThread
                0x080032b0      0x330 build/obj/test.o
                0x080032b0                TestThread
 .text.thd3_execute
                0x080035e0      0x140 build/obj/testthd.o
 .text.thd2_execute
                0x08003720       0xf0 build/obj/testthd.o
 .text.thd1_execute
                0x08003810       0xf0 build/obj/testthd.o
 .text.thread   0x08003900       0x10 build/obj/testthd.o
 .text.thd4_execute
                0x08003910       0x80 build/obj/testthd.o
 .text.sem3_setup
                0x08003990       0x10 build/obj/testsem.o
 .text.sem2_setup
                0x080039a0       0x10 build/obj/testsem.o
 .text.sem1_setup
                0x080039b0       0x10 build/obj/testsem.o
 .text.sem4_execute
                0x080039c0      0x100 build/obj/testsem.o
 .text.thread4  0x08003ac0       0x30 build/obj/testsem.o
 .text.thread3  0x08003af0       0x20 build/obj/testsem.o
 .text.thread1  0x08003b10       0x20 build/obj/testsem.o
 .text.thread2  0x08003b30       0x30 build/obj/testsem.o
 .text.sem1_execute
                0x08003b60      0x150 build/obj/testsem.o
 .text.sem3_execute
                0x08003cb0       0xa0 build/obj/testsem.o
 .text.sem2_execute
                0x08003d50      0x2a0 build/obj/testsem.o
 .text.mtx8_execute
                0x08003ff0       0xb0 build/obj/testmtx.o
 .text.thread12
                0x080040a0       0x20 build/obj/testmtx.o
 .text.thread1  0x080040c0       0x20 build/obj/testmtx.o
 .text.thread10
                0x080040e0       0x30 build/obj/testmtx.o
 .text.thread11
                0x08004110       0x40 build/obj/testmtx.o
 .text.mtx8_setup
                0x08004150       0x30 build/obj/testmtx.o
 .text.mtx7_setup
                0x08004180       0x20 build/obj/testmtx.o
 .text.mtx6_setup
                0x080041a0       0x20 build/obj/testmtx.o
 .text.mtx5_setup
                0x080041c0       0x10 build/obj/testmtx.o
 .text.mtx4_setup
                0x080041d0       0x20 build/obj/testmtx.o
 .text.mtx3_setup
                0x080041f0       0x20 build/obj/testmtx.o
 .text.mtx2_setup
                0x08004210       0x10 build/obj/testmtx.o
 .text.mtx1_setup
                0x08004220       0x10 build/obj/testmtx.o
 .text.mtx7_execute
                0x08004230       0xd0 build/obj/testmtx.o
 .text.mtx6_execute
                0x08004300      0x100 build/obj/testmtx.o
 .text.mtx1_execute
                0x08004400       0xe0 build/obj/testmtx.o
 .text.mtx5_execute
                0x080044e0       0xd0 build/obj/testmtx.o
 .text.mtx4_execute
                0x080045b0      0x270 build/obj/testmtx.o
 .text.thread4b
                0x08004820       0x20 build/obj/testmtx.o
 .text.thread4a
                0x08004840       0x20 build/obj/testmtx.o
 .text.mtx3_execute
                0x08004860       0xf0 build/obj/testmtx.o
 .text.mtx2_execute
                0x08004950       0xb0 build/obj/testmtx.o
 .text.thread3HH
                0x08004a00       0x30 build/obj/testmtx.o
 .text.thread3H
                0x08004a30       0x20 build/obj/testmtx.o
 .text.thread3M
                0x08004a50       0x30 build/obj/testmtx.o
 .text.thread3L
                0x08004a80       0x50 build/obj/testmtx.o
 .text.thread3LL
                0x08004ad0       0x30 build/obj/testmtx.o
 .text.thread2L
                0x08004b00       0x30 build/obj/testmtx.o
 .text.thread2M
                0x08004b30       0x20 build/obj/testmtx.o
 .text.thread2H
                0x08004b50       0x30 build/obj/testmtx.o
 .text.msg1_execute
                0x08004b80       0x90 build/obj/testmsg.o
 .text.thread   0x08004c10       0x20 build/obj/testmsg.o
 .text.mbox1_execute
                0x08004c30      0x690 build/obj/testmbox.o
 .text.mbox1_setup
                0x080052c0       0x20 build/obj/testmbox.o
 .text.evt3_setup
                0x080052e0       0x10 build/obj/testevt.o
 .text.evt2_setup
                0x080052f0       0x10 build/obj/testevt.o
 .text.evt1_setup
                0x08005300       0x10 build/obj/testevt.o
 .text.evt2_execute
                0x08005310      0x260 build/obj/testevt.o
 .text.thread2  0x08005570       0x30 build/obj/testevt.o
 .text.thread1  0x080055a0       0x20 build/obj/testevt.o
 .text.evt1_execute
                0x080055c0       0x90 build/obj/testevt.o
 .text.h3       0x08005650       0x10 build/obj/testevt.o
 .text.h2       0x08005660       0x10 build/obj/testevt.o
 .text.h1       0x08005670       0x10 build/obj/testevt.o
 .text.evt3_execute
                0x08005680       0xb0 build/obj/testevt.o
 .text.heap1_execute
                0x08005730      0x250 build/obj/testheap.o
 .text.heap1_setup
                0x08005980       0x20 build/obj/testheap.o
 .text.null_provider
                0x080059a0       0x10 build/obj/testpools.o
 .text.pools1_setup
                0x080059b0       0x20 build/obj/testpools.o
 .text.pools1_execute
                0x080059d0      0x170 build/obj/testpools.o
 .text.regfind  0x08005b40       0x30 build/obj/testdyn.o
 .text.dyn3_execute
                0x08005b70      0x140 build/obj/testdyn.o
 .text.thread   0x08005cb0       0x10 build/obj/testdyn.o
 .text.dyn3_setup
                0x08005cc0       0x20 build/obj/testdyn.o
 .text.dyn1_setup
                0x08005ce0       0x20 build/obj/testdyn.o
 .text.dyn2_execute
                0x08005d00      0x140 build/obj/testdyn.o
 .text.dyn2_setup
                0x08005e40       0x20 build/obj/testdyn.o
 .text.dyn1_execute
                0x08005e60       0xf0 build/obj/testdyn.o
 .text.notify   0x08005f50       0x10 build/obj/testqueues.o
 .text.thread2  0x08005f60       0x20 build/obj/testqueues.o
 .text.queues2_setup
                0x08005f80       0x30 build/obj/testqueues.o
 .text.thread1  0x08005fb0       0x20 build/obj/testqueues.o
 .text.queues1_setup
                0x08005fd0       0x30 build/obj/testqueues.o
 .text.queues2_execute
                0x08006000      0x2d0 build/obj/testqueues.o
 .text.queues1_execute
                0x080062d0      0x2f0 build/obj/testqueues.o
 .text.thread2  0x080065c0       0x10 build/obj/testbmk.o
 .text.tmo      0x080065d0       0x10 build/obj/testbmk.o
 .text.bmk13_execute
                0x080065e0      0x100 build/obj/testbmk.o
 .text.bmk12_execute
                0x080066e0       0x70 build/obj/testbmk.o
 .text.bmk12_setup
                0x08006750       0x10 build/obj/testbmk.o
 .text.thread3  0x08006760       0x30 build/obj/testbmk.o
 .text.bmk11_execute
                0x08006790       0x70 build/obj/testbmk.o
 .text.bmk11_setup
                0x08006800       0x10 build/obj/testbmk.o
 .text.bmk7_setup
                0x08006810       0x10 build/obj/testbmk.o
 .text.bmk10_execute
                0x08006820       0x80 build/obj/testbmk.o
 .text.bmk9_execute
                0x080068a0       0xb0 build/obj/testbmk.o
 .text.bmk6_execute
                0x08006950       0x70 build/obj/testbmk.o
 .text.bmk8_execute
                0x080069c0       0xf0 build/obj/testbmk.o
 .text.thread8  0x08006ab0       0x40 build/obj/testbmk.o
 .text.bmk7_execute
                0x08006af0      0x110 build/obj/testbmk.o
 .text.bmk5_execute
                0x08006c00       0x80 build/obj/testbmk.o
 .text.bmk4_execute
                0x08006c80       0xc0 build/obj/testbmk.o
 .text.msg_loop_test
                0x08006d40       0x40 build/obj/testbmk.o
 .text.bmk3_execute
                0x08006d80       0xe0 build/obj/testbmk.o
 .text.bmk2_execute
                0x08006e60       0x80 build/obj/testbmk.o
 .text.bmk1_execute
                0x08006ee0       0x80 build/obj/testbmk.o
 .text.thread1  0x08006f60       0x20 build/obj/testbmk.o
 .text.thread4  0x08006f80       0x30 build/obj/testbmk.o
                0x08006f80                thread4
 .text.halInit  0x08006fb0       0x50 build/obj/hal.o
                0x08006fb0                halInit
 .text.halPolledDelay
                0x08007000       0x30 build/obj/hal.o
                0x08007000                halPolledDelay
 .text.adcInit  0x08007030       0x10 build/obj/adc.o
                0x08007030                adcInit
 .text.adcObjectInit
                0x08007040       0x20 build/obj/adc.o
                0x08007040                adcObjectInit
 .text.adcStart
                0x08007060       0x20 build/obj/adc.o
                0x08007060                adcStart
 .text.adcConvert
                0x08007080       0x40 build/obj/adc.o
                0x08007080                adcConvert
 .text.canInit  0x080070c0       0x10 build/obj/can.o
                0x080070c0                canInit
 .text.canObjectInit
                0x080070d0       0x40 build/obj/can.o
                0x080070d0                canObjectInit
 .text.canStart
                0x08007110       0x40 build/obj/can.o
                0x08007110                canStart
 .text.canTransmit
                0x08007150       0x50 build/obj/can.o
                0x08007150                canTransmit
 .text.canReceive
                0x080071a0       0x50 build/obj/can.o
                0x080071a0                canReceive
 .text.i2cInit  0x080071f0       0x10 build/obj/i2c.o
                0x080071f0                i2cInit
 .text.i2cObjectInit
                0x08007200       0x10 build/obj/i2c.o
                0x08007200                i2cObjectInit
 .text.icuInit  0x08007210       0x10 build/obj/icu.o
                0x08007210                icuInit
 .text.icuObjectInit
                0x08007220       0x10 build/obj/icu.o
                0x08007220                icuObjectInit
 .text.icuStart
                0x08007230       0x20 build/obj/icu.o
                0x08007230                icuStart
 .text.icuEnable
                0x08007250       0x20 build/obj/icu.o
                0x08007250                icuEnable
 .text.mmcsdGetCapacity
                0x08007270       0x50 build/obj/mmcsd.o
                0x08007270                mmcsdGetCapacity
 .text.pwmInit  0x080072c0       0x10 build/obj/pwm.o
                0x080072c0                pwmInit
 .text.pwmObjectInit
                0x080072d0       0x10 build/obj/pwm.o
                0x080072d0                pwmObjectInit
 .text.pwmStart
                0x080072e0       0x20 build/obj/pwm.o
                0x080072e0                pwmStart
 .text.pwmEnableChannel
                0x08007300       0x20 build/obj/pwm.o
                0x08007300                pwmEnableChannel
 .text.rtcInit  0x08007320       0x10 build/obj/rtc.o
                0x08007320                rtcInit
 .text.rtcSetTime
                0x08007330       0x20 build/obj/rtc.o
                0x08007330                rtcSetTime
 .text.rtcGetTime
                0x08007350       0x20 build/obj/rtc.o
                0x08007350                rtcGetTime
 .text.rtcSetAlarm
                0x08007370       0x20 build/obj/rtc.o
                0x08007370                rtcSetAlarm
 .text.rtcGetAlarm
                0x08007390       0x20 build/obj/rtc.o
                0x08007390                rtcGetAlarm
 .text.rtcGetTimeFat
                0x080073b0       0x10 build/obj/rtc.o
                0x080073b0                rtcGetTimeFat
 .text.sdcGetInfo
                0x080073c0       0x20 build/obj/sdc.o
                0x080073c0                sdcGetInfo
 .text.sdcSync  0x080073e0       0x10 build/obj/sdc.o
                0x080073e0                sdcSync
 .text.sdcConnect
                0x080073f0      0x240 build/obj/sdc.o
                0x080073f0                sdcConnect
 .text.sdcWrite
                0x08007630       0x30 build/obj/sdc.o
                0x08007630                sdcWrite
 .text.sdcRead  0x08007660       0x30 build/obj/sdc.o
                0x08007660                sdcRead
 .text._sdc_wait_for_transfer_state
                0x08007690       0x50 build/obj/sdc.o
                0x08007690                _sdc_wait_for_transfer_state
 .text.sdcDisconnect
                0x080076e0       0x50 build/obj/sdc.o
                0x080076e0                sdcDisconnect
 .text.sdcInit  0x08007730       0x10 build/obj/sdc.o
                0x08007730                sdcInit
 .text.sdcObjectInit
                0x08007740       0x20 build/obj/sdc.o
                0x08007740                sdcObjectInit
 .text.sdcStart
                0x08007760       0x20 build/obj/sdc.o
                0x08007760                sdcStart
 .text.sdcErase
                0x08007780       0x90 build/obj/sdc.o
                0x08007780                sdcErase
 .text.readt    0x08007810       0x10 build/obj/serial.o
 .text.read     0x08007820       0x10 build/obj/serial.o
 .text.writet   0x08007830       0x10 build/obj/serial.o
 .text.write    0x08007840       0x10 build/obj/serial.o
 .text.gett     0x08007850       0x10 build/obj/serial.o
 .text.get      0x08007860       0x10 build/obj/serial.o
 .text.putt     0x08007870       0x10 build/obj/serial.o
 .text.put      0x08007880       0x10 build/obj/serial.o
 .text.sdInit   0x08007890       0x10 build/obj/serial.o
                0x08007890                sdInit
 .text.sdObjectInit
                0x080078a0       0x50 build/obj/serial.o
                0x080078a0                sdObjectInit
 .text.sdStart  0x080078f0       0x20 build/obj/serial.o
                0x080078f0                sdStart
 .text.sdIncomingDataI
                0x08007910       0x40 build/obj/serial.o
                0x08007910                sdIncomingDataI
 .text.sduInit  0x08007950       0x10 build/obj/serial_usb.o
                0x08007950                sduInit
 .text.spiInit  0x08007960       0x10 build/obj/spi.o
                0x08007960                spiInit
 .text.spiObjectInit
                0x08007970       0x10 build/obj/spi.o
                0x08007970                spiObjectInit
 .text.tm_start
                0x08007980       0x10 build/obj/tm.o
 .text.tm_stop  0x08007990       0x40 build/obj/tm.o
 .text.tmInit   0x080079d0       0x50 build/obj/tm.o
                0x080079d0                tmInit
 .text.usbInit  0x08007a20       0x10 build/obj/usb.o
                0x08007a20                usbInit
 .text.usbObjectInit
                0x08007a30       0x10 build/obj/usb.o
                0x08007a30                usbObjectInit
 .text.usbPrepareReceive
                0x08007a40       0x20 build/obj/usb.o
                0x08007a40                usbPrepareReceive
 .text.usbPrepareTransmit
                0x08007a60       0x20 build/obj/usb.o
                0x08007a60                usbPrepareTransmit
 .text.usbStartReceiveI
                0x08007a80       0x30 build/obj/usb.o
                0x08007a80                usbStartReceiveI
 .text.usbStartTransmitI
                0x08007ab0       0x30 build/obj/usb.o
                0x08007ab0                usbStartTransmitI
 .text._usb_reset
                0x08007ae0       0x30 build/obj/usb.o
                0x08007ae0                _usb_reset
 .text._usb_ep0setup
                0x08007b10      0x320 build/obj/usb.o
                0x08007b10                _usb_ep0setup
 .text._usb_ep0in
                0x08007e30       0xb0 build/obj/usb.o
                0x08007e30                _usb_ep0in
 .text._usb_ep0out
                0x08007ee0       0x80 build/obj/usb.o
                0x08007ee0                _usb_ep0out
 .text.Vector6C
                0x08007f60       0x30 build/obj/stm32_dma.o
                0x08007f60                Vector6C
 .text.Vector70
                0x08007f90       0x30 build/obj/stm32_dma.o
                0x08007f90                Vector70
 .text.Vector74
                0x08007fc0       0x30 build/obj/stm32_dma.o
                0x08007fc0                Vector74
 .text.Vector78
                0x08007ff0       0x30 build/obj/stm32_dma.o
                0x08007ff0                Vector78
 .text.Vector7C
                0x08008020       0x30 build/obj/stm32_dma.o
                0x08008020                Vector7C
 .text.Vector80
                0x08008050       0x30 build/obj/stm32_dma.o
                0x08008050                Vector80
 .text.Vector84
                0x08008080       0x30 build/obj/stm32_dma.o
                0x08008080                Vector84
 .text.VectorFC
                0x080080b0       0x30 build/obj/stm32_dma.o
                0x080080b0                VectorFC
 .text.Vector120
                0x080080e0       0x30 build/obj/stm32_dma.o
                0x080080e0                Vector120
 .text.Vector124
                0x08008110       0x30 build/obj/stm32_dma.o
                0x08008110                Vector124
 .text.Vector128
                0x08008140       0x30 build/obj/stm32_dma.o
                0x08008140                Vector128
 .text.Vector12C
                0x08008170       0x30 build/obj/stm32_dma.o
                0x08008170                Vector12C
 .text.Vector130
                0x080081a0       0x30 build/obj/stm32_dma.o
                0x080081a0                Vector130
 .text.Vector150
                0x080081d0       0x30 build/obj/stm32_dma.o
                0x080081d0                Vector150
 .text.Vector154
                0x08008200       0x30 build/obj/stm32_dma.o
                0x08008200                Vector154
 .text.Vector158
                0x08008230       0x30 build/obj/stm32_dma.o
                0x08008230                Vector158
 .text.dmaInit  0x08008260      0x140 build/obj/stm32_dma.o
                0x08008260                dmaInit
 .text.dmaStreamAllocate
                0x080083a0       0xa0 build/obj/stm32_dma.o
                0x080083a0                dmaStreamAllocate
 .text.hal_lld_init
                0x08008440       0xe0 build/obj/hal_lld.o
                0x08008440                hal_lld_init
 .text.stm32_clock_init
                0x08008520      0x160 build/obj/hal_lld.o
                0x08008520                stm32_clock_init
 .text.adc_lld_init
                0x08008680       0x40 build/obj/adc_lld.o
                0x08008680                adc_lld_init
 .text.adc_lld_start
                0x080086c0       0x70 build/obj/adc_lld.o
                0x080086c0                adc_lld_start
 .text.adc_lld_start_conversion
                0x08008730       0x80 build/obj/adc_lld.o
                0x08008730                adc_lld_start_conversion
 .text.adc_lld_stop_conversion
                0x080087b0       0x30 build/obj/adc_lld.o
                0x080087b0                adc_lld_stop_conversion
 .text.adc_lld_serve_rx_interrupt
                0x080087e0       0xf0 build/obj/adc_lld.o
 .text.Vector88
                0x080088d0       0x80 build/obj/adc_lld.o
                0x080088d0                Vector88
 .text.Vector8C
                0x08008950       0x50 build/obj/can_lld.o
                0x08008950                Vector8C
 .text.Vector90
                0x080089a0       0x80 build/obj/can_lld.o
                0x080089a0                Vector90
 .text.Vector94
                0x08008a20       0x10 build/obj/can_lld.o
                0x08008a20                Vector94
 .text.Vector98
                0x08008a30       0x90 build/obj/can_lld.o
                0x08008a30                Vector98
 .text.can_lld_init
                0x08008ac0       0x20 build/obj/can_lld.o
                0x08008ac0                can_lld_init
 .text.can_lld_start
                0x08008ae0      0x280 build/obj/can_lld.o
                0x08008ae0                can_lld_start
 .text.can_lld_can_transmit
                0x08008d60       0x10 build/obj/can_lld.o
                0x08008d60                can_lld_can_transmit
 .text.can_lld_transmit
                0x08008d70       0x50 build/obj/can_lld.o
                0x08008d70                can_lld_transmit
 .text.can_lld_can_receive
                0x08008dc0       0x10 build/obj/can_lld.o
                0x08008dc0                can_lld_can_receive
 .text.can_lld_receive
                0x08008dd0       0x80 build/obj/can_lld.o
                0x08008dd0                can_lld_receive
 .text.icu_lld_serve_interrupt.constprop.0
                0x08008e50       0x90 build/obj/icu_lld.o
 .text.VectorA4
                0x08008ee0       0x10 build/obj/icu_lld.o
                0x08008ee0                VectorA4
 .text.VectorAC
                0x08008ef0       0x10 build/obj/icu_lld.o
                0x08008ef0                VectorAC
 .text.icu_lld_init
                0x08008f00       0x20 build/obj/icu_lld.o
                0x08008f00                icu_lld_init
 .text.icu_lld_start
                0x08008f20       0xc0 build/obj/icu_lld.o
                0x08008f20                icu_lld_start
 .text.icu_lld_enable
                0x08008fe0       0x60 build/obj/icu_lld.o
                0x08008fe0                icu_lld_enable
 .text.pwm_lld_serve_interrupt
                0x08009040       0x70 build/obj/pwm_lld.o
 .text.VectorB8
                0x080090b0       0x20 build/obj/pwm_lld.o
                0x080090b0                VectorB8
 .text.Vector108
                0x080090d0       0x20 build/obj/pwm_lld.o
                0x080090d0                Vector108
 .text.pwm_lld_init
                0x080090f0       0x40 build/obj/pwm_lld.o
                0x080090f0                pwm_lld_init
 .text.pwm_lld_start
                0x08009130      0x140 build/obj/pwm_lld.o
                0x08009130                pwm_lld_start
 .text.pwm_lld_enable_channel
                0x08009270       0x40 build/obj/pwm_lld.o
                0x08009270                pwm_lld_enable_channel
 .text.sdc_lld_collect_errors
                0x080092b0       0xc0 build/obj/sdc_lld.o
 .text.Vector104
                0x08009370       0x40 build/obj/sdc_lld.o
                0x08009370                Vector104
 .text.sdc_lld_init
                0x080093b0       0x20 build/obj/sdc_lld.o
                0x080093b0                sdc_lld_init
 .text.sdc_lld_start
                0x080093d0       0x60 build/obj/sdc_lld.o
                0x080093d0                sdc_lld_start
 .text.sdc_lld_start_clk
                0x08009430       0x20 build/obj/sdc_lld.o
                0x08009430                sdc_lld_start_clk
 .text.sdc_lld_set_data_clk
                0x08009450       0x20 build/obj/sdc_lld.o
                0x08009450                sdc_lld_set_data_clk
 .text.sdc_lld_stop_clk
                0x08009470       0x10 build/obj/sdc_lld.o
                0x08009470                sdc_lld_stop_clk
 .text.sdc_lld_set_bus_mode
                0x08009480       0x30 build/obj/sdc_lld.o
                0x08009480                sdc_lld_set_bus_mode
 .text.sdc_lld_send_cmd_none
                0x080094b0       0x30 build/obj/sdc_lld.o
                0x080094b0                sdc_lld_send_cmd_none
 .text.sdc_lld_send_cmd_short
                0x080094e0       0x40 build/obj/sdc_lld.o
                0x080094e0                sdc_lld_send_cmd_short
 .text.sdc_lld_send_cmd_short_crc
                0x08009520       0x40 build/obj/sdc_lld.o
                0x08009520                sdc_lld_send_cmd_short_crc
 .text.sdc_lld_wait_transaction_end
                0x08009560       0xa0 build/obj/sdc_lld.o
 .text.sdc_lld_error_cleanup
                0x08009600       0x70 build/obj/sdc_lld.o
 .text.sdc_lld_send_cmd_long_crc
                0x08009670       0x50 build/obj/sdc_lld.o
                0x08009670                sdc_lld_send_cmd_long_crc
 .text.sdc_lld_read_aligned
                0x080096c0       0xc0 build/obj/sdc_lld.o
                0x080096c0                sdc_lld_read_aligned
 .text.sdc_lld_write_aligned
                0x08009780       0xd0 build/obj/sdc_lld.o
                0x08009780                sdc_lld_write_aligned
 .text.sdc_lld_read
                0x08009850       0xd0 build/obj/sdc_lld.o
                0x08009850                sdc_lld_read
 .text.sdc_lld_write
                0x08009920       0xd0 build/obj/sdc_lld.o
                0x08009920                sdc_lld_write
 .text.sdc_lld_sync
                0x080099f0       0x10 build/obj/sdc_lld.o
                0x080099f0                sdc_lld_sync
 .text.notify1  0x08009a00       0x20 build/obj/serial_lld.o
 .text.notify2  0x08009a20       0x20 build/obj/serial_lld.o
 .text.serve_interrupt
                0x08009a40      0x130 build/obj/serial_lld.o
 .text.VectorD4
                0x08009b70       0x20 build/obj/serial_lld.o
                0x08009b70                VectorD4
 .text.VectorD8
                0x08009b90       0x20 build/obj/serial_lld.o
                0x08009b90                VectorD8
 .text.sd_lld_init
                0x08009bb0       0x50 build/obj/serial_lld.o
                0x08009bb0                sd_lld_init
 .text.sd_lld_start
                0x08009c00       0xd0 build/obj/serial_lld.o
                0x08009c00                sd_lld_start
 .text.spi_lld_init
                0x08009cd0       0x50 build/obj/spi_lld.o
                0x08009cd0                spi_lld_init
 .text._pal_lld_init
                0x08009d20      0x1b0 build/obj/pal_lld.o
                0x08009d20                _pal_lld_init
 .text.VectorBC
                0x08009ed0      0x100 build/obj/i2c_lld.o
                0x08009ed0                VectorBC
 .text.VectorC0
                0x08009fd0      0x160 build/obj/i2c_lld.o
                0x08009fd0                VectorC0
 .text.i2c_lld_init
                0x0800a130       0x30 build/obj/i2c_lld.o
                0x0800a130                i2c_lld_init
 .text.otg_epout_handler
                0x0800a160       0x60 build/obj/usb_lld.o
 .text.otg_txfifo_flush
                0x0800a1c0       0x20 build/obj/usb_lld.o
 .text.otg_epin_handler
                0x0800a1e0       0x80 build/obj/usb_lld.o
 .text.Vector14C
                0x0800a260      0x100 build/obj/usb_lld.o
                0x0800a260                Vector14C
 .text.usb_lld_init
                0x0800a360       0x30 build/obj/usb_lld.o
                0x0800a360                usb_lld_init
 .text.usb_lld_reset
                0x0800a390      0x130 build/obj/usb_lld.o
                0x0800a390                usb_lld_reset
 .text.usb_lld_set_address
                0x0800a4c0       0x20 build/obj/usb_lld.o
                0x0800a4c0                usb_lld_set_address
 .text.usb_lld_get_status_out
                0x0800a4e0       0x20 build/obj/usb_lld.o
                0x0800a4e0                usb_lld_get_status_out
 .text.usb_lld_get_status_in
                0x0800a500       0x20 build/obj/usb_lld.o
                0x0800a500                usb_lld_get_status_in
 .text.usb_lld_read_setup
                0x0800a520       0x20 build/obj/usb_lld.o
                0x0800a520                usb_lld_read_setup
 .text.usb_lld_prepare_receive
                0x0800a540       0x30 build/obj/usb_lld.o
                0x0800a540                usb_lld_prepare_receive
 .text.usb_lld_prepare_transmit
                0x0800a570       0x40 build/obj/usb_lld.o
                0x0800a570                usb_lld_prepare_transmit
 .text.usb_lld_start_out
                0x0800a5b0       0x10 build/obj/usb_lld.o
                0x0800a5b0                usb_lld_start_out
 .text.usb_lld_start_in
                0x0800a5c0       0x30 build/obj/usb_lld.o
                0x0800a5c0                usb_lld_start_in
 .text.usb_lld_stall_out
                0x0800a5f0       0x10 build/obj/usb_lld.o
                0x0800a5f0                usb_lld_stall_out
 .text.usb_lld_stall_in
                0x0800a600       0x10 build/obj/usb_lld.o
                0x0800a600                usb_lld_stall_in
 .text.usb_lld_clear_out
                0x0800a610       0x10 build/obj/usb_lld.o
                0x0800a610                usb_lld_clear_out
 .text.usb_lld_clear_in
                0x0800a620       0x10 build/obj/usb_lld.o
                0x0800a620                usb_lld_clear_in
 .text.rtc_lld_init
                0x0800a630       0x50 build/obj/rtc_lld.o
                0x0800a630                rtc_lld_init
 .text.rtc_lld_set_time
                0x0800a680       0x40 build/obj/rtc_lld.o
                0x0800a680                rtc_lld_set_time
 .text.rtc_lld_get_time
                0x0800a6c0       0x40 build/obj/rtc_lld.o
                0x0800a6c0                rtc_lld_get_time
 .text.rtc_lld_set_alarm
                0x0800a700       0x80 build/obj/rtc_lld.o
                0x0800a700                rtc_lld_set_alarm
 .text.rtc_lld_get_alarm
                0x0800a780       0x10 build/obj/rtc_lld.o
                0x0800a780                rtc_lld_get_alarm
 .text.rtc_lld_get_time_fat
                0x0800a790       0xb0 build/obj/rtc_lld.o
                0x0800a790                rtc_lld_get_time_fat
 .text.__early_init
                0x0800a840       0x10 build/obj/board.o
                0x0800a840                __early_init
 .text.boardInit
                0x0800a850       0x10 build/obj/board.o
                0x0800a850                boardInit
 .text.disk_initialize
                0x0800a860       0x30 build/obj/fatfs_diskio.o
                0x0800a860                disk_initialize
 .text.disk_status
                0x0800a890       0x30 build/obj/fatfs_diskio.o
                0x0800a890                disk_status
 .text.disk_read
                0x0800a8c0       0x30 build/obj/fatfs_diskio.o
                0x0800a8c0                disk_read
 .text.disk_write
                0x0800a8f0       0x30 build/obj/fatfs_diskio.o
                0x0800a8f0                disk_write
 .text.disk_ioctl
                0x0800a920       0x50 build/obj/fatfs_diskio.o
                0x0800a920                disk_ioctl
 .text.get_fattime
                0x0800a970       0x10 build/obj/fatfs_diskio.o
                0x0800a970                get_fattime
 .text.ff_memalloc
                0x0800a980       0x10 build/obj/fatfs_syscall.o
                0x0800a980                ff_memalloc
 .text.ff_memfree
                0x0800a990       0x10 build/obj/fatfs_syscall.o
                0x0800a990                ff_memfree
 .text.move_window
                0x0800a9a0       0xb0 build/obj/ff.o
 .text.sync     0x0800aa50       0x80 build/obj/ff.o
 .text.get_fileinfo
                0x0800aad0      0x1f0 build/obj/ff.o
 .text.validate
                0x0800acc0       0x30 build/obj/ff.o
 .text.check_fs
                0x0800acf0       0x50 build/obj/ff.o
 .text.chk_mounted
                0x0800ad40      0x1f0 build/obj/ff.o
 .text.get_fat  0x0800af30       0xb0 build/obj/ff.o
                0x0800af30                get_fat
 .text.dir_sdi  0x0800afe0       0xa0 build/obj/ff.o
 .text.put_fat  0x0800b080       0xf0 build/obj/ff.o
                0x0800b080                put_fat
 .text.create_chain
                0x0800b170       0xa0 build/obj/ff.o
 .text.dir_next
                0x0800b210      0x130 build/obj/ff.o
 .text.dir_find.part.4
                0x0800b340      0x4c0 build/obj/ff.o
 .text.follow_path
                0x0800b800      0x330 build/obj/ff.o
 .text.dir_read
                0x0800bb30      0x320 build/obj/ff.o
 .text.remove_chain
                0x0800be50       0xb0 build/obj/ff.o
 .text.gen_numname
                0x0800bf00      0x120 build/obj/ff.o
                0x0800bf00                gen_numname
 .text.dir_register
                0x0800c020      0x440 build/obj/ff.o
 .text.f_mount  0x0800c460       0x20 build/obj/ff.o
                0x0800c460                f_mount
 .text.f_open   0x0800c480      0x180 build/obj/ff.o
                0x0800c480                f_open
 .text.f_read   0x0800c600      0x280 build/obj/ff.o
                0x0800c600                f_read
 .text.f_write  0x0800c880      0x2d0 build/obj/ff.o
                0x0800c880                f_write
 .text.f_sync   0x0800cb50       0x90 build/obj/ff.o
                0x0800cb50                f_sync
 .text.f_close  0x0800cbe0       0x10 build/obj/ff.o
                0x0800cbe0                f_close
 .text.f_opendir
                0x0800cbf0       0x80 build/obj/ff.o
                0x0800cbf0                f_opendir
 .text.f_readdir
                0x0800cc70       0x80 build/obj/ff.o
                0x0800cc70                f_readdir
 .text.f_stat   0x0800ccf0       0x60 build/obj/ff.o
                0x0800ccf0                f_stat
 .text.f_getfree
                0x0800cd50      0x1b0 build/obj/ff.o
                0x0800cd50                f_getfree
 .text.f_gets   0x0800cf00       0xa0 build/obj/ff.o
                0x0800cf00                f_gets
 .text.ff_convert
                0x0800cfa0       0x50 build/obj/ccsbcs.o
                0x0800cfa0                ff_convert
 .text.ff_wtoupper
                0x0800cff0       0x30 build/obj/ccsbcs.o
                0x0800cff0                ff_wtoupper
 .text._sbrk_r  0x0800d020       0x20 build/obj/syscalls.o
                0x0800d020                _sbrk_r
 .text.cmd_systime
                0x0800d040       0x30 build/obj/shell.o
 .text.cmd_info
                0x0800d070       0xc0 build/obj/shell.o
 .text._strtok.constprop.2
                0x0800d130       0x40 build/obj/shell.o
 .text.shellInit
                0x0800d170       0x10 build/obj/shell.o
                0x0800d170                shellInit
 .text.shellCreate
                0x0800d180       0x20 build/obj/shell.o
                0x0800d180                shellCreate
 .text.shellGetLine
                0x0800d1a0       0xa0 build/obj/shell.o
                0x0800d1a0                shellGetLine
 .text.shell_thread
                0x0800d240      0x1f0 build/obj/shell.o
 .text.long_to_string_with_divisor.constprop.0
                0x0800d430       0x70 build/obj/chprintf.o
 .text.chprintf
                0x0800d4a0      0x3a0 build/obj/chprintf.o
                0x0800d4a0                chprintf
 .text.stm32_rtc_bcd2tm
                0x0800d840       0xb0 build/obj/chrtclib.o
 .text.stm32_rtc_tm2bcd
                0x0800d8f0      0x110 build/obj/chrtclib.o
 .text.rtcGetTimeTm
                0x0800da00       0x30 build/obj/chrtclib.o
                0x0800da00                rtcGetTimeTm
 .text.rtcGetTimeUnixSec
                0x0800da30       0x30 build/obj/chrtclib.o
                0x0800da30                rtcGetTimeUnixSec
 .text.rtcSetTimeUnixSec
                0x0800da60       0x30 build/obj/chrtclib.o
                0x0800da60                rtcSetTimeUnixSec
 .text.Thread1  0x0800da90       0x50 build/obj/main.o
 .text.task20ms
                0x0800dae0       0x40 build/obj/main.o
 .text.cmd_alarm
                0x0800db20       0xd0 build/obj/console.o
                0x0800db20                cmd_alarm
 .text.cmd_date
                0x0800dbf0       0xf0 build/obj/console.o
                0x0800dbf0                cmd_date
 .text.cmd_test
                0x0800dce0       0x60 build/obj/console.o
                0x0800dce0                cmd_test
 .text.cmd_threads
                0x0800dd40       0x70 build/obj/console.o
                0x0800dd40                cmd_threads
 .text.cmd_mem  0x0800ddb0       0x60 build/obj/console.o
                0x0800ddb0                cmd_mem
 .text.cmd_sleep
                0x0800de10       0x60 build/obj/console.o
                0x0800de10                cmd_sleep
 .text.consoleInit
                0x0800de70       0x30 build/obj/console.o
                0x0800de70                consoleInit
 .text.consoleStart
                0x0800dea0       0x40 build/obj/console.o
                0x0800dea0                consoleStart
 .text.scan_files.constprop.0
                0x0800dee0       0xa0 build/obj/sdcard.o
 .text.sdc_lld_is_card_inserted
                0x0800df80       0x10 build/obj/sdcard.o
                0x0800df80                sdc_lld_is_card_inserted
 .text.sdc_lld_is_write_protected
                0x0800df90       0x10 build/obj/sdcard.o
                0x0800df90                sdc_lld_is_write_protected
 .text.sdcardInit
                0x0800dfa0       0x30 build/obj/sdcard.o
                0x0800dfa0                sdcardInit
 .text.sdcardMount
                0x0800dfd0       0x60 build/obj/sdcard.o
                0x0800dfd0                sdcardMount
 .text.sdcardUMount
                0x0800e030       0x30 build/obj/sdcard.o
                0x0800e030                sdcardUMount
 .text.sdcardIsMounted
                0x0800e060       0x10 build/obj/sdcard.o
                0x0800e060                sdcardIsMounted
 .text.cmd_tree
                0x0800e070       0x80 build/obj/sdcard.o
                0x0800e070                cmd_tree
 .text.cmd_mountsd
                0x0800e0f0       0x80 build/obj/sdcard.o
                0x0800e0f0                cmd_mountsd
 .text.cmd_umountsd
                0x0800e170       0x40 build/obj/sdcard.o
                0x0800e170                cmd_umountsd
 .text.cmd_cat  0x0800e1b0       0x90 build/obj/sdcard.o
                0x0800e1b0                cmd_cat
 .text.cmd_sdiotest
                0x0800e240      0x4f0 build/obj/sdcard.o
                0x0800e240                cmd_sdiotest
 .text.can_tx   0x0800e730       0x80 build/obj/can_comm.o
 .text.can_rx   0x0800e7b0      0x210 build/obj/can_comm.o
 .text.can_commInit
                0x0800e9c0       0x60 build/obj/can_comm.o
                0x0800e9c0                can_commInit
 .text.cmd_can_commvalues
                0x0800ea20       0x80 build/obj/can_comm.o
                0x0800ea20                cmd_can_commvalues
 .text.cmd_canmppttest
                0x0800eaa0      0x150 build/obj/can_comm.o
                0x0800eaa0                cmd_canmppttest
 .text.cmd_candata
                0x0800ebf0      0x130 build/obj/can_comm.o
                0x0800ebf0                cmd_candata
 .text.lightInit
                0x0800ed20       0x20 build/obj/light.o
                0x0800ed20                lightInit
 .text.lightCalc
                0x0800ed40       0x90 build/obj/light.o
                0x0800ed40                lightCalc
 .text.cmd_lightvalues
                0x0800edd0       0x70 build/obj/light.o
                0x0800edd0                cmd_lightvalues
 .text.speedWheelPeriodCb
                0x0800ee40       0x20 build/obj/speed.o
 .text.speedWheelPeriodNumber
                0x0800ee60       0x10 build/obj/speed.o
 .text.speedInit
                0x0800ee70       0x30 build/obj/speed.o
                0x0800ee70                speedInit
 .text.speedCalc
                0x0800eea0       0xb0 build/obj/speed.o
                0x0800eea0                speedCalc
 .text.speedGetRpm
                0x0800ef50       0x20 build/obj/speed.o
                0x0800ef50                speedGetRpm
 .text.cmd_speedvalues
                0x0800ef70       0x90 build/obj/speed.o
                0x0800ef70                cmd_speedvalues
 .text.adcerrorcallback
                0x0800f000       0x10 build/obj/meas.o
 .text.measInit
                0x0800f010       0x20 build/obj/meas.o
                0x0800f010                measInit
 .text.measCalc
                0x0800f030      0x1f0 build/obj/meas.o
                0x0800f030                measCalc
 .text.cmd_measvalues
                0x0800f220       0xc0 build/obj/meas.o
                0x0800f220                cmd_measvalues
 .text.cruiseInit
                0x0800f2e0       0x80 build/obj/cruise.o
                0x0800f2e0                cruiseInit
 .text.cruisePID
                0x0800f360      0x180 build/obj/cruise.o
                0x0800f360                cruisePID
 .text.cruiseCalc
                0x0800f4e0       0xc0 build/obj/cruise.o
                0x0800f4e0                cruiseCalc
 .text.cmd_cruisevalues
                0x0800f5a0      0x100 build/obj/cruise.o
                0x0800f5a0                cmd_cruisevalues
 .text.cmd_setcruisevalues
                0x0800f6a0      0x1b0 build/obj/cruise.o
                0x0800f6a0                cmd_setcruisevalues
 .text.dspInit  0x0800f850       0x10 build/obj/dsp.o
                0x0800f850                dspInit
 .text.dspCalc  0x0800f860       0x10 build/obj/dsp.o
                0x0800f860                dspCalc
 .text.gfx_Cls  0x0800f870       0x30 build/obj/gfx.o
                0x0800f870                gfx_Cls
 .text.uart_commInit
                0x0800f8a0       0x20 build/obj/uart_comm.o
                0x0800f8a0                uart_commInit
 .text.asctime  0x0800f8c0       0x10 c:/chibistudio/tools/gnu tools arm embedded/4.7 2014q2/bin/../lib/gcc/arm-none-eabi/4.7.4/../../../../arm-none-eabi/lib/armv7e-m\libc.a(lib_a-asctime.o)
                0x0800f8c0                asctime
 .text.asctime_r
                0x0800f8d0       0x54 c:/chibistudio/tools/gnu tools arm embedded/4.7 2014q2/bin/../lib/gcc/arm-none-eabi/4.7.4/../../../../arm-none-eabi/lib/armv7e-m\libc.a(lib_a-asctime_r.o)
                0x0800f8d0                asctime_r
 *fill*         0x0800f924        0xc 00
 .text.atol     0x0800f930        0x8 c:/chibistudio/tools/gnu tools arm embedded/4.7 2014q2/bin/../lib/gcc/arm-none-eabi/4.7.4/../../../../arm-none-eabi/lib/armv7e-m\libc.a(lib_a-atol.o)
                0x0800f930                atol
 *fill*         0x0800f938        0x8 00
 .text.localtime_r
                0x0800f940        0x8 c:/chibistudio/tools/gnu tools arm embedded/4.7 2014q2/bin/../lib/gcc/arm-none-eabi/4.7.4/../../../../arm-none-eabi/lib/armv7e-m\libc.a(lib_a-lcltime_r.o)
                0x0800f940                localtime_r
 *fill*         0x0800f948        0x8 00
 .text.memcmp   0x0800f950       0xb8 c:/chibistudio/tools/gnu tools arm embedded/4.7 2014q2/bin/../lib/gcc/arm-none-eabi/4.7.4/../../../../arm-none-eabi/lib/armv7e-m\libc.a(lib_a-memcmp.o)
                0x0800f950                memcmp
 *fill*         0x0800fa08        0x8 00
 .text.memcpy   0x0800fa10      0x144 c:/chibistudio/tools/gnu tools arm embedded/4.7 2014q2/bin/../lib/gcc/arm-none-eabi/4.7.4/../../../../arm-none-eabi/lib/armv7e-m\libc.a(lib_a-memcpy.o)
                0x0800fa10                memcpy
 *fill*         0x0800fb54        0xc 00
 .text.memset   0x0800fb60      0x12c c:/chibistudio/tools/gnu tools arm embedded/4.7 2014q2/bin/../lib/gcc/arm-none-eabi/4.7.4/../../../../arm-none-eabi/lib/armv7e-m\libc.a(lib_a-memset.o)
                0x0800fb60                memset
 *fill*         0x0800fc8c        0x4 00
 .text.validate_structure
                0x0800fc90      0x20c c:/chibistudio/tools/gnu tools arm embedded/4.7 2014q2/bin/../lib/gcc/arm-none-eabi/4.7.4/../../../../arm-none-eabi/lib/armv7e-m\libc.a(lib_a-mktime.o)
 *fill*         0x0800fe9c        0x4 00
 .text.mktime   0x0800fea0      0x36c c:/chibistudio/tools/gnu tools arm embedded/4.7 2014q2/bin/../lib/gcc/arm-none-eabi/4.7.4/../../../../arm-none-eabi/lib/armv7e-m\libc.a(lib_a-mktime.o)
                0x0800fea0                mktime
 *fill*         0x0801020c        0x4 00
 .text.__tzcalc_limits
                0x08010210      0x1b8 c:/chibistudio/tools/gnu tools arm embedded/4.7 2014q2/bin/../lib/gcc/arm-none-eabi/4.7.4/../../../../arm-none-eabi/lib/armv7e-m\libc.a(lib_a-mktm_r.o)
                0x08010210                __tzcalc_limits
 *fill*         0x080103c8        0x8 00
 .text._mktm_r  0x080103d0      0x360 c:/chibistudio/tools/gnu tools arm embedded/4.7 2014q2/bin/../lib/gcc/arm-none-eabi/4.7.4/../../../../arm-none-eabi/lib/armv7e-m\libc.a(lib_a-mktm_r.o)
                0x080103d0                _mktm_r
 .text.sprintf  0x08010730       0x50 c:/chibistudio/tools/gnu tools arm embedded/4.7 2014q2/bin/../lib/gcc/arm-none-eabi/4.7.4/../../../../arm-none-eabi/lib/armv7e-m\libc.a(lib_a-sprintf.o)
                0x08010730                sprintf
 .text.strcasecmp
                0x08010780       0x44 c:/chibistudio/tools/gnu tools arm embedded/4.7 2014q2/bin/../lib/gcc/arm-none-eabi/4.7.4/../../../../arm-none-eabi/lib/armv7e-m\libc.a(lib_a-strcasecmp.o)
                0x08010780                strcasecmp
 *fill*         0x080107c4        0xc 00
 .text.strchr   0x080107d0       0xfc c:/chibistudio/tools/gnu tools arm embedded/4.7 2014q2/bin/../lib/gcc/arm-none-eabi/4.7.4/../../../../arm-none-eabi/lib/armv7e-m\libc.a(lib_a-strchr.o)
                0x080107d0                strchr
 *fill*         0x080108cc        0x4 00
 .text.strcmp   0x080108d0       0x80 c:/chibistudio/tools/gnu tools arm embedded/4.7 2014q2/bin/../lib/gcc/arm-none-eabi/4.7.4/../../../../arm-none-eabi/lib/armv7e-m\libc.a(lib_a-strcmp.o)
                0x080108d0                strcmp
 .text.strcmp_unaligned
                0x08010950      0x15c c:/chibistudio/tools/gnu tools arm embedded/4.7 2014q2/bin/../lib/gcc/arm-none-eabi/4.7.4/../../../../arm-none-eabi/lib/armv7e-m\libc.a(lib_a-strcmp.o)
 *fill*         0x08010aac        0x4 00
 .text.strcpy   0x08010ab0       0xbc c:/chibistudio/tools/gnu tools arm embedded/4.7 2014q2/bin/../lib/gcc/arm-none-eabi/4.7.4/../../../../arm-none-eabi/lib/armv7e-m\libc.a(lib_a-strcpy.o)
                0x08010ab0                strcpy
 *fill*         0x08010b6c        0x4 00
 .text.strlen   0x08010b70       0x60 c:/chibistudio/tools/gnu tools arm embedded/4.7 2014q2/bin/../lib/gcc/arm-none-eabi/4.7.4/../../../../arm-none-eabi/lib/armv7e-m\libc.a(lib_a-strlen.o)
                0x08010b70                strlen
 .text.strspn   0x08010bd0       0x40 c:/chibistudio/tools/gnu tools arm embedded/4.7 2014q2/bin/../lib/gcc/arm-none-eabi/4.7.4/../../../../arm-none-eabi/lib/armv7e-m\libc.a(lib_a-strspn.o)
                0x08010bd0                strspn
 .text._strtol_r
                0x08010c10      0x134 c:/chibistudio/tools/gnu tools arm embedded/4.7 2014q2/bin/../lib/gcc/arm-none-eabi/4.7.4/../../../../arm-none-eabi/lib/armv7e-m\libc.a(lib_a-strtol.o)
                0x08010c10                _strtol_r
 *fill*         0x08010d44        0xc 00
 .text.strtol   0x08010d50       0x1c c:/chibistudio/tools/gnu tools arm embedded/4.7 2014q2/bin/../lib/gcc/arm-none-eabi/4.7.4/../../../../arm-none-eabi/lib/armv7e-m\libc.a(lib_a-strtol.o)
                0x08010d50                strtol
 *fill*         0x08010d6c        0x4 00
 .text._svfprintf_r
                0x08010d70     0x1adc c:/chibistudio/tools/gnu tools arm embedded/4.7 2014q2/bin/../lib/gcc/arm-none-eabi/4.7.4/../../../../arm-none-eabi/lib/armv7e-m\libc.a(lib_a-svfprintf.o)
                0x08010d70                _svfprintf_r
 *fill*         0x0801284c        0x4 00
 .text.__tz_lock
                0x08012850        0x4 c:/chibistudio/tools/gnu tools arm embedded/4.7 2014q2/bin/../lib/gcc/arm-none-eabi/4.7.4/../../../../arm-none-eabi/lib/armv7e-m\libc.a(lib_a-tzlock.o)
                0x08012850                __tz_lock
 *fill*         0x08012854        0xc 00
 .text.__tz_unlock
                0x08012860        0x4 c:/chibistudio/tools/gnu tools arm embedded/4.7 2014q2/bin/../lib/gcc/arm-none-eabi/4.7.4/../../../../arm-none-eabi/lib/armv7e-m\libc.a(lib_a-tzlock.o)
                0x08012860                __tz_unlock
 *fill*         0x08012864        0xc 00
 .text.div      0x08012870       0x2c c:/chibistudio/tools/gnu tools arm embedded/4.7 2014q2/bin/../lib/gcc/arm-none-eabi/4.7.4/../../../../arm-none-eabi/lib/armv7e-m\libc.a(lib_a-div.o)
                0x08012870                div
 *fill*         0x0801289c        0x4 00
 .text.quorem   0x080128a0      0x2ec c:/chibistudio/tools/gnu tools arm embedded/4.7 2014q2/bin/../lib/gcc/arm-none-eabi/4.7.4/../../../../arm-none-eabi/lib/armv7e-m\libc.a(lib_a-dtoa.o)
 *fill*         0x08012b8c        0x4 00
 .text._dtoa_r  0x08012b90     0x1258 c:/chibistudio/tools/gnu tools arm embedded/4.7 2014q2/bin/../lib/gcc/arm-none-eabi/4.7.4/../../../../arm-none-eabi/lib/armv7e-m\libc.a(lib_a-dtoa.o)
                0x08012b90                _dtoa_r
 *fill*         0x08013de8        0x8 00
 .text._malloc_trim_r
                0x08013df0       0x98 c:/chibistudio/tools/gnu tools arm embedded/4.7 2014q2/bin/../lib/gcc/arm-none-eabi/4.7.4/../../../../arm-none-eabi/lib/armv7e-m\libc.a(lib_a-freer.o)
                0x08013df0                _malloc_trim_r
 *fill*         0x08013e88        0x8 00
 .text._free_r  0x08013e90      0x194 c:/chibistudio/tools/gnu tools arm embedded/4.7 2014q2/bin/../lib/gcc/arm-none-eabi/4.7.4/../../../../arm-none-eabi/lib/armv7e-m\libc.a(lib_a-freer.o)
                0x08013e90                _free_r
 *fill*         0x08014024        0xc 00
 .text.__gettzinfo
                0x08014030        0xc c:/chibistudio/tools/gnu tools arm embedded/4.7 2014q2/bin/../lib/gcc/arm-none-eabi/4.7.4/../../../../arm-none-eabi/lib/armv7e-m\libc.a(lib_a-gettzinfo.o)
                0x08014030                __gettzinfo
 *fill*         0x0801403c        0x4 00
 .text._localeconv_r
                0x08014040        0xc c:/chibistudio/tools/gnu tools arm embedded/4.7 2014q2/bin/../lib/gcc/arm-none-eabi/4.7.4/../../../../arm-none-eabi/lib/armv7e-m\libc.a(lib_a-locale.o)
                0x08014040                _localeconv_r
 *fill*         0x0801404c        0x4 00
 .text._malloc_r
                0x08014050      0x55c c:/chibistudio/tools/gnu tools arm embedded/4.7 2014q2/bin/../lib/gcc/arm-none-eabi/4.7.4/../../../../arm-none-eabi/lib/armv7e-m\libc.a(lib_a-mallocr.o)
                0x08014050                _malloc_r
 *fill*         0x080145ac        0x4 00
 .text.memchr   0x080145b0      0x140 c:/chibistudio/tools/gnu tools arm embedded/4.7 2014q2/bin/../lib/gcc/arm-none-eabi/4.7.4/../../../../arm-none-eabi/lib/armv7e-m\libc.a(lib_a-memchr.o)
                0x080145b0                memchr
 .text.__malloc_lock
                0x080146f0        0x4 c:/chibistudio/tools/gnu tools arm embedded/4.7 2014q2/bin/../lib/gcc/arm-none-eabi/4.7.4/../../../../arm-none-eabi/lib/armv7e-m\libc.a(lib_a-mlock.o)
                0x080146f0                __malloc_lock
 *fill*         0x080146f4        0xc 00
 .text.__malloc_unlock
                0x08014700        0x4 c:/chibistudio/tools/gnu tools arm embedded/4.7 2014q2/bin/../lib/gcc/arm-none-eabi/4.7.4/../../../../arm-none-eabi/lib/armv7e-m\libc.a(lib_a-mlock.o)
                0x08014700                __malloc_unlock
 *fill*         0x08014704        0xc 00
 .text._Balloc  0x08014710       0x4c c:/chibistudio/tools/gnu tools arm embedded/4.7 2014q2/bin/../lib/gcc/arm-none-eabi/4.7.4/../../../../arm-none-eabi/lib/armv7e-m\libc.a(lib_a-mprec.o)
                0x08014710                _Balloc
 *fill*         0x0801475c        0x4 00
 .text._Bfree   0x08014760       0x14 c:/chibistudio/tools/gnu tools arm embedded/4.7 2014q2/bin/../lib/gcc/arm-none-eabi/4.7.4/../../../../arm-none-eabi/lib/armv7e-m\libc.a(lib_a-mprec.o)
                0x08014760                _Bfree
 *fill*         0x08014774        0xc 00
 .text.__multadd
                0x08014780       0xf8 c:/chibistudio/tools/gnu tools arm embedded/4.7 2014q2/bin/../lib/gcc/arm-none-eabi/4.7.4/../../../../arm-none-eabi/lib/armv7e-m\libc.a(lib_a-mprec.o)
                0x08014780                __multadd
 *fill*         0x08014878        0x8 00
 .text.__hi0bits
                0x08014880       0x3c c:/chibistudio/tools/gnu tools arm embedded/4.7 2014q2/bin/../lib/gcc/arm-none-eabi/4.7.4/../../../../arm-none-eabi/lib/armv7e-m\libc.a(lib_a-mprec.o)
                0x08014880                __hi0bits
 *fill*         0x080148bc        0x4 00
 .text.__lo0bits
                0x080148c0       0x5c c:/chibistudio/tools/gnu tools arm embedded/4.7 2014q2/bin/../lib/gcc/arm-none-eabi/4.7.4/../../../../arm-none-eabi/lib/armv7e-m\libc.a(lib_a-mprec.o)
                0x080148c0                __lo0bits
 *fill*         0x0801491c        0x4 00
 .text.__i2b    0x08014920       0x14 c:/chibistudio/tools/gnu tools arm embedded/4.7 2014q2/bin/../lib/gcc/arm-none-eabi/4.7.4/../../../../arm-none-eabi/lib/armv7e-m\libc.a(lib_a-mprec.o)
                0x08014920                __i2b
 *fill*         0x08014934        0xc 00
 .text.__multiply
                0x08014940      0x2d0 c:/chibistudio/tools/gnu tools arm embedded/4.7 2014q2/bin/../lib/gcc/arm-none-eabi/4.7.4/../../../../arm-none-eabi/lib/armv7e-m\libc.a(lib_a-mprec.o)
                0x08014940                __multiply
 .text.__pow5mult
                0x08014c10       0x94 c:/chibistudio/tools/gnu tools arm embedded/4.7 2014q2/bin/../lib/gcc/arm-none-eabi/4.7.4/../../../../arm-none-eabi/lib/armv7e-m\libc.a(lib_a-mprec.o)
                0x08014c10                __pow5mult
 *fill*         0x08014ca4        0xc 00
 .text.__lshift
                0x08014cb0      0x188 c:/chibistudio/tools/gnu tools arm embedded/4.7 2014q2/bin/../lib/gcc/arm-none-eabi/4.7.4/../../../../arm-none-eabi/lib/armv7e-m\libc.a(lib_a-mprec.o)
                0x08014cb0                __lshift
 *fill*         0x08014e38        0x8 00
 .text.__mcmp   0x08014e40       0x5c c:/chibistudio/tools/gnu tools arm embedded/4.7 2014q2/bin/../lib/gcc/arm-none-eabi/4.7.4/../../../../arm-none-eabi/lib/armv7e-m\libc.a(lib_a-mprec.o)
                0x08014e40                __mcmp
 *fill*         0x08014e9c        0x4 00
 .text.__mdiff  0x08014ea0      0x20c c:/chibistudio/tools/gnu tools arm embedded/4.7 2014q2/bin/../lib/gcc/arm-none-eabi/4.7.4/../../../../arm-none-eabi/lib/armv7e-m\libc.a(lib_a-mprec.o)
                0x08014ea0                __mdiff
 *fill*         0x080150ac        0x4 00
 .text.__d2b    0x080150b0       0xc0 c:/chibistudio/tools/gnu tools arm embedded/4.7 2014q2/bin/../lib/gcc/arm-none-eabi/4.7.4/../../../../arm-none-eabi/lib/armv7e-m\libc.a(lib_a-mprec.o)
                0x080150b0                __d2b
 .text.__fpclassifyd
                0x08015170       0x68 c:/chibistudio/tools/gnu tools arm embedded/4.7 2014q2/bin/../lib/gcc/arm-none-eabi/4.7.4/../../../../arm-none-eabi/lib/armv7e-m\libc.a(lib_a-s_fpclassify.o)
                0x08015170                __fpclassifyd
 *fill*         0x080151d8        0x8 00
 .text.__ssprint_r
                0x080151e0      0x100 c:/chibistudio/tools/gnu tools arm embedded/4.7 2014q2/bin/../lib/gcc/arm-none-eabi/4.7.4/../../../../arm-none-eabi/lib/armv7e-m\libc.a(lib_a-svfiprintf.o)
                0x080151e0                __ssprint_r
 .text._calloc_r
                0x080152e0       0x60 c:/chibistudio/tools/gnu tools arm embedded/4.7 2014q2/bin/../lib/gcc/arm-none-eabi/4.7.4/../../../../arm-none-eabi/lib/armv7e-m\libc.a(lib_a-callocr.o)
                0x080152e0                _calloc_r
 .text.memmove  0x08015340      0x198 c:/chibistudio/tools/gnu tools arm embedded/4.7 2014q2/bin/../lib/gcc/arm-none-eabi/4.7.4/../../../../arm-none-eabi/lib/armv7e-m\libc.a(lib_a-memmove.o)
                0x08015340                memmove
 *fill*         0x080154d8        0x8 00
 .text._realloc_r
                0x080154e0      0x3dc c:/chibistudio/tools/gnu tools arm embedded/4.7 2014q2/bin/../lib/gcc/arm-none-eabi/4.7.4/../../../../arm-none-eabi/lib/armv7e-m\libc.a(lib_a-reallocr.o)
                0x080154e0                _realloc_r
 *(.rodata)
 *fill*         0x080158bc        0x4 00
 .rodata        0x080158c0        0x4 build/obj/shell.o
 *(.rodata.*)
 *fill*         0x080158c4        0xc 00
 .rodata.str1.4
                0x080158d0        0x5 build/obj/chsys.o
                                  0x8 (size before relaxing)
 *fill*         0x080158d5        0xb 00
 .rodata.ch_debug
                0x080158e0       0x18 build/obj/chregistry.o
                0x080158e0                ch_debug
 *fill*         0x080158f8        0x8 00
 .rodata.wa     0x08015900       0x14 build/obj/test.o
                0x08015900                wa
 *fill*         0x08015914        0xc 00
 .rodata.str1.4
                0x08015920      0x1e7 build/obj/test.o
                                0x1f8 (size before relaxing)
 *fill*         0x08015b07        0x9 00
 .rodata.patterns
                0x08015b10       0x30 build/obj/test.o
 .rodata.testthd1
                0x08015b40       0x10 build/obj/testthd.o
                0x08015b40                testthd1
 .rodata.testthd2
                0x08015b50       0x10 build/obj/testthd.o
                0x08015b50                testthd2
 .rodata.testthd3
                0x08015b60       0x10 build/obj/testthd.o
                0x08015b60                testthd3
 .rodata.testthd4
                0x08015b70       0x10 build/obj/testthd.o
                0x08015b70                testthd4
 .rodata.patternthd
                0x08015b80       0x14 build/obj/testthd.o
                0x08015b80                patternthd
 *fill*         0x08015b94        0xc 00
 .rodata.str1.4
                0x08015ba0       0x77 build/obj/testthd.o
                                 0x80 (size before relaxing)
 *fill*         0x08015c17        0x9 00
 .rodata.testsem1
                0x08015c20       0x10 build/obj/testsem.o
                0x08015c20                testsem1
 .rodata.testsem2
                0x08015c30       0x10 build/obj/testsem.o
                0x08015c30                testsem2
 .rodata.testsem3
                0x08015c40       0x10 build/obj/testsem.o
                0x08015c40                testsem3
 .rodata.testsem4
                0x08015c50       0x10 build/obj/testsem.o
                0x08015c50                testsem4
 .rodata.patternsem
                0x08015c60       0x14 build/obj/testsem.o
                0x08015c60                patternsem
 *fill*         0x08015c74        0xc 00
 .rodata.str1.4
                0x08015c80       0x6e build/obj/testsem.o
                                 0x8c (size before relaxing)
 *fill*         0x08015cee        0x2 00
 .rodata.testmtx5
                0x08015cf0       0x10 build/obj/testmtx.o
                0x08015cf0                testmtx5
 .rodata.testmtx6
                0x08015d00       0x10 build/obj/testmtx.o
                0x08015d00                testmtx6
 .rodata.testmtx7
                0x08015d10       0x10 build/obj/testmtx.o
                0x08015d10                testmtx7
 .rodata.testmtx8
                0x08015d20       0x10 build/obj/testmtx.o
                0x08015d20                testmtx8
 .rodata.str1.4
                0x08015d30       0xed build/obj/testmtx.o
                                0x10c (size before relaxing)
 *fill*         0x08015e1d        0x3 00
 .rodata.patternmtx
                0x08015e20       0x24 build/obj/testmtx.o
                0x08015e20                patternmtx
 *fill*         0x08015e44        0xc 00
 .rodata.testmtx1
                0x08015e50       0x10 build/obj/testmtx.o
                0x08015e50                testmtx1
 .rodata.testmtx2
                0x08015e60       0x10 build/obj/testmtx.o
                0x08015e60                testmtx2
 .rodata.testmtx3
                0x08015e70       0x10 build/obj/testmtx.o
                0x08015e70                testmtx3
 .rodata.testmtx4
                0x08015e80       0x10 build/obj/testmtx.o
                0x08015e80                testmtx4
 .rodata.testmsg1
                0x08015e90       0x10 build/obj/testmsg.o
                0x08015e90                testmsg1
 .rodata.str1.4
                0x08015ea0        0xf build/obj/testmsg.o
                                 0x14 (size before relaxing)
 *fill*         0x08015eaf        0x1 00
 .rodata.patternmsg
                0x08015eb0        0x8 build/obj/testmsg.o
                0x08015eb0                patternmsg
 *fill*         0x08015eb8        0x8 00
 .rodata.patternmbox
                0x08015ec0        0x8 build/obj/testmbox.o
                0x08015ec0                patternmbox
 *fill*         0x08015ec8        0x8 00
 .rodata.str1.4
                0x08015ed0       0x20 build/obj/testmbox.o
                                 0x28 (size before relaxing)
 .rodata.testmbox1
                0x08015ef0       0x10 build/obj/testmbox.o
                0x08015ef0                testmbox1
 .rodata.patternevt
                0x08015f00       0x10 build/obj/testevt.o
                0x08015f00                patternevt
 .rodata.testevt2
                0x08015f10       0x10 build/obj/testevt.o
                0x08015f10                testevt2
 .rodata.str1.4
                0x08015f20       0x52 build/obj/testevt.o
                                 0x5c (size before relaxing)
 *fill*         0x08015f72        0xe 00
 .rodata.testevt1
                0x08015f80       0x10 build/obj/testevt.o
                0x08015f80                testevt1
 .rodata.evhndl
                0x08015f90        0xc build/obj/testevt.o
 *fill*         0x08015f9c        0x4 00
 .rodata.testevt3
                0x08015fa0       0x10 build/obj/testevt.o
                0x08015fa0                testevt3
 .rodata.patternheap
                0x08015fb0        0x8 build/obj/testheap.o
                0x08015fb0                patternheap
 *fill*         0x08015fb8        0x8 00
 .rodata.str1.4
                0x08015fc0       0x28 build/obj/testheap.o
 *fill*         0x08015fe8        0x8 00
 .rodata.testheap1
                0x08015ff0       0x10 build/obj/testheap.o
                0x08015ff0                testheap1
 .rodata.str1.4
                0x08016000       0x1c build/obj/testpools.o
 *fill*         0x0801601c        0x4 00
 .rodata.patternpools
                0x08016020        0x8 build/obj/testpools.o
                0x08016020                patternpools
 *fill*         0x08016028        0x8 00
 .rodata.testpools1
                0x08016030       0x10 build/obj/testpools.o
                0x08016030                testpools1
 .rodata.testdyn1
                0x08016040       0x10 build/obj/testdyn.o
                0x08016040                testdyn1
 .rodata.testdyn2
                0x08016050       0x10 build/obj/testdyn.o
                0x08016050                testdyn2
 .rodata.testdyn3
                0x08016060       0x10 build/obj/testdyn.o
                0x08016060                testdyn3
 .rodata.str1.4
                0x08016070       0x8d build/obj/testdyn.o
                                 0xa4 (size before relaxing)
 *fill*         0x080160fd        0x3 00
 .rodata.patterndyn
                0x08016100       0x10 build/obj/testdyn.o
                0x08016100                patterndyn
 .rodata.testqueues1