Archive member included because of file (symbol)

c:/chibistudio/tools/gnu tools arm embedded/4.7 2014q2/bin/../lib/gcc/arm-none-eabi/4.7.4/armv7e-m\libgcc.a(_arm_addsubdf3.o)
                              build/obj/cruise.o (__aeabi_dsub)
c:/chibistudio/tools/gnu tools arm embedded/4.7 2014q2/bin/../lib/gcc/arm-none-eabi/4.7.4/armv7e-m\libgcc.a(_arm_muldivdf3.o)
                              build/obj/cruise.o (__aeabi_dmul)
c:/chibistudio/tools/gnu tools arm embedded/4.7 2014q2/bin/../lib/gcc/arm-none-eabi/4.7.4/armv7e-m\libgcc.a(_arm_cmpdf2.o)
                              build/obj/speed.o (__aeabi_dcmplt)
c:/chibistudio/tools/gnu tools arm embedded/4.7 2014q2/bin/../lib/gcc/arm-none-eabi/4.7.4/armv7e-m\libgcc.a(_arm_fixdfsi.o)
                              build/obj/cruise.o (__aeabi_d2iz)
c:/chibistudio/tools/gnu tools arm embedded/4.7 2014q2/bin/../lib/gcc/arm-none-eabi/4.7.4/armv7e-m\libgcc.a(_arm_fixunsdfsi.o)
                              build/obj/speed.o (__aeabi_d2uiz)
c:/chibistudio/tools/gnu tools arm embedded/4.7 2014q2/bin/../lib/gcc/arm-none-eabi/4.7.4/../../../../arm-none-eabi/lib/armv7e-m\libg.a(lib_a-asctime.o)
                              build/obj/console.o (asctime)
c:/chibistudio/tools/gnu tools arm embedded/4.7 2014q2/bin/../lib/gcc/arm-none-eabi/4.7.4/../../../../arm-none-eabi/lib/armv7e-m\libg.a(lib_a-asctime_r.o)
                              c:/chibistudio/tools/gnu tools arm embedded/4.7 2014q2/bin/../lib/gcc/arm-none-eabi/4.7.4/../../../../arm-none-eabi/lib/armv7e-m\libg.a(lib_a-asctime.o) (asctime_r)
c:/chibistudio/tools/gnu tools arm embedded/4.7 2014q2/bin/../lib/gcc/arm-none-eabi/4.7.4/../../../../arm-none-eabi/lib/armv7e-m\libg.a(lib_a-atol.o)
                              build/obj/console.o (atol)
c:/chibistudio/tools/gnu tools arm embedded/4.7 2014q2/bin/../lib/gcc/arm-none-eabi/4.7.4/../../../../arm-none-eabi/lib/armv7e-m\libg.a(lib_a-impure.o)
                              c:/chibistudio/tools/gnu tools arm embedded/4.7 2014q2/bin/../lib/gcc/arm-none-eabi/4.7.4/../../../../arm-none-eabi/lib/armv7e-m\libg.a(lib_a-asctime.o) (_impure_ptr)
c:/chibistudio/tools/gnu tools arm embedded/4.7 2014q2/bin/../lib/gcc/arm-none-eabi/4.7.4/../../../../arm-none-eabi/lib/armv7e-m\libg.a(lib_a-lcltime_r.o)
                              build/obj/chrtclib.o (localtime_r)
c:/chibistudio/tools/gnu tools arm embedded/4.7 2014q2/bin/../lib/gcc/arm-none-eabi/4.7.4/../../../../arm-none-eabi/lib/armv7e-m\libg.a(lib_a-memcmp.o)
                              build/obj/sdcard.o (memcmp)
c:/chibistudio/tools/gnu tools arm embedded/4.7 2014q2/bin/../lib/gcc/arm-none-eabi/4.7.4/../../../../arm-none-eabi/lib/armv7e-m\libg.a(lib_a-memcpy.o)
                              build/obj/sdc_lld.o (memcpy)
c:/chibistudio/tools/gnu tools arm embedded/4.7 2014q2/bin/../lib/gcc/arm-none-eabi/4.7.4/../../../../arm-none-eabi/lib/armv7e-m\libg.a(lib_a-memset.o)
                              build/obj/usb.o (memset)
c:/chibistudio/tools/gnu tools arm embedded/4.7 2014q2/bin/../lib/gcc/arm-none-eabi/4.7.4/../../../../arm-none-eabi/lib/armv7e-m\libg.a(lib_a-mktime.o)
                              build/obj/chrtclib.o (mktime)
c:/chibistudio/tools/gnu tools arm embedded/4.7 2014q2/bin/../lib/gcc/arm-none-eabi/4.7.4/../../../../arm-none-eabi/lib/armv7e-m\libg.a(lib_a-mktm_r.o)
                              c:/chibistudio/tools/gnu tools arm embedded/4.7 2014q2/bin/../lib/gcc/arm-none-eabi/4.7.4/../../../../arm-none-eabi/lib/armv7e-m\libg.a(lib_a-mktime.o) (__tzcalc_limits)
c:/chibistudio/tools/gnu tools arm embedded/4.7 2014q2/bin/../lib/gcc/arm-none-eabi/4.7.4/../../../../arm-none-eabi/lib/armv7e-m\libg.a(lib_a-reent.o)
                              build/obj/console.o (errno)
c:/chibistudio/tools/gnu tools arm embedded/4.7 2014q2/bin/../lib/gcc/arm-none-eabi/4.7.4/../../../../arm-none-eabi/lib/armv7e-m\libg.a(lib_a-sprintf.o)
                              c:/chibistudio/tools/gnu tools arm embedded/4.7 2014q2/bin/../lib/gcc/arm-none-eabi/4.7.4/../../../../arm-none-eabi/lib/armv7e-m\libg.a(lib_a-asctime_r.o) (sprintf)
c:/chibistudio/tools/gnu tools arm embedded/4.7 2014q2/bin/../lib/gcc/arm-none-eabi/4.7.4/../../../../arm-none-eabi/lib/armv7e-m\libg.a(lib_a-strcasecmp.o)
                              build/obj/shell.o (strcasecmp)
c:/chibistudio/tools/gnu tools arm embedded/4.7 2014q2/bin/../lib/gcc/arm-none-eabi/4.7.4/../../../../arm-none-eabi/lib/armv7e-m\libg.a(lib_a-strcmp.o)
                              build/obj/console.o (strcmp)
c:/chibistudio/tools/gnu tools arm embedded/4.7 2014q2/bin/../lib/gcc/arm-none-eabi/4.7.4/../../../../arm-none-eabi/lib/armv7e-m\libg.a(lib_a-strcpy.o)
                              build/obj/sdcard.o (strcpy)
c:/chibistudio/tools/gnu tools arm embedded/4.7 2014q2/bin/../lib/gcc/arm-none-eabi/4.7.4/../../../../arm-none-eabi/lib/armv7e-m\libg.a(lib_a-strlen.o)
                              build/obj/sdcard.o (strlen)
[...]
Memory Configuration

Name             Origin             Length             Attributes
flash            0x08000000         0x00100000
ram              0x20000000         0x0001c000
ethram           0x2001c000         0x00004000
ccmram           0x10000000         0x00010000
*default*        0x00000000         0xffffffff

Linker script and memory map

LOAD build/obj/crt0.o
LOAD build/obj/vectors.o
LOAD build/obj/chcore.o
LOAD build/obj/chcore_v7m.o
LOAD build/obj/nvic.o
LOAD build/obj/chsys.o
LOAD build/obj/chdebug.o
LOAD build/obj/chlists.o
LOAD build/obj/chvt.o
LOAD build/obj/chschd.o
LOAD build/obj/chthreads.o
LOAD build/obj/chdynamic.o
LOAD build/obj/chregistry.o
LOAD build/obj/chsem.o
LOAD build/obj/chmtx.o
LOAD build/obj/chcond.o
LOAD build/obj/chevents.o
LOAD build/obj/chmsg.o
LOAD build/obj/chmboxes.o
LOAD build/obj/chqueues.o
LOAD build/obj/chmemcore.o
LOAD build/obj/chheap.o
LOAD build/obj/chmempools.o
LOAD build/obj/test.o
LOAD build/obj/testthd.o
LOAD build/obj/testsem.o
LOAD build/obj/testmtx.o
LOAD build/obj/testmsg.o
LOAD build/obj/testmbox.o
LOAD build/obj/testevt.o
LOAD build/obj/testheap.o
LOAD build/obj/testpools.o
LOAD build/obj/testdyn.o
LOAD build/obj/testqueues.o
LOAD build/obj/testbmk.o
LOAD build/obj/hal.o
LOAD build/obj/adc.o
LOAD build/obj/can.o
LOAD build/obj/ext.o
LOAD build/obj/gpt.o
LOAD build/obj/i2c.o
LOAD build/obj/icu.o
LOAD build/obj/mac.o
LOAD build/obj/mmc_spi.o
LOAD build/obj/mmcsd.o
LOAD build/obj/pal.o
LOAD build/obj/pwm.o
LOAD build/obj/rtc.o
LOAD build/obj/sdc.o
LOAD build/obj/serial.o
LOAD build/obj/serial_usb.o
LOAD build/obj/spi.o
LOAD build/obj/tm.o
LOAD build/obj/uart.o
LOAD build/obj/usb.o
LOAD build/obj/stm32_dma.o
LOAD build/obj/hal_lld.o
LOAD build/obj/adc_lld.o
LOAD build/obj/ext_lld_isr.o
LOAD build/obj/can_lld.o
LOAD build/obj/ext_lld.o
LOAD build/obj/mac_lld.o
LOAD build/obj/sdc_lld.o
LOAD build/obj/pal_lld.o
LOAD build/obj/i2c_lld.o
LOAD build/obj/usb_lld.o
LOAD build/obj/rtc_lld.o
LOAD build/obj/spi_lld.o
LOAD build/obj/gpt_lld.o
LOAD build/obj/icu_lld.o
LOAD build/obj/pwm_lld.o
LOAD build/obj/serial_lld.o
LOAD build/obj/uart_lld.o
LOAD build/obj/board.o
LOAD build/obj/fatfs_diskio.o
LOAD build/obj/fatfs_syscall.o
LOAD build/obj/ff.o
LOAD build/obj/ccsbcs.o
LOAD build/obj/evtimer.o
LOAD build/obj/syscalls.o
LOAD build/obj/shell.o
LOAD build/obj/chprintf.o
LOAD build/obj/chrtclib.o
LOAD build/obj/main.o
LOAD build/obj/console.o
LOAD build/obj/sdcard.o
LOAD build/obj/can_comm.o
LOAD build/obj/light.o
LOAD build/obj/speed.o
LOAD build/obj/meas.o
LOAD build/obj/cruise.o
LOAD build/obj/dsp.o
LOAD build/obj/gfx.o
LOAD build/obj/uart_comm.o
                0x00000400                __main_stack_size__ = 0x400
                0x00000400                __process_stack_size__ = 0x400
                0x20000000                __ram_start__ = ORIGIN (ram)
                0x0001c000                __ram_size__ = 0x1c000
                0x2001c000                __ram_end__ = (__ram_start__ + __ram_size__)
                0x00000000                . = 0x0
                0x00000000                _text = .

startup         0x08000000      0x1ac
 *(vectors)
 vectors        0x08000000      0x1ac build/obj/vectors.o
                0x08000000                _vectors

constructors    0x080001ac        0x0
                0x080001ac                PROVIDE (__init_array_start, .)
 *(SORT(.init_array.*))
 *(.init_array)
                0x080001ac                PROVIDE (__init_array_end, .)

destructors     0x080001ac        0x0
                0x080001ac                PROVIDE (__fini_array_start, .)
 *(.fini_array)
 *(SORT(.fini_array.*))
                0x080001ac                PROVIDE (__fini_array_end, .)

.text           0x080001b0    0x18888
 *(.text.startup.*)
 .text.startup.main
                0x080001b0       0x90 build/obj/main.o
                0x080001b0                main
 *(.text)
 .text          0x08000240      0x370 c:/chibistudio/tools/gnu tools arm embedded/4.7 2014q2/bin/../lib/gcc/arm-none-eabi/4.7.4/armv7e-m\libgcc.a(_arm_addsubdf3.o)
                0x08000240                __aeabi_drsub
                0x08000248                __aeabi_dsub
                0x08000248                __subdf3
                0x0800024c                __aeabi_dadd
                0x0800024c                __adddf3
                0x080004c4                __floatunsidf
                0x080004c4                __aeabi_ui2d
                0x080004e4                __floatsidf
                0x080004e4                __aeabi_i2d
                0x08000508                __aeabi_f2d
                0x08000508                __extendsfdf2
                0x08000544                __floatundidf
                0x08000544                __aeabi_ul2d
                0x08000554                __floatdidf
                0x08000554                __aeabi_l2d
 .text          0x080005b0      0x424 c:/chibistudio/tools/gnu tools arm embedded/4.7 2014q2/bin/../lib/gcc/arm-none-eabi/4.7.4/armv7e-m\libgcc.a(_arm_muldivdf3.o)
                0x080005b0                __aeabi_dmul
                0x080005b0                __muldf3
                0x08000804                __divdf3
                0x08000804                __aeabi_ddiv
 *fill*         0x080009d4        0xc 00
 .text          0x080009e0      0x110 c:/chibistudio/tools/gnu tools arm embedded/4.7 2014q2/bin/../lib/gcc/arm-none-eabi/4.7.4/armv7e-m\libgcc.a(_arm_cmpdf2.o)
                0x080009e0                __gtdf2
                0x080009e0                __gedf2
                0x080009e8                __ltdf2
                0x080009e8                __ledf2
                0x080009f0                __nedf2
                0x080009f0                __eqdf2
                0x080009f0                __cmpdf2
                0x08000a6c                __aeabi_cdrcmple
                0x08000a7c                __aeabi_cdcmpeq
                0x08000a7c                __aeabi_cdcmple
                0x08000a8c                __aeabi_dcmpeq
                0x08000aa0                __aeabi_dcmplt
                0x08000ab4                __aeabi_dcmple
                0x08000ac8                __aeabi_dcmpge
                0x08000adc                __aeabi_dcmpgt
 .text          0x08000af0       0x50 c:/chibistudio/tools/gnu tools arm embedded/4.7 2014q2/bin/../lib/gcc/arm-none-eabi/4.7.4/armv7e-m\libgcc.a(_arm_fixdfsi.o)
                0x08000af0                __aeabi_d2iz
                0x08000af0                __fixdfsi
 .text          0x08000b40       0x40 c:/chibistudio/tools/gnu tools arm embedded/4.7 2014q2/bin/../lib/gcc/arm-none-eabi/4.7.4/armv7e-m\libgcc.a(_arm_fixunsdfsi.o)
                0x08000b40                __aeabi_d2uiz
                0x08000b40                __fixunsdfsi
 .text          0x08000b80       0x2c c:/chibistudio/tools/gnu tools arm embedded/4.7 2014q2/bin/../lib/gcc/arm-none-eabi/4.7.4/armv7e-m\libgcc.a(_aeabi_uldivmod.o)
                0x08000b80                __aeabi_uldivmod
 *fill*         0x08000bac        0x4 00
 .text          0x08000bb0       0x58 c:/chibistudio/tools/gnu tools arm embedded/4.7 2014q2/bin/../lib/gcc/arm-none-eabi/4.7.4/armv7e-m\libgcc.a(bpabi.o)
                0x08000bb0                __gnu_ldivmod_helper
                0x08000bdc                __gnu_uldivmod_helper
 *fill*         0x08000c08        0x8 00
 .text          0x08000c10        0x4 c:/chibistudio/tools/gnu tools arm embedded/4.7 2014q2/bin/../lib/gcc/arm-none-eabi/4.7.4/armv7e-m\libgcc.a(_dvmd_tls.o)
                0x08000c10                __aeabi_idiv0
                0x08000c10                __aeabi_ldiv0
 *fill*         0x08000c14        0xc 00
 .text          0x08000c20      0x2bc c:/chibistudio/tools/gnu tools arm embedded/4.7 2014q2/bin/../lib/gcc/arm-none-eabi/4.7.4/armv7e-m\libgcc.a(_divdi3.o)
                0x08000c20                __divdi3
 *fill*         0x08000edc        0x4 00
 .text          0x08000ee0      0x288 c:/chibistudio/tools/gnu tools arm embedded/4.7 2014q2/bin/../lib/gcc/arm-none-eabi/4.7.4/armv7e-m\libgcc.a(_udivdi3.o)
                0x08000ee0                __udivdi3
 *(.text.*)
 *fill*         0x08001168        0x8 00
 .text.__late_init
                0x08001170       0x10 build/obj/crt0.o
                0x08001170                __late_init
 .text._default_exit
                0x08001180       0x10 build/obj/crt0.o
                0x08001180                _default_exit
 .text.ResetHandler
                0x08001190      0x1d0 build/obj/crt0.o
                0x08001190                ResetHandler
 .text._unhandled_exception
                0x08001360       0x10 build/obj/vectors.o
                0x08001360                Vector58
                0x08001360                VectorE8
                0x08001360                Vector9C
                0x08001360                Vector1A0
                0x08001360                Vector5C
                0x08001360                NMIVector
                0x08001360                Vector11C
                0x08001360                Vector19C
                0x08001360                VectorDC
                0x08001360                Vector168
                0x08001360                Vector110
                0x08001360                VectorC8
                0x08001360                VectorA8
                0x08001360                VectorB4
                0x08001360                Vector160
                0x08001360                VectorEC
                0x08001360                UsageFaultVector
                0x08001360                DebugMonitorVector
                0x08001360                Vector40
                0x08001360                VectorF8
                0x08001360                Vector190
                0x08001360                Vector148
                0x08001360                Vector188
                0x08001360                PendSVVector
                0x08001360                Vector198
                0x08001360                Vector118
                0x08001360                Vector64
                0x08001360                VectorCC
                0x08001360                Vector54
                0x08001360                Vector138
                0x08001360                Vector24
                0x08001360                Vector178
                0x08001360                Vector1A4
                0x08001360                BusFaultVector
                0x08001360                VectorD0
                0x08001360                Vector140
                0x08001360                VectorE4
                0x08001360                HardFaultVector
                0x08001360                Vector134
                0x08001360                VectorF0
                0x08001360                Vector13C
                0x08001360                Vector100
                0x08001360                VectorE0
                0x08001360                VectorF4
                0x08001360                MemManageVector
                0x08001360                VectorA0
                0x08001360                VectorC4
                0x08001360                Vector180
                0x08001360                VectorB0
                0x08001360                Vector114
                0x08001360                Vector164
                0x08001360                Vector60
                0x08001360                Vector1C
                0x08001360                Vector17C
                0x08001360                Vector48
                0x08001360                Vector1A8
                0x08001360                Vector16C
                0x08001360                Vector4C
                0x08001360                Vector144
                0x08001360                Vector15C
                0x08001360                Vector68
                0x08001360                _unhandled_exception
                0x08001360                Vector170
                0x08001360                Vector184
                0x08001360                Vector10C
                0x08001360                Vector50
                0x08001360                Vector194
                0x08001360                Vector44
                0x08001360                Vector28
                0x08001360                Vector34
                0x08001360                Vector20
                0x08001360                Vector18C
                0x08001360                Vector174
 .text.port_halt
                0x08001370       0x10 build/obj/chcore.o
                0x08001370                port_halt
 .text._port_switch_from_isr
                0x08001380       0x10 build/obj/chcore_v7m.o
                0x08001380                _port_switch_from_isr
 .text.SVCallVector
                0x08001390       0x20 build/obj/chcore_v7m.o
                0x08001390                SVCallVector
 .text._port_init
                0x080013b0       0x40 build/obj/chcore_v7m.o
                0x080013b0                _port_init
 .text._port_irq_epilogue
                0x080013f0       0x70 build/obj/chcore_v7m.o
                0x080013f0                _port_irq_epilogue
 .text.SysTickVector
                0x08001460       0x20 build/obj/chcore_v7m.o
                0x08001460                SysTickVector
 .text._port_switch
                0x08001480       0x10 build/obj/chcore_v7m.o
                0x08001480                _port_switch
 .text._port_thread_start
                0x08001490       0x10 build/obj/chcore_v7m.o
                0x08001490                _port_thread_start
 .text.nvicEnableVector
                0x080014a0       0x50 build/obj/nvic.o
                0x080014a0                nvicEnableVector
 .text.nvicSetSystemHandlerPriority
                0x080014f0       0x30 build/obj/nvic.o
                0x080014f0                nvicSetSystemHandlerPriority
 .text._idle_thread
                0x08001520       0x20 build/obj/chsys.o
                0x08001520                _idle_thread
 .text.chSysInit
                0x08001540       0x70 build/obj/chsys.o
                0x08001540                chSysInit
 .text.chSysTimerHandlerI
                0x080015b0       0x60 build/obj/chsys.o
                0x080015b0                chSysTimerHandlerI
 .text._vt_init
                0x08001610       0x20 build/obj/chvt.o
                0x08001610                _vt_init
 .text.chVTSetI
                0x08001630       0x40 build/obj/chvt.o
                0x08001630                chVTSetI
 .text.chVTResetI
                0x08001670       0x30 build/obj/chvt.o
                0x08001670                chVTResetI
 .text.wakeup   0x080016a0       0x60 build/obj/chschd.o
 .text._scheduler_init
                0x08001700       0x20 build/obj/chschd.o
                0x08001700                _scheduler_init
 .text.chSchReadyI
                0x08001720       0x20 build/obj/chschd.o
                0x08001720                chSchReadyI
 .text.chSchGoSleepS
                0x08001740       0x30 build/obj/chschd.o
                0x08001740                chSchGoSleepS
 .text.chSchGoSleepTimeoutS
                0x08001770       0x40 build/obj/chschd.o
                0x08001770                chSchGoSleepTimeoutS
 .text.chSchWakeupS
                0x080017b0       0x60 build/obj/chschd.o
                0x080017b0                chSchWakeupS
 .text.chSchDoRescheduleBehind
                0x08001810       0x40 build/obj/chschd.o
                0x08001810                chSchDoRescheduleBehind
 .text.chSchDoRescheduleAhead
                0x08001850       0x40 build/obj/chschd.o
                0x08001850                chSchDoRescheduleAhead
 .text.chSchRescheduleS
                0x08001890       0x20 build/obj/chschd.o
                0x08001890                chSchRescheduleS
 .text.chSchDoReschedule
                0x080018b0       0x20 build/obj/chschd.o
                0x080018b0                chSchDoReschedule
 .text._thread_init
                0x080018d0       0x50 build/obj/chthreads.o
                0x080018d0                _thread_init
 .text.chThdCreateI
                0x08001920       0x70 build/obj/chthreads.o
                0x08001920                chThdCreateI
 .text.chThdCreateStatic
                0x08001990       0x30 build/obj/chthreads.o
                0x08001990                chThdCreateStatic
 .text.chThdSetPriority
                0x080019c0       0x30 build/obj/chthreads.o
                0x080019c0                chThdSetPriority
 .text.chThdResume
                0x080019f0       0x20 build/obj/chthreads.o
                0x080019f0                chThdResume
 .text.chThdTerminate
                0x08001a10       0x20 build/obj/chthreads.o
                0x08001a10                chThdTerminate
 .text.chThdSleep
                0x08001a30       0x20 build/obj/chthreads.o
                0x08001a30                chThdSleep
 .text.chThdSleepUntil
                0x08001a50       0x30 build/obj/chthreads.o
                0x08001a50                chThdSleepUntil
 .text.chThdYield
                0x08001a80       0x30 build/obj/chthreads.o
                0x08001a80                chThdYield
 .text.chThdExitS
                0x08001ab0       0x40 build/obj/chthreads.o
                0x08001ab0                chThdExitS
 .text.chThdExit
                0x08001af0       0x10 build/obj/chthreads.o
                0x08001af0                chThdExit
 .text.chThdWait
                0x08001b00       0x40 build/obj/chthreads.o
                0x08001b00                chThdWait
 .text.chThdAddRef
                0x08001b40       0x20 build/obj/chdynamic.o
                0x08001b40                chThdAddRef
 .text.chThdRelease
                0x08001b60       0x50 build/obj/chdynamic.o
                0x08001b60                chThdRelease
 .text.chThdCreateFromHeap
                0x08001bb0       0x40 build/obj/chdynamic.o
                0x08001bb0                chThdCreateFromHeap
 .text.chThdCreateFromMemoryPool
                0x08001bf0       0x50 build/obj/chdynamic.o
                0x08001bf0                chThdCreateFromMemoryPool
 .text.chRegFirstThread
                0x08001c40       0x20 build/obj/chregistry.o
                0x08001c40                chRegFirstThread
 .text.chRegNextThread
                0x08001c60       0x30 build/obj/chregistry.o
                0x08001c60                chRegNextThread
 .text.chSemInit
                0x08001c90       0x10 build/obj/chsem.o
                0x08001c90                chSemInit
 .text.chSemResetI
                0x08001ca0       0x70 build/obj/chsem.o
                0x08001ca0                chSemResetI
 .text.chSemReset
                0x08001d10       0x20 build/obj/chsem.o
                0x08001d10                chSemReset
 .text.chSemWaitS
                0x08001d30       0x40 build/obj/chsem.o
                0x08001d30                chSemWaitS
 .text.chSemWait
                0x08001d70       0x20 build/obj/chsem.o
                0x08001d70                chSemWait
 .text.chSemWaitTimeoutS
                0x08001d90       0x40 build/obj/chsem.o
                0x08001d90                chSemWaitTimeoutS
 .text.chSemWaitTimeout
                0x08001dd0       0x20 build/obj/chsem.o
                0x08001dd0                chSemWaitTimeout
 .text.chSemSignal
                0x08001df0       0x30 build/obj/chsem.o
                0x08001df0                chSemSignal
 .text.chSemSignalI
                0x08001e20       0x20 build/obj/chsem.o
                0x08001e20                chSemSignalI
 .text.chSemAddCounterI
                0x08001e40       0xa0 build/obj/chsem.o
                0x08001e40                chSemAddCounterI
 .text.chSemSignalWait
                0x08001ee0       0x70 build/obj/chsem.o
                0x08001ee0                chSemSignalWait
 .text.chMtxInit
                0x08001f50       0x10 build/obj/chmtx.o
                0x08001f50                chMtxInit
 .text.chMtxLockS
                0x08001f60       0xd0 build/obj/chmtx.o
                0x08001f60                chMtxLockS
 .text.chMtxLock
                0x08002030       0x20 build/obj/chmtx.o
                0x08002030                chMtxLock
 .text.chMtxTryLock
                0x08002050       0x30 build/obj/chmtx.o
                0x08002050                chMtxTryLock
 .text.chMtxUnlock
                0x08002080       0x60 build/obj/chmtx.o
                0x08002080                chMtxUnlock
 .text.chMtxUnlockS
                0x080020e0       0x50 build/obj/chmtx.o
                0x080020e0                chMtxUnlockS
 .text.chMtxUnlockAll
                0x08002130       0x60 build/obj/chmtx.o
                0x08002130                chMtxUnlockAll
 .text.chCondInit
                0x08002190       0x10 build/obj/chcond.o
                0x08002190                chCondInit
 .text.chCondSignal
                0x080021a0       0x30 build/obj/chcond.o
                0x080021a0                chCondSignal
 .text.chCondSignalI
                0x080021d0       0x20 build/obj/chcond.o
                0x080021d0                chCondSignalI
 .text.chCondBroadcastI
                0x080021f0       0x30 build/obj/chcond.o
                0x080021f0                chCondBroadcastI
 .text.chCondBroadcast
                0x08002220       0x20 build/obj/chcond.o
                0x08002220                chCondBroadcast
 .text.chCondWaitS
                0x08002240       0x50 build/obj/chcond.o
                0x08002240                chCondWaitS
 .text.chCondWait
                0x08002290       0x20 build/obj/chcond.o
                0x08002290                chCondWait
 .text.chCondWaitTimeoutS
                0x080022b0       0x50 build/obj/chcond.o
                0x080022b0                chCondWaitTimeoutS
 .text.chCondWaitTimeout
                0x08002300       0x20 build/obj/chcond.o
                0x08002300                chCondWaitTimeout
 .text.chEvtRegisterMask
                0x08002320       0x30 build/obj/chevents.o
                0x08002320                chEvtRegisterMask
 .text.chEvtUnregister
                0x08002350       0x30 build/obj/chevents.o
                0x08002350                chEvtUnregister
 .text.chEvtGetAndClearEvents
                0x08002380       0x30 build/obj/chevents.o
                0x08002380                chEvtGetAndClearEvents
 .text.chEvtAddEvents
                0x080023b0       0x20 build/obj/chevents.o
                0x080023b0                chEvtAddEvents
 .text.chEvtSignalI
                0x080023d0       0x30 build/obj/chevents.o
                0x080023d0                chEvtSignalI
 .text.chEvtSignal
                0x08002400       0x20 build/obj/chevents.o
                0x08002400                chEvtSignal
 .text.chEvtBroadcastFlagsI
                0x08002420       0x20 build/obj/chevents.o
                0x08002420                chEvtBroadcastFlagsI
 .text.chEvtBroadcastFlags
                0x08002440       0x20 build/obj/chevents.o
                0x08002440                chEvtBroadcastFlags
 .text.chEvtDispatch
                0x08002460       0x30 build/obj/chevents.o
                0x08002460                chEvtDispatch
 .text.chEvtWaitOne
                0x08002490       0x40 build/obj/chevents.o
                0x08002490                chEvtWaitOne
 .text.chEvtWaitAny
                0x080024d0       0x40 build/obj/chevents.o
                0x080024d0                chEvtWaitAny
 .text.chEvtWaitAll
                0x08002510       0x40 build/obj/chevents.o
                0x08002510                chEvtWaitAll
 .text.chEvtWaitOneTimeout
                0x08002550       0x50 build/obj/chevents.o
                0x08002550                chEvtWaitOneTimeout
 .text.chEvtWaitAnyTimeout
                0x080025a0       0x50 build/obj/chevents.o
                0x080025a0                chEvtWaitAnyTimeout
 .text.chEvtWaitAllTimeout
                0x080025f0       0x60 build/obj/chevents.o
                0x080025f0                chEvtWaitAllTimeout
 .text.chMsgSend
                0x08002650       0x40 build/obj/chmsg.o
                0x08002650                chMsgSend
 .text.chMsgWait
                0x08002690       0x40 build/obj/chmsg.o
                0x08002690                chMsgWait
 .text.chMsgRelease
                0x080026d0       0x20 build/obj/chmsg.o
                0x080026d0                chMsgRelease
 .text.chMBInit
                0x080026f0       0x30 build/obj/chmboxes.o
                0x080026f0                chMBInit
 .text.chMBReset
                0x08002720       0x40 build/obj/chmboxes.o
                0x08002720                chMBReset
 .text.chMBPostS
                0x08002760       0x40 build/obj/chmboxes.o
                0x08002760                chMBPostS
 .text.chMBPost
                0x080027a0       0x20 build/obj/chmboxes.o
                0x080027a0                chMBPost
 .text.chMBPostI
                0x080027c0       0x30 build/obj/chmboxes.o
                0x080027c0                chMBPostI
 .text.chMBPostAheadS
                0x080027f0       0x40 build/obj/chmboxes.o
                0x080027f0                chMBPostAheadS
 .text.chMBPostAhead
                0x08002830       0x20 build/obj/chmboxes.o
                0x08002830                chMBPostAhead
 .text.chMBPostAheadI
                0x08002850       0x30 build/obj/chmboxes.o
                0x08002850                chMBPostAheadI
 .text.chMBFetchS
                0x08002880       0x40 build/obj/chmboxes.o
                0x08002880                chMBFetchS
 .text.chMBFetch
                0x080028c0       0x20 build/obj/chmboxes.o
                0x080028c0                chMBFetch
 .text.chMBFetchI
                0x080028e0       0x30 build/obj/chmboxes.o
                0x080028e0                chMBFetchI
 .text.qwait    0x08002910       0x30 build/obj/chqueues.o
 .text.chIQInit
                0x08002940       0x20 build/obj/chqueues.o
                0x08002940                chIQInit
 .text.chIQResetI
                0x08002960       0x30 build/obj/chqueues.o
                0x08002960                chIQResetI
 .text.chIQPutI
                0x08002990       0x50 build/obj/chqueues.o
                0x08002990                chIQPutI
 .text.chIQGetTimeout
                0x080029e0       0x50 build/obj/chqueues.o
                0x080029e0                chIQGetTimeout
 .text.chIQReadTimeout
                0x08002a30       0x80 build/obj/chqueues.o
                0x08002a30                chIQReadTimeout
 .text.chOQInit
                0x08002ab0       0x20 build/obj/chqueues.o
                0x08002ab0                chOQInit
 .text.chOQResetI
                0x08002ad0       0x30 build/obj/chqueues.o
                0x08002ad0                chOQResetI
 .text.chOQPutTimeout
                0x08002b00       0x50 build/obj/chqueues.o
                0x08002b00                chOQPutTimeout
 .text.chOQGetI
                0x08002b50       0x50 build/obj/chqueues.o
                0x08002b50                chOQGetI
 .text.chOQWriteTimeout
                0x08002ba0       0x80 build/obj/chqueues.o
                0x08002ba0                chOQWriteTimeout
 .text._core_init
                0x08002c20       0x30 build/obj/chmemcore.o
                0x08002c20                _core_init
 .text.chCoreAlloc
                0x08002c50       0x40 build/obj/chmemcore.o
                0x08002c50                chCoreAlloc
 .text.chCoreStatus
                0x08002c90       0x20 build/obj/chmemcore.o
                0x08002c90                chCoreStatus
 .text._heap_init
                0x08002cb0       0x20 build/obj/chheap.o
                0x08002cb0                _heap_init
 .text.chHeapInit
                0x08002cd0       0x20 build/obj/chheap.o
                0x08002cd0                chHeapInit
 .text.chHeapAlloc
                0x08002cf0       0x90 build/obj/chheap.o
                0x08002cf0                chHeapAlloc
 .text.chHeapFree
                0x08002d80       0x90 build/obj/chheap.o
                0x08002d80                chHeapFree
 .text.chHeapStatus
                0x08002e10       0x40 build/obj/chheap.o
                0x08002e10                chHeapStatus
 .text.chPoolInit
                0x08002e50       0x10 build/obj/chmempools.o
                0x08002e50                chPoolInit
 .text.chPoolLoadArray
                0x08002e60       0x80 build/obj/chmempools.o
                0x08002e60                chPoolLoadArray
 .text.chPoolAlloc
                0x08002ee0       0x30 build/obj/chmempools.o
                0x08002ee0                chPoolAlloc
 .text.chPoolFree
                0x08002f10       0x20 build/obj/chmempools.o
                0x08002f10                chPoolFree
 .text.tmr      0x08002f30       0x10 build/obj/test.o
 .text.print_line
                0x08002f40       0x40 build/obj/test.o
 .text.test_printn
                0x08002f80       0x90 build/obj/test.o
                0x08002f80                test_printn
 .text.test_print
                0x08003010       0x20 build/obj/test.o
                0x08003010                test_print
 .text.test_println
                0x08003030       0x30 build/obj/test.o
                0x08003030                test_println
 .text.test_emit_token
                0x08003060       0x20 build/obj/test.o
                0x08003060                test_emit_token
 .text._test_assert
                0x08003080       0x30 build/obj/test.o
                0x08003080                _test_assert
 .text._test_assert_sequence
                0x080030b0       0x80 build/obj/test.o
                0x080030b0                _test_assert_sequence
 .text._test_assert_time_window
                0x08003130       0x40 build/obj/test.o
                0x08003130                _test_assert_time_window
 .text.test_terminate_threads
                0x08003170       0x40 build/obj/test.o
                0x08003170                test_terminate_threads
 .text.test_wait_threads
                0x080031b0       0x50 build/obj/test.o
                0x080031b0                test_wait_threads
 .text.test_cpu_pulse
                0x08003200       0x50 build/obj/test.o
                0x08003200                test_cpu_pulse
 .text.test_wait_tick
                0x08003250       0x20 build/obj/test.o
                0x08003250                test_wait_tick
 .text.test_start_timer
                0x08003270       0x50 build/obj/test.o
                0x08003270                test_start_timer
 .text.TestThread
                0x080032c0      0x320 build/obj/test.o
                0x080032c0                TestThread
 .text.thd3_execute
                0x080035e0      0x140 build/obj/testthd.o
 .text.thd2_execute
                0x08003720       0xf0 build/obj/testthd.o
 .text.thd1_execute
                0x08003810       0xf0 build/obj/testthd.o
 .text.thread   0x08003900       0x10 build/obj/testthd.o
 .text.thd4_execute
                0x08003910       0x80 build/obj/testthd.o
 .text.sem3_setup
                0x08003990       0x10 build/obj/testsem.o
 .text.sem2_setup
                0x080039a0       0x10 build/obj/testsem.o
 .text.sem1_setup
                0x080039b0       0x10 build/obj/testsem.o
 .text.sem4_execute
                0x080039c0      0x100 build/obj/testsem.o
 .text.thread4  0x08003ac0       0x30 build/obj/testsem.o
 .text.thread3  0x08003af0       0x20 build/obj/testsem.o
 .text.thread1  0x08003b10       0x20 build/obj/testsem.o
 .text.thread2  0x08003b30       0x30 build/obj/testsem.o
 .text.sem1_execute
                0x08003b60      0x150 build/obj/testsem.o
 .text.sem3_execute
                0x08003cb0       0xa0 build/obj/testsem.o
 .text.sem2_execute
                0x08003d50      0x2a0 build/obj/testsem.o
 .text.mtx8_execute
                0x08003ff0       0xb0 build/obj/testmtx.o
 .text.thread12
                0x080040a0       0x20 build/obj/testmtx.o
 .text.thread1  0x080040c0       0x20 build/obj/testmtx.o
 .text.thread10
                0x080040e0       0x30 build/obj/testmtx.o
 .text.thread11
                0x08004110       0x40 build/obj/testmtx.o
 .text.mtx8_setup
                0x08004150       0x30 build/obj/testmtx.o
 .text.mtx7_setup
                0x08004180       0x20 build/obj/testmtx.o
 .text.mtx6_setup
                0x080041a0       0x20 build/obj/testmtx.o
 .text.mtx5_setup
                0x080041c0       0x10 build/obj/testmtx.o
 .text.mtx4_setup
                0x080041d0       0x20 build/obj/testmtx.o
 .text.mtx3_setup
                0x080041f0       0x20 build/obj/testmtx.o
 .text.mtx2_setup
                0x08004210       0x10 build/obj/testmtx.o
 .text.mtx1_setup
                0x08004220       0x10 build/obj/testmtx.o
 .text.mtx7_execute
                0x08004230       0xd0 build/obj/testmtx.o
 .text.mtx6_execute
                0x08004300      0x100 build/obj/testmtx.o
 .text.mtx1_execute
                0x08004400       0xe0 build/obj/testmtx.o
 .text.mtx5_execute
                0x080044e0       0xc0 build/obj/testmtx.o
 .text.mtx4_execute
                0x080045a0      0x270 build/obj/testmtx.o
 .text.thread4b
                0x08004810       0x20 build/obj/testmtx.o
 .text.thread4a
                0x08004830       0x20 build/obj/testmtx.o
 .text.mtx3_execute
                0x08004850       0xf0 build/obj/testmtx.o
 .text.mtx2_execute
                0x08004940       0xb0 build/obj/testmtx.o
 .text.thread3HH
                0x080049f0       0x30 build/obj/testmtx.o
 .text.thread3H
                0x08004a20       0x20 build/obj/testmtx.o
 .text.thread3M
                0x08004a40       0x30 build/obj/testmtx.o
 .text.thread3L
                0x08004a70       0x50 build/obj/testmtx.o
 .text.thread3LL
                0x08004ac0       0x30 build/obj/testmtx.o
 .text.thread2L
                0x08004af0       0x30 build/obj/testmtx.o
 .text.thread2M
                0x08004b20       0x20 build/obj/testmtx.o
 .text.thread2H
                0x08004b40       0x30 build/obj/testmtx.o
 .text.msg1_execute
                0x08004b70       0x90 build/obj/testmsg.o
 .text.thread   0x08004c00       0x20 build/obj/testmsg.o
 .text.mbox1_execute
                0x08004c20      0x690 build/obj/testmbox.o
 .text.mbox1_setup
                0x080052b0       0x20 build/obj/testmbox.o
 .text.evt3_setup
                0x080052d0       0x10 build/obj/testevt.o
 .text.evt2_setup
                0x080052e0       0x10 build/obj/testevt.o
 .text.evt1_setup
                0x080052f0       0x10 build/obj/testevt.o
 .text.evt2_execute
                0x08005300      0x280 build/obj/testevt.o
 .text.thread2  0x08005580       0x30 build/obj/testevt.o
 .text.thread1  0x080055b0       0x20 build/obj/testevt.o
 .text.evt1_execute
                0x080055d0       0x90 build/obj/testevt.o
 .text.h3       0x08005660       0x10 build/obj/testevt.o
 .text.h2       0x08005670       0x10 build/obj/testevt.o
 .text.h1       0x08005680       0x10 build/obj/testevt.o
 .text.evt3_execute
                0x08005690       0xb0 build/obj/testevt.o
 .text.heap1_execute
                0x08005740      0x250 build/obj/testheap.o
 .text.heap1_setup
                0x08005990       0x20 build/obj/testheap.o
 .text.null_provider
                0x080059b0       0x10 build/obj/testpools.o
 .text.pools1_setup
                0x080059c0       0x20 build/obj/testpools.o
 .text.pools1_execute
                0x080059e0      0x170 build/obj/testpools.o
 .text.regfind  0x08005b50       0x30 build/obj/testdyn.o
 .text.dyn3_execute
                0x08005b80      0x140 build/obj/testdyn.o
 .text.thread   0x08005cc0       0x10 build/obj/testdyn.o
 .text.dyn3_setup
                0x08005cd0       0x20 build/obj/testdyn.o
 .text.dyn1_setup
                0x08005cf0       0x20 build/obj/testdyn.o
 .text.dyn2_execute
                0x08005d10      0x140 build/obj/testdyn.o
 .text.dyn2_setup
                0x08005e50       0x20 build/obj/testdyn.o
 .text.dyn1_execute
                0x08005e70       0xf0 build/obj/testdyn.o
 .text.notify   0x08005f60       0x10 build/obj/testqueues.o
 .text.thread2  0x08005f70       0x20 build/obj/testqueues.o
 .text.queues2_setup
                0x08005f90       0x30 build/obj/testqueues.o
 .text.thread1  0x08005fc0       0x20 build/obj/testqueues.o
 .text.queues1_setup
                0x08005fe0       0x30 build/obj/testqueues.o
 .text.queues2_execute
                0x08006010      0x2d0 build/obj/testqueues.o
 .text.queues1_execute
                0x080062e0      0x2f0 build/obj/testqueues.o
 .text.thread2  0x080065d0       0x10 build/obj/testbmk.o
 .text.tmo      0x080065e0       0x10 build/obj/testbmk.o
 .text.bmk13_execute
                0x080065f0      0x100 build/obj/testbmk.o
 .text.bmk12_execute
                0x080066f0       0x70 build/obj/testbmk.o
 .text.bmk12_setup
                0x08006760       0x10 build/obj/testbmk.o
 .text.thread3  0x08006770       0x30 build/obj/testbmk.o
 .text.bmk11_execute
                0x080067a0       0x70 build/obj/testbmk.o
 .text.bmk11_setup
                0x08006810       0x10 build/obj/testbmk.o
 .text.bmk7_setup
                0x08006820       0x10 build/obj/testbmk.o
 .text.bmk10_execute
                0x08006830       0x80 build/obj/testbmk.o
 .text.bmk9_execute
                0x080068b0       0xb0 build/obj/testbmk.o
 .text.bmk6_execute
                0x08006960       0x70 build/obj/testbmk.o
 .text.bmk8_execute
                0x080069d0       0xf0 build/obj/testbmk.o
 .text.thread8  0x08006ac0       0x40 build/obj/testbmk.o
 .text.bmk7_execute
                0x08006b00      0x110 build/obj/testbmk.o
 .text.bmk5_execute
                0x08006c10       0x80 build/obj/testbmk.o
 .text.bmk4_execute
                0x08006c90       0xc0 build/obj/testbmk.o
 .text.msg_loop_test
                0x08006d50       0x40 build/obj/testbmk.o
 .text.bmk3_execute
                0x08006d90       0xe0 build/obj/testbmk.o
 .text.bmk2_execute
                0x08006e70       0x80 build/obj/testbmk.o
 .text.bmk1_execute
                0x08006ef0       0x80 build/obj/testbmk.o
 .text.thread1  0x08006f70       0x20 build/obj/testbmk.o
 .text.thread4  0x08006f90       0x30 build/obj/testbmk.o
                0x08006f90                thread4
 .text.halInit  0x08006fc0       0x50 build/obj/hal.o
                0x08006fc0                halInit
 .text.halPolledDelay
                0x08007010       0x30 build/obj/hal.o
                0x08007010                halPolledDelay
 .text.adcInit  0x08007040       0x10 build/obj/adc.o
                0x08007040                adcInit
 .text.adcObjectInit
                0x08007050       0x20 build/obj/adc.o
                0x08007050                adcObjectInit
 .text.adcStart
                0x08007070       0x20 build/obj/adc.o
                0x08007070                adcStart
 .text.adcConvert
                0x08007090       0x40 build/obj/adc.o
                0x08007090                adcConvert
 .text.canInit  0x080070d0       0x10 build/obj/can.o
                0x080070d0                canInit
 .text.canObjectInit
                0x080070e0       0x40 build/obj/can.o
                0x080070e0                canObjectInit
 .text.canStart
                0x08007120       0x40 build/obj/can.o
                0x08007120                canStart
 .text.canTransmit
                0x08007160       0x60 build/obj/can.o
                0x08007160                canTransmit
 .text.canReceive
                0x080071c0       0x60 build/obj/can.o
                0x080071c0                canReceive
 .text.i2cInit  0x08007220       0x10 build/obj/i2c.o
                0x08007220                i2cInit
 .text.i2cObjectInit
                0x08007230       0x10 build/obj/i2c.o
                0x08007230                i2cObjectInit
 .text.icuInit  0x08007240       0x10 build/obj/icu.o
                0x08007240                icuInit
 .text.icuObjectInit
                0x08007250       0x10 build/obj/icu.o
                0x08007250                icuObjectInit
 .text.icuStart
                0x08007260       0x20 build/obj/icu.o
                0x08007260                icuStart
 .text.icuEnable
                0x08007280       0x20 build/obj/icu.o
                0x08007280                icuEnable
 .text.mmcsdGetCapacity
                0x080072a0       0x50 build/obj/mmcsd.o
                0x080072a0                mmcsdGetCapacity
 .text.pwmInit  0x080072f0       0x10 build/obj/pwm.o
                0x080072f0                pwmInit
 .text.pwmObjectInit
                0x08007300       0x10 build/obj/pwm.o
                0x08007300                pwmObjectInit
 .text.pwmStart
                0x08007310       0x20 build/obj/pwm.o
                0x08007310                pwmStart
 .text.pwmEnableChannel
                0x08007330       0x20 build/obj/pwm.o
                0x08007330                pwmEnableChannel
 .text.rtcInit  0x08007350       0x10 build/obj/rtc.o
                0x08007350                rtcInit
 .text.rtcSetTime
                0x08007360       0x20 build/obj/rtc.o
                0x08007360                rtcSetTime
 .text.rtcGetTime
                0x08007380       0x20 build/obj/rtc.o
                0x08007380                rtcGetTime
 .text.rtcSetAlarm
                0x080073a0       0x20 build/obj/rtc.o
                0x080073a0                rtcSetAlarm
 .text.rtcGetAlarm
                0x080073c0       0x20 build/obj/rtc.o
                0x080073c0                rtcGetAlarm
 .text.rtcGetTimeFat
                0x080073e0       0x10 build/obj/rtc.o
                0x080073e0                rtcGetTimeFat
 .text.sdcGetInfo
                0x080073f0       0x20 build/obj/sdc.o
                0x080073f0                sdcGetInfo
 .text.sdcConnect
                0x08007410      0x250 build/obj/sdc.o
                0x08007410                sdcConnect
 .text.sdcSync  0x08007660       0x20 build/obj/sdc.o
                0x08007660                sdcSync
 .text.sdcWrite
                0x08007680       0x30 build/obj/sdc.o
                0x08007680                sdcWrite
 .text.sdcRead  0x080076b0       0x30 build/obj/sdc.o
                0x080076b0                sdcRead
 .text._sdc_wait_for_transfer_state
                0x080076e0       0x50 build/obj/sdc.o
                0x080076e0                _sdc_wait_for_transfer_state
 .text.sdcDisconnect
                0x08007730       0x50 build/obj/sdc.o
                0x08007730                sdcDisconnect
 .text.sdcInit  0x08007780       0x10 build/obj/sdc.o
                0x08007780                sdcInit
 .text.sdcObjectInit
                0x08007790       0x20 build/obj/sdc.o
                0x08007790                sdcObjectInit
 .text.sdcStart
                0x080077b0       0x20 build/obj/sdc.o
                0x080077b0                sdcStart
 .text.sdcErase
                0x080077d0       0x90 build/obj/sdc.o
                0x080077d0                sdcErase
 .text.readt    0x08007860       0x10 build/obj/serial.o
 .text.read     0x08007870       0x10 build/obj/serial.o
 .text.writet   0x08007880       0x10 build/obj/serial.o
 .text.write    0x08007890       0x10 build/obj/serial.o
 .text.gett     0x080078a0       0x10 build/obj/serial.o
 .text.get      0x080078b0       0x10 build/obj/serial.o
 .text.putt     0x080078c0       0x10 build/obj/serial.o
 .text.put      0x080078d0       0x10 build/obj/serial.o
 .text.sdInit   0x080078e0       0x10 build/obj/serial.o
                0x080078e0                sdInit
 .text.sdObjectInit
                0x080078f0       0x50 build/obj/serial.o
                0x080078f0                sdObjectInit
 .text.sdStart  0x08007940       0x20 build/obj/serial.o
                0x08007940                sdStart
 .text.sdIncomingDataI
                0x08007960       0x40 build/obj/serial.o
                0x08007960                sdIncomingDataI
 .text.sduInit  0x080079a0       0x10 build/obj/serial_usb.o
                0x080079a0                sduInit
 .text.spiInit  0x080079b0       0x10 build/obj/spi.o
                0x080079b0                spiInit
 .text.spiObjectInit
                0x080079c0       0x10 build/obj/spi.o
                0x080079c0                spiObjectInit
 .text.tm_start
                0x080079d0       0x10 build/obj/tm.o
 .text.tm_stop  0x080079e0       0x40 build/obj/tm.o
 .text.tmInit   0x08007a20       0x50 build/obj/tm.o
                0x08007a20                tmInit
 .text.usbInit  0x08007a70       0x10 build/obj/usb.o
                0x08007a70                usbInit
 .text.usbObjectInit
                0x08007a80       0x20 build/obj/usb.o
                0x08007a80                usbObjectInit
 .text.usbPrepareReceive
                0x08007aa0       0x20 build/obj/usb.o
                0x08007aa0                usbPrepareReceive
 .text.usbPrepareTransmit
                0x08007ac0       0x20 build/obj/usb.o
                0x08007ac0                usbPrepareTransmit
 .text.usbStartReceiveI
                0x08007ae0       0x30 build/obj/usb.o
                0x08007ae0                usbStartReceiveI
 .text.usbStartTransmitI
                0x08007b10       0x30 build/obj/usb.o
                0x08007b10                usbStartTransmitI
 .text._usb_reset
                0x08007b40       0x30 build/obj/usb.o
                0x08007b40                _usb_reset
 .text._usb_ep0setup
                0x08007b70      0x320 build/obj/usb.o
                0x08007b70                _usb_ep0setup
 .text._usb_ep0in
                0x08007e90       0xc0 build/obj/usb.o
                0x08007e90                _usb_ep0in
 .text._usb_ep0out
                0x08007f50       0x80 build/obj/usb.o
                0x08007f50                _usb_ep0out
 .text.Vector6C
                0x08007fd0       0x30 build/obj/stm32_dma.o
                0x08007fd0                Vector6C
 .text.Vector70
                0x08008000       0x30 build/obj/stm32_dma.o
                0x08008000                Vector70
 .text.Vector74
                0x08008030       0x30 build/obj/stm32_dma.o
                0x08008030                Vector74
 .text.Vector78
                0x08008060       0x30 build/obj/stm32_dma.o
                0x08008060                Vector78
 .text.Vector7C
                0x08008090       0x30 build/obj/stm32_dma.o
                0x08008090                Vector7C
 .text.Vector80
                0x080080c0       0x30 build/obj/stm32_dma.o
                0x080080c0                Vector80
 .text.Vector84
                0x080080f0       0x30 build/obj/stm32_dma.o
                0x080080f0                Vector84
 .text.VectorFC
                0x08008120       0x30 build/obj/stm32_dma.o
                0x08008120                VectorFC
 .text.Vector120
                0x08008150       0x30 build/obj/stm32_dma.o
                0x08008150                Vector120
 .text.Vector124
                0x08008180       0x30 build/obj/stm32_dma.o
                0x08008180                Vector124
 .text.Vector128
                0x080081b0       0x30 build/obj/stm32_dma.o
                0x080081b0                Vector128
 .text.Vector12C
                0x080081e0       0x30 build/obj/stm32_dma.o
                0x080081e0                Vector12C
 .text.Vector130
                0x08008210       0x30 build/obj/stm32_dma.o
                0x08008210                Vector130
 .text.Vector150
                0x08008240       0x30 build/obj/stm32_dma.o
                0x08008240                Vector150
 .text.Vector154
                0x08008270       0x30 build/obj/stm32_dma.o
                0x08008270                Vector154
 .text.Vector158
                0x080082a0       0x30 build/obj/stm32_dma.o
                0x080082a0                Vector158
 .text.dmaInit  0x080082d0      0x140 build/obj/stm32_dma.o
                0x080082d0                dmaInit
 .text.dmaStreamAllocate
                0x08008410       0xa0 build/obj/stm32_dma.o
                0x08008410                dmaStreamAllocate
 .text.hal_lld_init
                0x080084b0       0xe0 build/obj/hal_lld.o
                0x080084b0                hal_lld_init
 .text.stm32_clock_init
                0x08008590      0x110 build/obj/hal_lld.o
                0x08008590                stm32_clock_init
 .text.adc_lld_init
                0x080086a0       0x40 build/obj/adc_lld.o
                0x080086a0                adc_lld_init
 .text.adc_lld_start
                0x080086e0       0x70 build/obj/adc_lld.o
                0x080086e0                adc_lld_start
 .text.adc_lld_start_conversion
                0x08008750       0xa0 build/obj/adc_lld.o
                0x08008750                adc_lld_start_conversion
 .text.adc_lld_stop_conversion
                0x080087f0       0x30 build/obj/adc_lld.o
                0x080087f0                adc_lld_stop_conversion
 .text.adc_lld_serve_rx_interrupt
                0x08008820       0xe0 build/obj/adc_lld.o
 .text.Vector88
                0x08008900       0x80 build/obj/adc_lld.o
                0x08008900                Vector88
 .text.can_lld_set_filters
                0x08008980      0x2b0 build/obj/can_lld.o
 .text.Vector8C
                0x08008c30       0x50 build/obj/can_lld.o
                0x08008c30                Vector8C
 .text.Vector90
                0x08008c80       0x70 build/obj/can_lld.o
                0x08008c80                Vector90
 .text.Vector94
                0x08008cf0       0x70 build/obj/can_lld.o
                0x08008cf0                Vector94
 .text.Vector98
                0x08008d60       0x80 build/obj/can_lld.o
                0x08008d60                Vector98
 .text.can_lld_init
                0x08008de0       0x30 build/obj/can_lld.o
                0x08008de0                can_lld_init
 .text.can_lld_start
                0x08008e10       0x80 build/obj/can_lld.o
                0x08008e10                can_lld_start
 .text.can_lld_is_tx_empty
                0x08008e90       0x40 build/obj/can_lld.o
                0x08008e90                can_lld_is_tx_empty
 .text.can_lld_transmit
                0x08008ed0       0x80 build/obj/can_lld.o
                0x08008ed0                can_lld_transmit
 .text.can_lld_is_rx_nonempty
                0x08008f50       0x40 build/obj/can_lld.o
                0x08008f50                can_lld_is_rx_nonempty
 .text.can_lld_receive
                0x08008f90       0xd0 build/obj/can_lld.o
                0x08008f90                can_lld_receive
 .text.sdc_lld_collect_errors
                0x08009060       0x40 build/obj/sdc_lld.o
 .text.Vector104
                0x080090a0       0x40 build/obj/sdc_lld.o
                0x080090a0                Vector104
 .text.sdc_lld_init
                0x080090e0       0x20 build/obj/sdc_lld.o
                0x080090e0                sdc_lld_init
 .text.sdc_lld_start
                0x08009100       0x60 build/obj/sdc_lld.o
                0x08009100                sdc_lld_start
 .text.sdc_lld_start_clk
                0x08009160       0x30 build/obj/sdc_lld.o
                0x08009160                sdc_lld_start_clk
 .text.sdc_lld_set_data_clk
                0x08009190       0x20 build/obj/sdc_lld.o
                0x08009190                sdc_lld_set_data_clk
 .text.sdc_lld_stop_clk
                0x080091b0       0x10 build/obj/sdc_lld.o
                0x080091b0                sdc_lld_stop_clk
 .text.sdc_lld_set_bus_mode
                0x080091c0       0x30 build/obj/sdc_lld.o
                0x080091c0                sdc_lld_set_bus_mode
 .text.sdc_lld_send_cmd_none
                0x080091f0       0x30 build/obj/sdc_lld.o
                0x080091f0                sdc_lld_send_cmd_none
 .text.sdc_lld_send_cmd_short
                0x08009220       0x40 build/obj/sdc_lld.o
                0x08009220                sdc_lld_send_cmd_short
 .text.sdc_lld_send_cmd_short_crc
                0x08009260       0x40 build/obj/sdc_lld.o
                0x08009260                sdc_lld_send_cmd_short_crc
 .text.sdc_lld_wait_transaction_end
                0x080092a0       0xa0 build/obj/sdc_lld.o
 .text.sdc_lld_error_cleanup
                0x08009340       0x80 build/obj/sdc_lld.o
 .text.sdc_lld_send_cmd_long_crc
                0x080093c0       0x50 build/obj/sdc_lld.o
                0x080093c0                sdc_lld_send_cmd_long_crc
 .text.sdc_lld_read_aligned
                0x08009410       0xc0 build/obj/sdc_lld.o
                0x08009410                sdc_lld_read_aligned
 .text.sdc_lld_write_aligned
                0x080094d0       0xc0 build/obj/sdc_lld.o
                0x080094d0                sdc_lld_write_aligned
 .text.sdc_lld_read
                0x08009590       0xd0 build/obj/sdc_lld.o
                0x08009590                sdc_lld_read
 .text.sdc_lld_write
                0x08009660       0xd0 build/obj/sdc_lld.o
                0x08009660                sdc_lld_write
 .text.sdc_lld_sync
                0x08009730       0x10 build/obj/sdc_lld.o
                0x08009730                sdc_lld_sync
 .text._pal_lld_init
                0x08009740      0x1b0 build/obj/pal_lld.o
                0x08009740                _pal_lld_init
 .text.VectorBC
                0x080098f0      0x120 build/obj/i2c_lld.o
                0x080098f0                VectorBC
 .text.VectorC0
                0x08009a10      0x100 build/obj/i2c_lld.o
                0x08009a10                VectorC0
 .text.i2c_lld_init
                0x08009b10       0x30 build/obj/i2c_lld.o
                0x08009b10                i2c_lld_init
 .text.otg_txfifo_flush
                0x08009b40       0x20 build/obj/usb_lld.o
 .text.usb_lld_init
                0x08009b60       0x30 build/obj/usb_lld.o
                0x08009b60                usb_lld_init
 .text.usb_lld_reset
                0x08009b90      0x130 build/obj/usb_lld.o
                0x08009b90                usb_lld_reset
 .text.usb_lld_set_address
                0x08009cc0       0x20 build/obj/usb_lld.o
                0x08009cc0                usb_lld_set_address
 .text.usb_lld_get_status_out
                0x08009ce0       0x20 build/obj/usb_lld.o
                0x08009ce0                usb_lld_get_status_out
 .text.usb_lld_get_status_in
                0x08009d00       0x20 build/obj/usb_lld.o
                0x08009d00                usb_lld_get_status_in
 .text.usb_lld_read_setup
                0x08009d20       0x20 build/obj/usb_lld.o
                0x08009d20                usb_lld_read_setup
 .text.usb_lld_prepare_receive
                0x08009d40       0x40 build/obj/usb_lld.o
                0x08009d40                usb_lld_prepare_receive
 .text.otg_epout_handler
                0x08009d80       0x90 build/obj/usb_lld.o
 .text.usb_lld_prepare_transmit
                0x08009e10       0x50 build/obj/usb_lld.o
                0x08009e10                usb_lld_prepare_transmit
 .text.otg_epin_handler
                0x08009e60       0xd0 build/obj/usb_lld.o
 .text.Vector14C
                0x08009f30      0x100 build/obj/usb_lld.o
                0x08009f30                Vector14C
 .text.usb_lld_start_out
                0x0800a030       0x10 build/obj/usb_lld.o
                0x0800a030                usb_lld_start_out
 .text.usb_lld_start_in
                0x0800a040       0x30 build/obj/usb_lld.o
                0x0800a040                usb_lld_start_in
 .text.usb_lld_stall_out
                0x0800a070       0x10 build/obj/usb_lld.o
                0x0800a070                usb_lld_stall_out
 .text.usb_lld_stall_in
                0x0800a080       0x10 build/obj/usb_lld.o
                0x0800a080                usb_lld_stall_in
 .text.usb_lld_clear_out
                0x0800a090       0x10 build/obj/usb_lld.o
                0x0800a090                usb_lld_clear_out
 .text.usb_lld_clear_in
                0x0800a0a0       0x10 build/obj/usb_lld.o
                0x0800a0a0                usb_lld_clear_in
 .text.rtc_lld_init
                0x0800a0b0       0x50 build/obj/rtc_lld.o
                0x0800a0b0                rtc_lld_init
 .text.rtc_lld_set_time
                0x0800a100       0x40 build/obj/rtc_lld.o
                0x0800a100                rtc_lld_set_time
 .text.rtc_lld_get_time
                0x0800a140       0x40 build/obj/rtc_lld.o
                0x0800a140                rtc_lld_get_time
 .text.rtc_lld_set_alarm
                0x0800a180       0x80 build/obj/rtc_lld.o
                0x0800a180                rtc_lld_set_alarm
 .text.rtc_lld_get_alarm
                0x0800a200       0x10 build/obj/rtc_lld.o
                0x0800a200                rtc_lld_get_alarm
 .text.rtc_lld_get_time_fat
                0x0800a210       0xb0 build/obj/rtc_lld.o
                0x0800a210                rtc_lld_get_time_fat
 .text.spi_lld_init
                0x0800a2c0       0x50 build/obj/spi_lld.o
                0x0800a2c0                spi_lld_init
 .text.icu_lld_serve_interrupt.constprop.0
                0x0800a310       0x90 build/obj/icu_lld.o
 .text.VectorA4
                0x0800a3a0       0x10 build/obj/icu_lld.o
                0x0800a3a0                VectorA4
 .text.VectorAC
                0x0800a3b0       0x10 build/obj/icu_lld.o
                0x0800a3b0                VectorAC
 .text.icu_lld_init
                0x0800a3c0       0x20 build/obj/icu_lld.o
                0x0800a3c0                icu_lld_init
 .text.icu_lld_start
                0x0800a3e0       0xd0 build/obj/icu_lld.o
                0x0800a3e0                icu_lld_start
 .text.icu_lld_enable
                0x0800a4b0       0x60 build/obj/icu_lld.o
                0x0800a4b0                icu_lld_enable
 .text.pwm_lld_serve_interrupt
                0x0800a510       0x70 build/obj/pwm_lld.o
 .text.VectorB8
                0x0800a580       0x20 build/obj/pwm_lld.o
                0x0800a580                VectorB8
 .text.Vector108
                0x0800a5a0       0x20 build/obj/pwm_lld.o
                0x0800a5a0                Vector108
 .text.pwm_lld_init
                0x0800a5c0       0x40 build/obj/pwm_lld.o
                0x0800a5c0                pwm_lld_init
 .text.pwm_lld_start
                0x0800a600      0x140 build/obj/pwm_lld.o
                0x0800a600                pwm_lld_start
 .text.pwm_lld_enable_channel
                0x0800a740       0x30 build/obj/pwm_lld.o
                0x0800a740                pwm_lld_enable_channel
 .text.notify1  0x0800a770       0x20 build/obj/serial_lld.o
 .text.notify2  0x0800a790       0x20 build/obj/serial_lld.o
 .text.serve_interrupt
                0x0800a7b0      0x130 build/obj/serial_lld.o
 .text.VectorD4
                0x0800a8e0       0x20 build/obj/serial_lld.o
                0x0800a8e0                VectorD4
 .text.VectorD8
                0x0800a900       0x20 build/obj/serial_lld.o
                0x0800a900                VectorD8
 .text.sd_lld_init
                0x0800a920       0x50 build/obj/serial_lld.o
                0x0800a920                sd_lld_init
 .text.sd_lld_start
                0x0800a970       0xd0 build/obj/serial_lld.o
                0x0800a970                sd_lld_start
 .text.__early_init
                0x0800aa40       0x10 build/obj/board.o
                0x0800aa40                __early_init
 .text.boardInit
                0x0800aa50       0x10 build/obj/board.o
                0x0800aa50                boardInit
 .text.disk_initialize
                0x0800aa60       0x30 build/obj/fatfs_diskio.o
                0x0800aa60                disk_initialize
 .text.disk_status
                0x0800aa90       0x30 build/obj/fatfs_diskio.o
                0x0800aa90                disk_status
 .text.disk_read
                0x0800aac0       0x30 build/obj/fatfs_diskio.o
                0x0800aac0                disk_read
 .text.disk_write
                0x0800aaf0       0x30 build/obj/fatfs_diskio.o
                0x0800aaf0                disk_write
 .text.disk_ioctl
                0x0800ab20       0x50 build/obj/fatfs_diskio.o
                0x0800ab20                disk_ioctl
 .text.get_fattime
                0x0800ab70       0x10 build/obj/fatfs_diskio.o
                0x0800ab70                get_fattime
 .text.ff_memalloc
                0x0800ab80       0x10 build/obj/fatfs_syscall.o
                0x0800ab80                ff_memalloc
 .text.ff_memfree
                0x0800ab90       0x10 build/obj/fatfs_syscall.o
                0x0800ab90                ff_memfree
 .text.move_window
                0x0800aba0       0xb0 build/obj/ff.o
 .text.sync     0x0800ac50       0x80 build/obj/ff.o
 .text.get_fileinfo
                0x0800acd0      0x1f0 build/obj/ff.o
 .text.validate
                0x0800aec0       0x30 build/obj/ff.o
 .text.check_fs
                0x0800aef0       0x50 build/obj/ff.o
 .text.chk_mounted
                0x0800af40      0x1f0 build/obj/ff.o
 .text.get_fat  0x0800b130       0xb0 build/obj/ff.o
                0x0800b130                get_fat
 .text.dir_sdi  0x0800b1e0       0xa0 build/obj/ff.o
 .text.put_fat  0x0800b280       0xf0 build/obj/ff.o
                0x0800b280                put_fat
 .text.create_chain
                0x0800b370       0xa0 build/obj/ff.o
 .text.dir_next
                0x0800b410      0x130 build/obj/ff.o
 .text.dir_find.part.4
                0x0800b540      0x4c0 build/obj/ff.o
 .text.follow_path
                0x0800ba00      0x330 build/obj/ff.o
 .text.dir_read
                0x0800bd30      0x320 build/obj/ff.o
 .text.remove_chain
                0x0800c050       0xb0 build/obj/ff.o
 .text.gen_numname
                0x0800c100      0x120 build/obj/ff.o
                0x0800c100                gen_numname
 .text.dir_register
                0x0800c220      0x440 build/obj/ff.o
 .text.f_mount  0x0800c660       0x20 build/obj/ff.o
                0x0800c660                f_mount
 .text.f_open   0x0800c680      0x180 build/obj/ff.o
                0x0800c680                f_open
 .text.f_read   0x0800c800      0x280 build/obj/ff.o
                0x0800c800                f_read
 .text.f_write  0x0800ca80      0x2d0 build/obj/ff.o
                0x0800ca80                f_write
 .text.f_sync   0x0800cd50       0x90 build/obj/ff.o
                0x0800cd50                f_sync
 .text.f_close  0x0800cde0       0x10 build/obj/ff.o
                0x0800cde0                f_close
 .text.f_opendir
                0x0800cdf0       0x80 build/obj/ff.o
                0x0800cdf0                f_opendir
 .text.f_readdir
                0x0800ce70       0x80 build/obj/ff.o
                0x0800ce70                f_readdir
 .text.f_stat   0x0800cef0       0x60 build/obj/ff.o
                0x0800cef0                f_stat
 .text.f_getfree
                0x0800cf50      0x1b0 build/obj/ff.o
                0x0800cf50                f_getfree
 .text.f_gets   0x0800d100       0xa0 build/obj/ff.o
                0x0800d100                f_gets
 .text.ff_convert
                0x0800d1a0       0x50 build/obj/ccsbcs.o
                0x0800d1a0                ff_convert
 .text.ff_wtoupper
                0x0800d1f0       0x30 build/obj/ccsbcs.o
                0x0800d1f0                ff_wtoupper
 .text._sbrk_r  0x0800d220       0x20 build/obj/syscalls.o
                0x0800d220                _sbrk_r
 .text.chprintf
                0x0800d240       0x20 build/obj/shell.o
 .text._strtok.constprop.2
                0x0800d260       0x40 build/obj/shell.o
 .text.cmd_systime
                0x0800d2a0       0x30 build/obj/shell.o
 .text.cmd_info
                0x0800d2d0       0xc0 build/obj/shell.o
 .text.shellInit
                0x0800d390       0x10 build/obj/shell.o
                0x0800d390                shellInit
 .text.shellExit
                0x0800d3a0       0x30 build/obj/shell.o
                0x0800d3a0                shellExit
 .text.shellCreate
                0x0800d3d0       0x20 build/obj/shell.o
                0x0800d3d0                shellCreate
 .text.shellGetLine
                0x0800d3f0       0xa0 build/obj/shell.o
                0x0800d3f0                shellGetLine
 .text.shell_thread
                0x0800d490      0x1e0 build/obj/shell.o
 .text.long_to_string_with_divisor.constprop.0
                0x0800d670       0x70 build/obj/chprintf.o
 .text.chvprintf
                0x0800d6e0      0x380 build/obj/chprintf.o
                0x0800d6e0                chvprintf
 .text.stm32_rtc_bcd2tm
                0x0800da60       0xb0 build/obj/chrtclib.o
 .text.stm32_rtc_tm2bcd
                0x0800db10      0x110 build/obj/chrtclib.o
 .text.rtcGetTimeTm
                0x0800dc20       0x30 build/obj/chrtclib.o
                0x0800dc20                rtcGetTimeTm
 .text.rtcGetTimeUnixSec
                0x0800dc50       0x30 build/obj/chrtclib.o
                0x0800dc50                rtcGetTimeUnixSec
 .text.rtcSetTimeUnixSec
                0x0800dc80       0x30 build/obj/chrtclib.o
                0x0800dc80                rtcSetTimeUnixSec
 .text.Thread1  0x0800dcb0       0x50 build/obj/main.o
 .text.task20ms
                0x0800dd00       0x40 build/obj/main.o
 .text.chprintf
                0x0800dd40       0x20 build/obj/console.o
 .text.cmd_alarm
                0x0800dd60       0xd0 build/obj/console.o
                0x0800dd60                cmd_alarm
 .text.cmd_date
                0x0800de30       0xf0 build/obj/console.o
                0x0800de30                cmd_date
 .text.cmd_test
                0x0800df20       0x60 build/obj/console.o
                0x0800df20                cmd_test
 .text.cmd_threads
                0x0800df80       0x70 build/obj/console.o
                0x0800df80                cmd_threads
 .text.cmd_mem  0x0800dff0       0x60 build/obj/console.o
                0x0800dff0                cmd_mem
 .text.cmd_sleep
                0x0800e050       0x60 build/obj/console.o
                0x0800e050                cmd_sleep
 .text.consoleInit
                0x0800e0b0       0x30 build/obj/console.o
                0x0800e0b0                consoleInit
 .text.consoleStart
                0x0800e0e0       0x40 build/obj/console.o
                0x0800e0e0                consoleStart
 .text.chprintf
                0x0800e120       0x20 build/obj/sdcard.o
 .text.scan_files.constprop.0
                0x0800e140       0xa0 build/obj/sdcard.o
 .text.sdc_lld_is_card_inserted
                0x0800e1e0       0x10 build/obj/sdcard.o
                0x0800e1e0                sdc_lld_is_card_inserted
 .text.sdc_lld_is_write_protected
                0x0800e1f0       0x10 build/obj/sdcard.o
                0x0800e1f0                sdc_lld_is_write_protected
 .text.sdcardInit
                0x0800e200       0x30 build/obj/sdcard.o
                0x0800e200                sdcardInit
 .text.sdcardMount
                0x0800e230       0x60 build/obj/sdcard.o
                0x0800e230                sdcardMount
 .text.sdcardUMount
                0x0800e290       0x30 build/obj/sdcard.o
                0x0800e290                sdcardUMount
 .text.sdcardIsMounted
                0x0800e2c0       0x10 build/obj/sdcard.o
                0x0800e2c0                sdcardIsMounted
 .text.cmd_tree
                0x0800e2d0       0x80 build/obj/sdcard.o
                0x0800e2d0                cmd_tree
 .text.cmd_mountsd
                0x0800e350       0x80 build/obj/sdcard.o
                0x0800e350                cmd_mountsd
 .text.cmd_umountsd
                0x0800e3d0       0x40 build/obj/sdcard.o
                0x0800e3d0                cmd_umountsd
 .text.cmd_cat  0x0800e410       0x90 build/obj/sdcard.o
                0x0800e410                cmd_cat
 .text.cmd_sdiotest
                0x0800e4a0      0x4f0 build/obj/sdcard.o
                0x0800e4a0                cmd_sdiotest
 .text.chprintf
                0x0800e990       0x20 build/obj/can_comm.o
 .text.can_tx   0x0800e9b0       0x80 build/obj/can_comm.o
 .text.can_rx   0x0800ea30      0x200 build/obj/can_comm.o
 .text.can_commInit
                0x0800ec30       0x60 build/obj/can_comm.o
                0x0800ec30                can_commInit
 .text.cmd_can_commvalues
                0x0800ec90       0x80 build/obj/can_comm.o
                0x0800ec90                cmd_can_commvalues
 .text.cmd_canmppttest
                0x0800ed10      0x150 build/obj/can_comm.o
                0x0800ed10                cmd_canmppttest
 .text.cmd_candata
                0x0800ee60      0x130 build/obj/can_comm.o
                0x0800ee60                cmd_candata
 .text.chprintf
                0x0800ef90       0x20 build/obj/light.o
 .text.lightInit
                0x0800efb0       0x20 build/obj/light.o
                0x0800efb0                lightInit
 .text.lightCalc
                0x0800efd0       0x60 build/obj/light.o
                0x0800efd0                lightCalc
 .text.cmd_lightvalues
                0x0800f030       0x70 build/obj/light.o
                0x0800f030                cmd_lightvalues
 .text.speedWheelPeriodCb
                0x0800f0a0       0x20 build/obj/speed.o
 .text.speedWheelPeriodNumber
                0x0800f0c0       0x10 build/obj/speed.o
 .text.chprintf
                0x0800f0d0       0x20 build/obj/speed.o
 .text.speedInit
                0x0800f0f0       0x30 build/obj/speed.o
                0x0800f0f0                speedInit
 .text.speedCalc
                0x0800f120       0xb0 build/obj/speed.o
                0x0800f120                speedCalc
 .text.speedGetRpm
                0x0800f1d0       0x20 build/obj/speed.o
                0x0800f1d0                speedGetRpm
 .text.cmd_speedvalues
                0x0800f1f0       0x90 build/obj/speed.o
                0x0800f1f0                cmd_speedvalues
 .text.adcerrorcallback
                0x0800f280       0x10 build/obj/meas.o
 .text.chprintf
                0x0800f290       0x20 build/obj/meas.o
 .text.measInit
                0x0800f2b0       0x20 build/obj/meas.o
                0x0800f2b0                measInit
 .text.measCalc
                0x0800f2d0      0x1f0 build/obj/meas.o
                0x0800f2d0                measCalc
 .text.cmd_measvalues
                0x0800f4c0       0xc0 build/obj/meas.o
                0x0800f4c0                cmd_measvalues
 .text.chprintf
                0x0800f580       0x20 build/obj/cruise.o
 .text.cruiseInit
                0x0800f5a0       0x80 build/obj/cruise.o
                0x0800f5a0                cruiseInit
 .text.cruisePID
                0x0800f620      0x180 build/obj/cruise.o
                0x0800f620                cruisePID
 .text.cruiseCalc
                0x0800f7a0       0xc0 build/obj/cruise.o
                0x0800f7a0                cruiseCalc
 .text.cmd_cruisevalues
                0x0800f860      0x100 build/obj/cruise.o
                0x0800f860                cmd_cruisevalues
 .text.cmd_setcruisevalues
                0x0800f960      0x1b0 build/obj/cruise.o
                0x0800f960                cmd_setcruisevalues
 .text.chprintf
                0x0800fb10       0x20 build/obj/dsp.o
 .text.dsp_LoadTop
                0x0800fb30       0xe0 build/obj/dsp.o
                0x0800fb30                dsp_LoadTop
 .text.dsp_LoadMidle
                0x0800fc10       0x70 build/obj/dsp.o
                0x0800fc10                dsp_LoadMidle
 .text.dspInit  0x0800fc80       0x20 build/obj/dsp.o
                0x0800fc80                dspInit
 .text.dspCalc  0x0800fca0       0x10 build/obj/dsp.o
                0x0800fca0                dspCalc
 .text.cmdfrappans_dspmessages
                0x0800fcb0      0x130 build/obj/dsp.o
                0x0800fcb0                cmdfrappans_dspmessages
 .text.gfx_Cls  0x0800fde0       0x30 build/obj/gfx.o
                0x0800fde0                gfx_Cls
 .text.file_Mount
                0x0800fe10       0x30 build/obj/gfx.o
                0x0800fe10                file_Mount
 .text.media_Image
                0x0800fe40       0x60 build/obj/gfx.o
                0x0800fe40                media_Image
 .text.media_SetSector
                0x0800fea0       0x60 build/obj/gfx.o
                0x0800fea0                media_SetSector
 .text.media_VideoFrame
                0x0800ff00       0x80 build/obj/gfx.o
                0x0800ff00                media_VideoFrame
 .text.gfx_BGcolour
                0x0800ff80       0x40 build/obj/gfx.o
                0x0800ff80                gfx_BGcolour
 .text.uart_commInit
                0x0800ffc0       0x20 build/obj/uart_comm.o
                0x0800ffc0                uart_commInit
 .text.asctime  0x0800ffe0       0x10 c:/chibistudio/tools/gnu tools arm embedded/4.7 2014q2/bin/../lib/gcc/arm-none-eabi/4.7.4/../../../../arm-none-eabi/lib/armv7e-m\libg.a(lib_a-asctime.o)
                0x0800ffe0                asctime
 .text.asctime_r
                0x0800fff0       0x54 c:/chibistudio/tools/gnu tools arm embedded/4.7 2014q2/bin/../lib/gcc/arm-none-eabi/4.7.4/../../../../arm-none-eabi/lib/armv7e-m\libg.a(lib_a-asctime_r.o)
                0x0800fff0                asctime_r
 *fill*         0x08010044        0xc 00
 .text.atol     0x08010050        0x8 c:/chibistudio/tools/gnu tools arm embedded/4.7 2014q2/bin/../lib/gcc/arm-none-eabi/4.7.4/../../../../arm-none-eabi/lib/armv7e-m\libg.a(lib_a-atol.o)
                0x08010050                atol
 *fill*         0x08010058        0x8 00
 .text.localtime_r
                0x08010060        0x8 c:/chibistudio/tools/gnu tools arm embedded/4.7 2014q2/bin/../lib/gcc/arm-none-eabi/4.7.4/../../../../arm-none-eabi/lib/armv7e-m\libg.a(lib_a-lcltime_r.o)
                0x08010060                localtime_r
 *fill*         0x08010068        0x8 00
 .text.memcmp   0x08010070       0xb8 c:/chibistudio/tools/gnu tools arm embedded/4.7 2014q2/bin/../lib/gcc/arm-none-eabi/4.7.4/../../../../arm-none-eabi/lib/armv7e-m\libg.a(lib_a-memcmp.o)
                0x08010070                memcmp
 *fill*         0x08010128        0x8 00
 .text.memcpy   0x08010130      0x144 c:/chibistudio/tools/gnu tools arm embedded/4.7 2014q2/bin/../lib/gcc/arm-none-eabi/4.7.4/../../../../arm-none-eabi/lib/armv7e-m\libg.a(lib_a-memcpy.o)
                0x08010130                memcpy
 *fill*         0x08010274        0xc 00
 .text.memset   0x08010280      0x12c c:/chibistudio/tools/gnu tools arm embedded/4.7 2014q2/bin/../lib/gcc/arm-none-eabi/4.7.4/../../../../arm-none-eabi/lib/armv7e-m\libg.a(lib_a-memset.o)
                0x08010280                memset
 *fill*         0x080103ac        0x4 00
 .text.validate_structure
                0x080103b0      0x20c c:/chibistudio/tools/gnu tools arm embedded/4.7 2014q2/bin/../lib/gcc/arm-none-eabi/4.7.4/../../../../arm-none-eabi/lib/armv7e-m\libg.a(lib_a-mktime.o)
 *fill*         0x080105bc        0x4 00
 .text.mktime   0x080105c0      0x36c c:/chibistudio/tools/gnu tools arm embedded/4.7 2014q2/bin/../lib/gcc/arm-none-eabi/4.7.4/../../../../arm-none-eabi/lib/armv7e-m\libg.a(lib_a-mktime.o)
                0x080105c0                mktime
 *fill*         0x0801092c        0x4 00
 .text.__tzcalc_limits
                0x08010930      0x1b8 c:/chibistudio/tools/gnu tools arm embedded/4.7 2014q2/bin/../lib/gcc/arm-none-eabi/4.7.4/../../../../arm-none-eabi/lib/armv7e-m\libg.a(lib_a-mktm_r.o)
                0x08010930                __tzcalc_limits
 *fill*         0x08010ae8        0x8 00
 .text._mktm_r  0x08010af0      0x360 c:/chibistudio/tools/gnu tools arm embedded/4.7 2014q2/bin/../lib/gcc/arm-none-eabi/4.7.4/../../../../arm-none-eabi/lib/armv7e-m\libg.a(lib_a-mktm_r.o)
                0x08010af0                _mktm_r
 .text.sprintf  0x08010e50       0x50 c:/chibistudio/tools/gnu tools arm embedded/4.7 2014q2/bin/../lib/gcc/arm-none-eabi/4.7.4/../../../../arm-none-eabi/lib/armv7e-m\libg.a(lib_a-sprintf.o)
                0x08010e50                sprintf
 .text.strcasecmp
                0x08010ea0       0x44 c:/chibistudio/tools/gnu tools arm embedded/4.7 2014q2/bin/../lib/gcc/arm-none-eabi/4.7.4/../../../../arm-none-eabi/lib/armv7e-m\libg.a(lib_a-strcasecmp.o)
                0x08010ea0                strcasecmp
 *fill*         0x08010ee4        0xc 00
 .text.strcmp   0x08010ef0       0x80 c:/chibistudio/tools/gnu tools arm embedded/4.7 2014q2/bin/../lib/gcc/arm-none-eabi/4.7.4/../../../../arm-none-eabi/lib/armv7e-m\libg.a(lib_a-strcmp.o)
                0x08010ef0                strcmp
 .text.strcmp_unaligned
                0x08010f70      0x15c c:/chibistudio/tools/gnu tools arm embedded/4.7 2014q2/bin/../lib/gcc/arm-none-eabi/4.7.4/../../../../arm-none-eabi/lib/armv7e-m\libg.a(lib_a-strcmp.o)
 *fill*         0x080110cc        0x4 00
 .text.strcpy   0x080110d0       0xbc c:/chibistudio/tools/gnu tools arm embedded/4.7 2014q2/bin/../lib/gcc/arm-none-eabi/4.7.4/../../../../arm-none-eabi/lib/armv7e-m\libg.a(lib_a-strcpy.o)
                0x080110d0                strcpy
 *fill*         0x0801118c        0x4 00
 .text.strlen   0x08011190       0x60 c:/chibistudio/tools/gnu tools arm embedded/4.7 2014q2/bin/../lib/gcc/arm-none-eabi/4.7.4/../../../../arm-none-eabi/lib/armv7e-m\libg.a(lib_a-strlen.o)
                0x08011190                strlen
 .text.strpbrk  0x080111f0       0x4c c:/chibistudio/tools/gnu tools arm embedded/4.7 2014q2/bin/../lib/gcc/arm-none-eabi/4.7.4/../../../../arm-none-eabi/lib/armv7e-m\libg.a(lib_a-strpbrk.o)
                0x080111f0                strpbrk
 *fill*         0x0801123c        0x4 00
 .text.strspn   0x08011240       0x40 c:/chibistudio/tools/gnu tools arm embedded/4.7 2014q2/bin/../lib/gcc/arm-none-eabi/4.7.4/../../../../arm-none-eabi/lib/armv7e-m\libg.a(lib_a-strspn.o)
                0x08011240                strspn
 .text._strtol_r
                0x08011280      0x134 c:/chibistudio/tools/gnu tools arm embedded/4.7 2014q2/bin/../lib/gcc/arm-none-eabi/4.7.4/../../../../arm-none-eabi/lib/armv7e-m\libg.a(lib_a-strtol.o)
                0x08011280                _strtol_r
 *fill*         0x080113b4        0xc 00
 .text.strtol   0x080113c0       0x1c c:/chibistudio/tools/gnu tools arm embedded/4.7 2014q2/bin/../lib/gcc/arm-none-eabi/4.7.4/../../../../arm-none-eabi/lib/armv7e-m\libg.a(lib_a-strtol.o)
                0x080113c0                strtol
 *fill*         0x080113dc        0x4 00
 .text._svfprintf_r
                0x080113e0     0x1adc c:/chibistudio/tools/gnu tools arm embedded/4.7 2014q2/bin/../lib/gcc/arm-none-eabi/4.7.4/../../../../arm-none-eabi/lib/armv7e-m\libg.a(lib_a-svfprintf.o)
                0x080113e0                _svfprintf_r
 *fill*         0x08012ebc        0x4 00
 .text.__tz_lock
                0x08012ec0        0x4 c:/chibistudio/tools/gnu tools arm embedded/4.7 2014q2/bin/../lib/gcc/arm-none-eabi/4.7.4/../../../../arm-none-eabi/lib/armv7e-m\libg.a(lib_a-tzlock.o)
                0x08012ec0                __tz_lock
 *fill*         0x08012ec4        0xc 00
 .text.__tz_unlock
                0x08012ed0        0x4 c:/chibistudio/tools/gnu tools arm embedded/4.7 2014q2/bin/../lib/gcc/arm-none-eabi/4.7.4/../../../../arm-none-eabi/lib/armv7e-m\libg.a(lib_a-tzlock.o)
                0x08012ed0                __tz_unlock
 *fill*         0x08012ed4        0xc 00
 .text.div      0x08012ee0       0x2c c:/chibistudio/tools/gnu tools arm embedded/4.7 2014q2/bin/../lib/gcc/arm-none-eabi/4.7.4/../../../../arm-none-eabi/lib/armv7e-m\libg.a(lib_a-div.o)
                0x08012ee0                div
 *fill*         0x08012f0c        0x4 00
 .text.quorem   0x08012f10      0x2ec c:/chibistudio/tools/gnu tools arm embedded/4.7 2014q2/bin/../lib/gcc/arm-none-eabi/4.7.4/../../../../arm-none-eabi/lib/armv7e-m\libg.a(lib_a-dtoa.o)
 *fill*         0x080131fc        0x4 00
 .text._dtoa_r  0x08013200     0x1258 c:/chibistudio/tools/gnu tools arm embedded/4.7 2014q2/bin/../lib/gcc/arm-none-eabi/4.7.4/../../../../arm-none-eabi/lib/armv7e-m\libg.a(lib_a-dtoa.o)
                0x08013200                _dtoa_r
 *fill*         0x08014458        0x8 00
 .text._malloc_trim_r
                0x08014460       0x98 c:/chibistudio/tools/gnu tools arm embedded/4.7 2014q2/bin/../lib/gcc/arm-none-eabi/4.7.4/../../../../arm-none-eabi/lib/armv7e-m\libg.a(lib_a-freer.o)
                0x08014460                _malloc_trim_r
 *fill*         0x080144f8        0x8 00
 .text._free_r  0x08014500      0x194 c:/chibistudio/tools/gnu tools arm embedded/4.7 2014q2/bin/../lib/gcc/arm-none-eabi/4.7.4/../../../../arm-none-eabi/lib/armv7e-m\libg.a(lib_a-freer.o)
                0x08014500                _free_r
 *fill*         0x08014694        0xc 00
 .text.__gettzinfo
                0x080146a0        0xc c:/chibistudio/tools/gnu tools arm embedded/4.7 2014q2/bin/../lib/gcc/arm-none-eabi/4.7.4/../../../../arm-none-eabi/lib/armv7e-m\libg.a(lib_a-gettzinfo.o)
                0x080146a0                __gettzinfo
 *fill*         0x080146ac        0x4 00
 .text._localeconv_r
                0x080146b0        0xc c:/chibistudio/tools/gnu tools arm embedded/4.7 2014q2/bin/../lib/gcc/arm-none-eabi/4.7.4/../../../../arm-none-eabi/lib/armv7e-m\libg.a(lib_a-locale.o)
                0x080146b0                _localeconv_r
 *fill*         0x080146bc        0x4 00
 .text._malloc_r
                0x080146c0      0x55c c:/chibistudio/tools/gnu tools arm embedded/4.7 2014q2/bin/../lib/gcc/arm-none-eabi/4.7.4/../../../../arm-none-eabi/lib/armv7e-m\libg.a(lib_a-mallocr.o)
                0x080146c0                _malloc_r
 *fill*         0x08014c1c        0x4 00
 .text.memchr   0x08014c20      0x140 c:/chibistudio/tools/gnu tools arm embedded/4.7 2014q2/bin/../lib/gcc/arm-none-eabi/4.7.4/../../../../arm-none-eabi/lib/armv7e-m\libg.a(lib_a-memchr.o)
                0x08014c20                memchr
 .text.__malloc_lock
                0x08014d60        0x4 c:/chibistudio/tools/gnu tools arm embedded/4.7 2014q2/bin/../lib/gcc/arm-none-eabi/4.7.4/../../../../arm-none-eabi/lib/armv7e-m\libg.a(lib_a-mlock.o)
                0x08014d60                __malloc_lock
 *fill*         0x08014d64        0xc 00
 .text.__malloc_unlock
                0x08014d70        0x4 c:/chibistudio/tools/gnu tools arm embedded/4.7 2014q2/bin/../lib/gcc/arm-none-eabi/4.7.4/../../../../arm-none-eabi/lib/armv7e-m\libg.a(lib_a-mlock.o)
                0x08014d70                __malloc_unlock
 *fill*         0x08014d74        0xc 00
 .text._Balloc  0x08014d80       0x4c c:/chibistudio/tools/gnu tools arm embedded/4.7 2014q2/bin/../lib/gcc/arm-none-eabi/4.7.4/../../../../arm-none-eabi/lib/armv7e-m\libg.a(lib_a-mprec.o)
                0x08014d80                _Balloc
 *fill*         0x08014dcc        0x4 00
 .text._Bfree   0x08014dd0       0x14 c:/chibistudio/tools/gnu tools arm embedded/4.7 2014q2/bin/../lib/gcc/arm-none-eabi/4.7.4/../../../../arm-none-eabi/lib/armv7e-m\libg.a(lib_a-mprec.o)
                0x08014dd0                _Bfree
 *fill*         0x08014de4        0xc 00
 .text.__multadd
                0x08014df0       0xf8 c:/chibistudio/tools/gnu tools arm embedded/4.7 2014q2/bin/../lib/gcc/arm-none-eabi/4.7.4/../../../../arm-none-eabi/lib/armv7e-m\libg.a(lib_a-mprec.o)
                0x08014df0                __multadd
 *fill*         0x08014ee8        0x8 00
 .text.__hi0bits
                0x08014ef0       0x3c c:/chibistudio/tools/gnu tools arm embedded/4.7 2014q2/bin/../lib/gcc/arm-none-eabi/4.7.4/../../../../arm-none-eabi/lib/armv7e-m\libg.a(lib_a-mprec.o)
                0x08014ef0                __hi0bits
 *fill*         0x08014f2c        0x4 00
 .text.__lo0bits
                0x08014f30       0x5c c:/chibistudio/tools/gnu tools arm embedded/4.7 2014q2/bin/../lib/gcc/arm-none-eabi/4.7.4/../../../../arm-none-eabi/lib/armv7e-m\libg.a(lib_a-mprec.o)
                0x08014f30                __lo0bits
 *fill*         0x08014f8c        0x4 00
 .text.__i2b    0x08014f90       0x14 c:/chibistudio/tools/gnu tools arm embedded/4.7 2014q2/bin/../lib/gcc/arm-none-eabi/4.7.4/../../../../arm-none-eabi/lib/armv7e-m\libg.a(lib_a-mprec.o)
                0x08014f90                __i2b
 *fill*         0x08014fa4        0xc 00
 .text.__multiply
                0x08014fb0      0x2d0 c:/chibistudio/tools/gnu tools arm embedded/4.7 2014q2/bin/../lib/gcc/arm-none-eabi/4.7.4/../../../../arm-none-eabi/lib/armv7e-m\libg.a(lib_a-mprec.o)
                0x08014fb0                __multiply
 .text.__pow5mult
                0x08015280       0x94 c:/chibistudio/tools/gnu tools arm embedded/4.7 2014q2/bin/../lib/gcc/arm-none-eabi/4.7.4/../../../../arm-none-eabi/lib/armv7e-m\libg.a(lib_a-mprec.o)
                0x08015280                __pow5mult
 *fill*         0x08015314        0xc 00
 .text.__lshift
                0x08015320      0x188 c:/chibistudio/tools/gnu tools arm embedded/4.7 2014q2/bin/../lib/gcc/arm-none-eabi/4.7.4/../../../../arm-none-eabi/lib/armv7e-m\libg.a(lib_a-mprec.o)
                0x08015320                __lshift
 *fill*         0x080154a8        0x8 00
 .text.__mcmp   0x080154b0       0x5c c:/chibistudio/tools/gnu tools arm embedded/4.7 2014q2/bin/../lib/gcc/arm-none-eabi/4.7.4/../../../../arm-none-eabi/lib/armv7e-m\libg.a(lib_a-mprec.o)
                0x080154b0                __mcmp
 *fill*         0x0801550c        0x4 00
 .text.__mdiff  0x08015510      0x20c c:/chibistudio/tools/gnu tools arm embedded/4.7 2014q2/bin/../lib/gcc/arm-none-eabi/4.7.4/../../../../arm-none-eabi/lib/armv7e-m\libg.a(lib_a-mprec.o)
                0x08015510                __mdiff
 *fill*         0x0801571c        0x4 00
 .text.__d2b    0x08015720       0xc0 c:/chibistudio/tools/gnu tools arm embedded/4.7 2014q2/bin/../lib/gcc/arm-none-eabi/4.7.4/../../../../arm-none-eabi/lib/armv7e-m\libg.a(lib_a-mprec.o)
                0x08015720                __d2b
 .text.__fpclassifyd
                0x080157e0       0x68 c:/chibistudio/tools/gnu tools arm embedded/4.7 2014q2/bin/../lib/gcc/arm-none-eabi/4.7.4/../../../../arm-none-eabi/lib/armv7e-m\libg.a(lib_a-s_fpclassify.o)
                0x080157e0                __fpclassifyd
 *fill*         0x08015848        0x8 00
 .text.__ssprint_r
                0x08015850      0x100 c:/chibistudio/tools/gnu tools arm embedded/4.7 2014q2/bin/../lib/gcc/arm-none-eabi/4.7.4/../../../../arm-none-eabi/lib/armv7e-m\libg.a(lib_a-svfiprintf.o)
                0x08015850                __ssprint_r
 .text._calloc_r
                0x08015950       0x60 c:/chibistudio/tools/gnu tools arm embedded/4.7 2014q2/bin/../lib/gcc/arm-none-eabi/4.7.4/../../../../arm-none-eabi/lib/armv7e-m\libg.a(lib_a-callocr.o)
                0x08015950                _calloc_r
 .text.memmove  0x080159b0      0x198 c:/chibistudio/tools/gnu tools arm embedded/4.7 2014q2/bin/../lib/gcc/arm-none-eabi/4.7.4/../../../../arm-none-eabi/lib/armv7e-m\libg.a(lib_a-memmove.o)
                0x080159b0                memmove
 *fill*         0x08015b48        0x8 00
 .text._realloc_r
                0x08015b50      0x3dc c:/chibistudio/tools/gnu tools arm embedded/4.7 2014q2/bin/../lib/gcc/arm-none-eabi/4.7.4/../../../../arm-none-eabi/lib/armv7e-m\libg.a(lib_a-reallocr.o)
                0x08015b50                _realloc_r
 *(.rodata)
 *(.rodata.*)
 *fill*         0x08015f2c        0x4 00
 .rodata.str1.4
                0x08015f30        0x5 build/obj/chsys.o
                                  0x8 (size before relaxing)
 *fill*         0x08015f35        0xb 00
 .rodata.ch_debug
                0x08015f40       0x18 build/obj/chregistry.o
                0x08015f40                ch_debug
 *fill*         0x08015f58        0x8 00
 .rodata.wa     0x08015f60       0x14 build/obj/test.o
                0x08015f60                wa
 *fill*         0x08015f74        0xc 00
 .rodata.str1.4
                0x08015f80      0x1f7 build/obj/test.o
                                0x208 (size before relaxing)
 *fill*         0x08016177        0x9 00
 .rodata.patterns
                0x08016180       0x30 build/obj/test.o
 .rodata.testthd1
                0x080161b0       0x10 build/obj/testthd.o
                0x080161b0                testthd1
 .rodata.testthd2
                0x080161c0       0x10 build/obj/testthd.o
                0x080161c0                testthd2
 .rodata.testthd3
                0x080161d0       0x10 build/obj/testthd.o
                0x080161d0                testthd3
 .rodata.testthd4
                0x080161e0       0x10 build/obj/testthd.o
                0x080161e0                testthd4
 .rodata.patternthd
                0x080161f0       0x14 build/obj/testthd.o
                0x080161f0                patternthd
 *fill*         0x08016204        0xc 00
 .rodata.str1.4
                0x08016210       0x77 build/obj/testthd.o
                                 0x80 (size before relaxing)
 *fill*         0x08016287        0x9 00
 .rodata.testsem1
                0x08016290       0x10 build/obj/testsem.o
                0x08016290                testsem1
 .rodata.testsem2
                0x080162a0       0x10 build/obj/testsem.o
                0x080162a0                testsem2
 .rodata.testsem3
                0x080162b0       0x10 build/obj/testsem.o
                0x080162b0                testsem3
 .rodata.testsem4
                0x080162c0       0x10 build/obj/testsem.o
                0x080162c0                testsem4
 .rodata.patternsem
                0x080162d0       0x14 build/obj/testsem.o
                0x080162d0                patternsem
 *fill*         0x080162e4        0xc 00
 .rodata.str1.4
                0x080162f0       0x6e build/obj/testsem.o
                                 0x8c (size before relaxing)
 *fill*         0x0801635e        0x2 00
 .rodata.testmtx5
                0x08016360       0x10 build/obj/testmtx.o
                0x08016360                testmtx5
 .rodata.testmtx6
                0x08016370       0x10 build/obj/testmtx.o
                0x08016370                testmtx6
 .rodata.testmtx7
                0x08016380       0x10 build/obj/testmtx.o
                0x08016380                testmtx7
 .rodata.testmtx8
                0x08016390       0x10 build/obj/testmtx.o
                0x08016390                testmtx8
 .rodata.str1.4
                0x080163a0       0xed build/obj/testmtx.o
                                0x10c (size before relaxing)
 *fill*         0x0801648d        0x3 00
 .rodata.patternmtx
                0x08016490       0x24 build/obj/testmtx.o
                0x08016490                patternmtx
 *fill*         0x080164b4        0xc 00
 .rodata.testmtx1
                0x080164c0       0x10 build/obj/testmtx.o
                0x080164c0                testmtx1
 .rodata.testmtx2
                0x080164d0       0x10 build/obj/testmtx.o
                0x080164d0                testmtx2
 .rodata.testmtx3
                0x080164e0       0x10 build/obj/testmtx.o
                0x080164e0                testmtx3
 .rodata.testmtx4
                0x080164f0       0x10 build/obj/testmtx.o
                0x080164f0                testmtx4
 .rodata.testmsg1
                0x08016500       0x10 build/obj/testmsg.o
                0x08016500                testmsg1
 .rodata.str1.4
                0x08016510        0xf build/obj/testmsg.o
                                 0x14 (size before relaxing)
 *fill*         0x0801651f        0x1 00
 .rodata.patternmsg
                0x08016520        0x8 build/obj/testmsg.o
                0x08016520                patternmsg
 *fill*         0x08016528        0x8 00
 .rodata.patternmbox
                0x08016530        0x8 build/obj/testmbox.o
                0x08016530                patternmbox
 *fill*         0x08016538        0x8 00
 .rodata.str1.4
                0x08016540       0x20 build/obj/testmbox.o
                                 0x28 (size before relaxing)
 .rodata.testmbox1
                0x08016560       0x10 build/obj/testmbox.o
                0x08016560                testmbox1
 .rodata.patternevt
                0x08016570       0x10 build/obj/testevt.o
                0x08016570                patternevt
 .rodata.testevt2
                0x08016580       0x10 build/obj/testevt.o
                0x08016580                testevt2
 .rodata.str1.4
                0x08016590       0x52 build/obj/testevt.o
                                 0x5c (size before relaxing)
 *fill*         0x080165e2        0xe 00
 .rodata.testevt1
                0x080165f0       0x10 build/obj/testevt.o