Archive member included because of file (symbol)

c:/program files (x86)/codesourcery/sourcery g++ lite/bin/../lib/gcc/arm-none-eabi/4.5.2/thumb2\libgcc.a(_arm_addsubdf3.o)
                              build/obj/cruise.o (__aeabi_dsub)
c:/program files (x86)/codesourcery/sourcery g++ lite/bin/../lib/gcc/arm-none-eabi/4.5.2/thumb2\libgcc.a(_arm_muldivdf3.o)
                              build/obj/cruise.o (__aeabi_dmul)
c:/program files (x86)/codesourcery/sourcery g++ lite/bin/../lib/gcc/arm-none-eabi/4.5.2/thumb2\libgcc.a(_arm_cmpdf2.o)
                              build/obj/speed.o (__aeabi_dcmplt)
c:/program files (x86)/codesourcery/sourcery g++ lite/bin/../lib/gcc/arm-none-eabi/4.5.2/thumb2\libgcc.a(_arm_fixdfsi.o)
                              build/obj/cruise.o (__aeabi_d2iz)
c:/program files (x86)/codesourcery/sourcery g++ lite/bin/../lib/gcc/arm-none-eabi/4.5.2/thumb2\libgcc.a(_arm_fixunsdfsi.o)
                              build/obj/speed.o (__aeabi_d2uiz)
c:/program files (x86)/codesourcery/sourcery g++ lite/bin/../lib/gcc/arm-none-eabi/4.5.2/../../../../arm-none-eabi/lib/thumb2\libc.a(lib_a-asctime.o)
                              build/obj/console.o (asctime)
c:/program files (x86)/codesourcery/sourcery g++ lite/bin/../lib/gcc/arm-none-eabi/4.5.2/../../../../arm-none-eabi/lib/thumb2\libc.a(lib_a-asctime_r.o)
                              c:/program files (x86)/codesourcery/sourcery g++ lite/bin/../lib/gcc/arm-none-eabi/4.5.2/../../../../arm-none-eabi/lib/thumb2\libc.a(lib_a-asctime.o) (asctime_r)
c:/program files (x86)/codesourcery/sourcery g++ lite/bin/../lib/gcc/arm-none-eabi/4.5.2/../../../../arm-none-eabi/lib/thumb2\libc.a(lib_a-atol.o)
                              build/obj/console.o (atol)
c:/program files (x86)/codesourcery/sourcery g++ lite/bin/../lib/gcc/arm-none-eabi/4.5.2/../../../../arm-none-eabi/lib/thumb2\libc.a(lib_a-impure.o)
                              c:/program files (x86)/codesourcery/sourcery g++ lite/bin/../lib/gcc/arm-none-eabi/4.5.2/../../../../arm-none-eabi/lib/thumb2\libc.a(lib_a-asctime.o) (_impure_ptr)
c:/program files (x86)/codesourcery/sourcery g++ lite/bin/../lib/gcc/arm-none-eabi/4.5.2/../../../../arm-none-eabi/lib/thumb2\libc.a(lib_a-lcltime_r.o)
                              build/obj/chrtclib.o (localtime_r)
c:/program files (x86)/codesourcery/sourcery g++ lite/bin/../lib/gcc/arm-none-eabi/4.5.2/../../../../arm-none-eabi/lib/thumb2\libc.a(lib_a-malloc.o)
                              c:/program files (x86)/codesourcery/sourcery g++ lite/bin/../lib/gcc/arm-none-eabi/4.5.2/../../../../arm-none-eabi/lib/thumb2\libc.a(lib_a-asctime.o) (malloc)
c:/program files (x86)/codesourcery/sourcery g++ lite/bin/../lib/gcc/arm-none-eabi/4.5.2/../../../../arm-none-eabi/lib/thumb2\libc.a(lib_a-mallocr.o)
                              c:/program files (x86)/codesourcery/sourcery g++ lite/bin/../lib/gcc/arm-none-eabi/4.5.2/../../../../arm-none-eabi/lib/thumb2\libc.a(lib_a-malloc.o) (_malloc_r)
c:/program files (x86)/codesourcery/sourcery g++ lite/bin/../lib/gcc/arm-none-eabi/4.5.2/../../../../arm-none-eabi/lib/thumb2\libc.a(lib_a-memcmp.o)
                              build/obj/sdcard.o (memcmp)
c:/program files (x86)/codesourcery/sourcery g++ lite/bin/../lib/gcc/arm-none-eabi/4.5.2/../../../../arm-none-eabi/lib/thumb2\libc.a(lib_a-memcpy.o)
                              build/obj/sdc_lld.o (memcpy)
c:/program files (x86)/codesourcery/sourcery g++ lite/bin/../lib/gcc/arm-none-eabi/4.5.2/../../../../arm-none-eabi/lib/thumb2\libc.a(lib_a-memset.o)
                              build/obj/syscalls.o (memset)
c:/program files (x86)/codesourcery/sourcery g++ lite/bin/../lib/gcc/arm-none-eabi/4.5.2/../../../../arm-none-eabi/lib/thumb2\libc.a(lib_a-mktime.o)
                              build/obj/chrtclib.o (mktime)
c:/program files (x86)/codesourcery/sourcery g++ lite/bin/../lib/gcc/arm-none-eabi/4.5.2/../../../../arm-none-eabi/lib/thumb2\libc.a(lib_a-mktm_r.o)
                              c:/program files (x86)/codesourcery/sourcery g++ lite/bin/../lib/gcc/arm-none-eabi/4.5.2/../../../../arm-none-eabi/lib/thumb2\libc.a(lib_a-mktime.o) (__tzcalc_limits)
c:/program files (x86)/codesourcery/sourcery g++ lite/bin/../lib/gcc/arm-none-eabi/4.5.2/../../../../arm-none-eabi/lib/thumb2\libc.a(lib_a-mlock.o)
                              c:/program files (x86)/codesourcery/sourcery g++ lite/bin/../lib/gcc/arm-none-eabi/4.5.2/../../../../arm-none-eabi/lib/thumb2\libc.a(lib_a-mallocr.o) (__malloc_lock)
c:/program files (x86)/codesourcery/sourcery g++ lite/bin/../lib/gcc/arm-none-eabi/4.5.2/../../../../arm-none-eabi/lib/thumb2\libc.a(lib_a-reent.o)
                              build/obj/console.o (errno)
c:/program files (x86)/codesourcery/sourcery g++ lite/bin/../lib/gcc/arm-none-eabi/4.5.2/../../../../arm-none-eabi/lib/thumb2\libc.a(lib_a-sprintf.o)
[...]
Memory Configuration

Name             Origin             Length             Attributes
flash            0x08000000         0x00100000
ram              0x20000000         0x0001c000
ethram           0x2001c000         0x00004000
ccmram           0x10000000         0x00010000
*default*        0x00000000         0xffffffff

Linker script and memory map

LOAD build/obj/crt0.o
LOAD build/obj/vectors.o
LOAD build/obj/chcore.o
LOAD build/obj/chcore_v7m.o
LOAD build/obj/nvic.o
LOAD build/obj/chsys.o
LOAD build/obj/chdebug.o
LOAD build/obj/chlists.o
LOAD build/obj/chvt.o
LOAD build/obj/chschd.o
LOAD build/obj/chthreads.o
LOAD build/obj/chdynamic.o
LOAD build/obj/chregistry.o
LOAD build/obj/chsem.o
LOAD build/obj/chmtx.o
LOAD build/obj/chcond.o
LOAD build/obj/chevents.o
LOAD build/obj/chmsg.o
LOAD build/obj/chmboxes.o
LOAD build/obj/chqueues.o
LOAD build/obj/chmemcore.o
LOAD build/obj/chheap.o
LOAD build/obj/chmempools.o
LOAD build/obj/test.o
LOAD build/obj/testthd.o
LOAD build/obj/testsem.o
LOAD build/obj/testmtx.o
LOAD build/obj/testmsg.o
LOAD build/obj/testmbox.o
LOAD build/obj/testevt.o
LOAD build/obj/testheap.o
LOAD build/obj/testpools.o
LOAD build/obj/testdyn.o
LOAD build/obj/testqueues.o
LOAD build/obj/testbmk.o
LOAD build/obj/hal.o
LOAD build/obj/adc.o
LOAD build/obj/can.o
LOAD build/obj/ext.o
LOAD build/obj/gpt.o
LOAD build/obj/i2c.o
LOAD build/obj/icu.o
LOAD build/obj/mac.o
LOAD build/obj/mmc_spi.o
LOAD build/obj/mmcsd.o
LOAD build/obj/pal.o
LOAD build/obj/pwm.o
LOAD build/obj/rtc.o
LOAD build/obj/sdc.o
LOAD build/obj/serial.o
LOAD build/obj/serial_usb.o
LOAD build/obj/spi.o
LOAD build/obj/tm.o
LOAD build/obj/uart.o
LOAD build/obj/usb.o
LOAD build/obj/stm32_dma.o
LOAD build/obj/hal_lld.o
LOAD build/obj/adc_lld.o
LOAD build/obj/ext_lld_isr.o
LOAD build/obj/can_lld.o
LOAD build/obj/ext_lld.o
LOAD build/obj/mac_lld.o
LOAD build/obj/sdc_lld.o
LOAD build/obj/pal_lld.o
LOAD build/obj/i2c_lld.o
LOAD build/obj/usb_lld.o
LOAD build/obj/rtc_lld.o
LOAD build/obj/spi_lld.o
LOAD build/obj/gpt_lld.o
LOAD build/obj/icu_lld.o
LOAD build/obj/pwm_lld.o
LOAD build/obj/serial_lld.o
LOAD build/obj/uart_lld.o
LOAD build/obj/board.o
LOAD build/obj/fatfs_diskio.o
LOAD build/obj/fatfs_syscall.o
LOAD build/obj/ff.o
LOAD build/obj/ccsbcs.o
LOAD build/obj/evtimer.o
LOAD build/obj/syscalls.o
LOAD build/obj/shell.o
LOAD build/obj/chprintf.o
LOAD build/obj/chrtclib.o
LOAD build/obj/main.o
LOAD build/obj/console.o
LOAD build/obj/sdcard.o
LOAD build/obj/can_comm.o
LOAD build/obj/light.o
LOAD build/obj/speed.o
LOAD build/obj/meas.o
LOAD build/obj/cruise.o
LOAD build/obj/dsp.o
LOAD build/obj/gfx.o
LOAD build/obj/uart_comm.o
LOAD build/obj/log.o
                0x00000400                __main_stack_size__ = 0x400
                0x00000400                __process_stack_size__ = 0x400
                0x20000000                __ram_start__ = 0x20000000
                0x0001c000                __ram_size__ = 0x1c000
                0x2001c000                __ram_end__ = (__ram_start__ + __ram_size__)
                0x00000000                . = 0x0
                0x00000000                _text = .

startup         0x08000000      0x1ac
 *(vectors)
 vectors        0x08000000      0x1ac build/obj/vectors.o
                0x08000000                _vectors

constructors    0x080001ac        0x0
                0x080001ac                PROVIDE (__init_array_start, .)
 *(SORT(.init_array.*))
 *(.init_array)
                0x080001ac                PROVIDE (__init_array_end, .)

destructors     0x080001ac        0x0
                0x080001ac                PROVIDE (__fini_array_start, .)
 *(.fini_array)
 *(SORT(.fini_array.*))
                0x080001ac                PROVIDE (__fini_array_end, .)

.text           0x080001b0    0x1a4a8
 *(.text.startup.*)
 *(.text)
 .text          0x080001b0      0x370 c:/program files (x86)/codesourcery/sourcery g++ lite/bin/../lib/gcc/arm-none-eabi/4.5.2/thumb2\libgcc.a(_arm_addsubdf3.o)
                0x080001b0                __aeabi_drsub
                0x080001b8                __aeabi_dsub
                0x080001b8                __subdf3
                0x080001bc                __aeabi_dadd
                0x080001bc                __adddf3
                0x08000434                __floatunsidf
                0x08000434                __aeabi_ui2d
                0x08000454                __floatsidf
                0x08000454                __aeabi_i2d
                0x08000478                __aeabi_f2d
                0x08000478                __extendsfdf2
                0x080004b4                __floatundidf
                0x080004b4                __aeabi_ul2d
                0x080004c4                __floatdidf
                0x080004c4                __aeabi_l2d
 .text          0x08000520      0x424 c:/program files (x86)/codesourcery/sourcery g++ lite/bin/../lib/gcc/arm-none-eabi/4.5.2/thumb2\libgcc.a(_arm_muldivdf3.o)
                0x08000520                __aeabi_dmul
                0x08000520                __muldf3
                0x08000774                __divdf3
                0x08000774                __aeabi_ddiv
 *fill*         0x08000944        0xc 00
 .text          0x08000950      0x110 c:/program files (x86)/codesourcery/sourcery g++ lite/bin/../lib/gcc/arm-none-eabi/4.5.2/thumb2\libgcc.a(_arm_cmpdf2.o)
                0x08000950                __gtdf2
                0x08000950                __gedf2
                0x08000958                __ltdf2
                0x08000958                __ledf2
                0x08000960                __nedf2
                0x08000960                __eqdf2
                0x08000960                __cmpdf2
                0x080009dc                __aeabi_cdrcmple
                0x080009ec                __aeabi_cdcmpeq
                0x080009ec                __aeabi_cdcmple
                0x080009fc                __aeabi_dcmpeq
                0x08000a10                __aeabi_dcmplt
                0x08000a24                __aeabi_dcmple
                0x08000a38                __aeabi_dcmpge
                0x08000a4c                __aeabi_dcmpgt
 .text          0x08000a60       0x50 c:/program files (x86)/codesourcery/sourcery g++ lite/bin/../lib/gcc/arm-none-eabi/4.5.2/thumb2\libgcc.a(_arm_fixdfsi.o)
                0x08000a60                __aeabi_d2iz
                0x08000a60                __fixdfsi
 .text          0x08000ab0       0x40 c:/program files (x86)/codesourcery/sourcery g++ lite/bin/../lib/gcc/arm-none-eabi/4.5.2/thumb2\libgcc.a(_arm_fixunsdfsi.o)
                0x08000ab0                __aeabi_d2uiz
                0x08000ab0                __fixunsdfsi
 .text          0x08000af0       0x3c c:/program files (x86)/codesourcery/sourcery g++ lite/bin/../lib/gcc/arm-none-eabi/4.5.2/../../../../arm-none-eabi/lib/thumb2\libc.a(lib_a-asctime.o)
                0x08000af0                asctime
 *fill*         0x08000b2c        0x4 00
 .text          0x08000b30       0x60 c:/program files (x86)/codesourcery/sourcery g++ lite/bin/../lib/gcc/arm-none-eabi/4.5.2/../../../../arm-none-eabi/lib/thumb2\libc.a(lib_a-asctime_r.o)
                0x08000b30                asctime_r
 .text          0x08000b90       0x10 c:/program files (x86)/codesourcery/sourcery g++ lite/bin/../lib/gcc/arm-none-eabi/4.5.2/../../../../arm-none-eabi/lib/thumb2\libc.a(lib_a-atol.o)
                0x08000b90                atol
                0x08000b98                _atol_r
 .text          0x08000ba0        0x8 c:/program files (x86)/codesourcery/sourcery g++ lite/bin/../lib/gcc/arm-none-eabi/4.5.2/../../../../arm-none-eabi/lib/thumb2\libc.a(lib_a-lcltime_r.o)
                0x08000ba0                localtime_r
 *fill*         0x08000ba8        0x8 00
 .text          0x08000bb0       0x20 c:/program files (x86)/codesourcery/sourcery g++ lite/bin/../lib/gcc/arm-none-eabi/4.5.2/../../../../arm-none-eabi/lib/thumb2\libc.a(lib_a-malloc.o)
                0x08000bb0                malloc
                0x08000bc0                free
 .text          0x08000bd0      0x57c c:/program files (x86)/codesourcery/sourcery g++ lite/bin/../lib/gcc/arm-none-eabi/4.5.2/../../../../arm-none-eabi/lib/thumb2\libc.a(lib_a-mallocr.o)
                0x08000bd0                _malloc_r
 *fill*         0x0800114c        0x4 00
 .text          0x08001150       0x64 c:/program files (x86)/codesourcery/sourcery g++ lite/bin/../lib/gcc/arm-none-eabi/4.5.2/../../../../arm-none-eabi/lib/thumb2\libc.a(lib_a-memcmp.o)
                0x08001150                memcmp
 *fill*         0x080011b4        0xc 00
 .text          0x080011c0      0x150 c:/program files (x86)/codesourcery/sourcery g++ lite/bin/../lib/gcc/arm-none-eabi/4.5.2/../../../../arm-none-eabi/lib/thumb2\libc.a(lib_a-memcpy.o)
                0x080011c0                memcpy
 .text          0x08001310       0xb4 c:/program files (x86)/codesourcery/sourcery g++ lite/bin/../lib/gcc/arm-none-eabi/4.5.2/../../../../arm-none-eabi/lib/thumb2\libc.a(lib_a-memset.o)
                0x08001310                memset
 *fill*         0x080013c4        0xc 00
 .text          0x080013d0      0x520 c:/program files (x86)/codesourcery/sourcery g++ lite/bin/../lib/gcc/arm-none-eabi/4.5.2/../../../../arm-none-eabi/lib/thumb2\libc.a(lib_a-mktime.o)
                0x0800161c                mktime
 .text          0x080018f0      0x514 c:/program files (x86)/codesourcery/sourcery g++ lite/bin/../lib/gcc/arm-none-eabi/4.5.2/../../../../arm-none-eabi/lib/thumb2\libc.a(lib_a-mktm_r.o)
                0x080018f0                __tzcalc_limits
                0x08001a74                _mktm_r
 *fill*         0x08001e04        0xc 00
 .text          0x08001e10        0x8 c:/program files (x86)/codesourcery/sourcery g++ lite/bin/../lib/gcc/arm-none-eabi/4.5.2/../../../../arm-none-eabi/lib/thumb2\libc.a(lib_a-mlock.o)
                0x08001e10                __malloc_lock
                0x08001e14                __malloc_unlock
 *fill*         0x08001e18        0x8 00
 .text          0x08001e20       0x94 c:/program files (x86)/codesourcery/sourcery g++ lite/bin/../lib/gcc/arm-none-eabi/4.5.2/../../../../arm-none-eabi/lib/thumb2\libc.a(lib_a-sprintf.o)
                0x08001e20                _sprintf_r
                0x08001e64                sprintf
 *fill*         0x08001eb4        0xc 00
 .text          0x08001ec0       0x48 c:/program files (x86)/codesourcery/sourcery g++ lite/bin/../lib/gcc/arm-none-eabi/4.5.2/../../../../arm-none-eabi/lib/thumb2\libc.a(lib_a-strcasecmp.o)
                0x08001ec0                strcasecmp
 *fill*         0x08001f08        0x8 00
 .text          0x08001f10      0x1dc c:/program files (x86)/codesourcery/sourcery g++ lite/bin/../lib/gcc/arm-none-eabi/4.5.2/../../../../arm-none-eabi/lib/thumb2\libc.a(lib_a-strcmp.o)
                0x08001f10                strcmp
 *fill*         0x080020ec        0x4 00
 .text          0x080020f0       0xbc c:/program files (x86)/codesourcery/sourcery g++ lite/bin/../lib/gcc/arm-none-eabi/4.5.2/../../../../arm-none-eabi/lib/thumb2\libc.a(lib_a-strcpy.o)
                0x080020f0                strcpy
 *fill*         0x080021ac        0x4 00
 .text          0x080021b0       0x60 c:/program files (x86)/codesourcery/sourcery g++ lite/bin/../lib/gcc/arm-none-eabi/4.5.2/../../../../arm-none-eabi/lib/thumb2\libc.a(lib_a-strlen.o)
                0x080021b0                strlen
 .text          0x08002210       0x54 c:/program files (x86)/codesourcery/sourcery g++ lite/bin/../lib/gcc/arm-none-eabi/4.5.2/../../../../arm-none-eabi/lib/thumb2\libc.a(lib_a-strpbrk.o)
                0x08002210                strpbrk
 *fill*         0x08002264        0xc 00
 .text          0x08002270       0x38 c:/program files (x86)/codesourcery/sourcery g++ lite/bin/../lib/gcc/arm-none-eabi/4.5.2/../../../../arm-none-eabi/lib/thumb2\libc.a(lib_a-strspn.o)
                0x08002270                strspn
 *fill*         0x080022a8        0x8 00
 .text          0x080022b0      0x17c c:/program files (x86)/codesourcery/sourcery g++ lite/bin/../lib/gcc/arm-none-eabi/4.5.2/../../../../arm-none-eabi/lib/thumb2\libc.a(lib_a-strtol.o)
                0x080022b0                _strtol_r
                0x08002414                strtol
 *fill*         0x0800242c        0x4 00
 .text          0x08002430     0x1640 c:/program files (x86)/codesourcery/sourcery g++ lite/bin/../lib/gcc/arm-none-eabi/4.5.2/../../../../arm-none-eabi/lib/thumb2\libc.a(lib_a-svfprintf.o)
                0x08002430                _svfprintf_r
 .text          0x08003a70        0x8 c:/program files (x86)/codesourcery/sourcery g++ lite/bin/../lib/gcc/arm-none-eabi/4.5.2/../../../../arm-none-eabi/lib/thumb2\libc.a(lib_a-tzlock.o)
                0x08003a70                __tz_lock
                0x08003a74                __tz_unlock
 *fill*         0x08003a78        0x8 00
 .text          0x08003a80       0x48 c:/program files (x86)/codesourcery/sourcery g++ lite/bin/../lib/gcc/arm-none-eabi/4.5.2/../../../../arm-none-eabi/lib/thumb2\libc.a(lib_a-div.o)
                0x08003a80                div
 *fill*         0x08003ac8        0x8 00
 .text          0x08003ad0      0xfe8 c:/program files (x86)/codesourcery/sourcery g++ lite/bin/../lib/gcc/arm-none-eabi/4.5.2/../../../../arm-none-eabi/lib/thumb2\libc.a(lib_a-dtoa.o)
                0x08003bfc                _dtoa_r
 *fill*         0x08004ab8        0x8 00
 .text          0x08004ac0      0x240 c:/program files (x86)/codesourcery/sourcery g++ lite/bin/../lib/gcc/arm-none-eabi/4.5.2/../../../../arm-none-eabi/lib/thumb2\libc.a(lib_a-freer.o)
                0x08004ac0                _malloc_trim_r
                0x08004b68                _free_r
 .text          0x08004d00        0xc c:/program files (x86)/codesourcery/sourcery g++ lite/bin/../lib/gcc/arm-none-eabi/4.5.2/../../../../arm-none-eabi/lib/thumb2\libc.a(lib_a-gettzinfo.o)
                0x08004d00                __gettzinfo
 *fill*         0x08004d0c        0x4 00
 .text          0x08004d10       0xa0 c:/program files (x86)/codesourcery/sourcery g++ lite/bin/../lib/gcc/arm-none-eabi/4.5.2/../../../../arm-none-eabi/lib/thumb2\libc.a(lib_a-locale.o)
                0x08004d10                _setlocale_r
                0x08004d6c                __locale_charset
                0x08004d78                __locale_mb_cur_max
                0x08004d84                __locale_msgcharset
                0x08004d8c                __locale_cjk_lang
                0x08004d90                _localeconv_r
                0x08004d98                setlocale
                0x08004da8                localeconv
 .text          0x08004db0       0x8c c:/program files (x86)/codesourcery/sourcery g++ lite/bin/../lib/gcc/arm-none-eabi/4.5.2/../../../../arm-none-eabi/lib/thumb2\libc.a(lib_a-memchr.o)
                0x08004db0                memchr
 *fill*         0x08004e3c        0x4 00
 .text          0x08004e40      0x91c c:/program files (x86)/codesourcery/sourcery g++ lite/bin/../lib/gcc/arm-none-eabi/4.5.2/../../../../arm-none-eabi/lib/thumb2\libc.a(lib_a-mprec.o)
                0x08004e40                _Balloc
                0x08004ea8                _Bfree
                0x08004ee0                __multadd
                0x08004f64                __s2b
                0x08004ffc                __hi0bits
                0x0800503c                __lo0bits
                0x080050a0                __i2b
                0x080050b4                __multiply
                0x080051dc                __pow5mult
                0x08005280                __lshift
                0x0800532c                __mcmp
                0x08005368                __mdiff
                0x08005460                __ulp
                0x080054a8                __b2d
                0x08005554                __d2b
                0x0800561c                __ratio
                0x08005684                _mprec_log10
                0x080056b8                __copybits
                0x08005700                __any_on
 *fill*         0x0800575c        0x4 00
 .text          0x08005760       0x90 c:/program files (x86)/codesourcery/sourcery g++ lite/bin/../lib/gcc/arm-none-eabi/4.5.2/../../../../arm-none-eabi/lib/thumb2\libc.a(lib_a-s_fpclassify.o)
                0x08005760                __fpclassifyd
 .text          0x080057f0      0xbe8 c:/program files (x86)/codesourcery/sourcery g++ lite/bin/../lib/gcc/arm-none-eabi/4.5.2/../../../../arm-none-eabi/lib/thumb2\libc.a(lib_a-svfiprintf.o)
                0x080057f0                __ssprint_r
                0x080058f8                _svfiprintf_r
 *fill*         0x080063d8        0x8 00
 .text          0x080063e0       0x5c c:/program files (x86)/codesourcery/sourcery g++ lite/bin/../lib/gcc/arm-none-eabi/4.5.2/../../../../arm-none-eabi/lib/thumb2\libc.a(lib_a-callocr.o)
                0x080063e0                _calloc_r
 *fill*         0x0800643c        0x4 00
 .text          0x08006440       0xb4 c:/program files (x86)/codesourcery/sourcery g++ lite/bin/../lib/gcc/arm-none-eabi/4.5.2/../../../../arm-none-eabi/lib/thumb2\libc.a(lib_a-memmove.o)
                0x08006440                memmove
 *fill*         0x080064f4        0xc 00
 .text          0x08006500      0x41c c:/program files (x86)/codesourcery/sourcery g++ lite/bin/../lib/gcc/arm-none-eabi/4.5.2/../../../../arm-none-eabi/lib/thumb2\libc.a(lib_a-reallocr.o)
                0x08006500                _realloc_r
 *fill*         0x0800691c        0x4 00
 .text          0x08006920      0x278 c:/program files (x86)/codesourcery/sourcery g++ lite/bin/../lib/gcc/arm-none-eabi/4.5.2/thumb2\libgcc.a(_udivsi3.o)
                0x08006920                __aeabi_uidiv
                0x08006920                __udivsi3
                0x08006b7c                __aeabi_uidivmod
 *fill*         0x08006b98        0x8 00
 .text          0x08006ba0      0x2b0 c:/program files (x86)/codesourcery/sourcery g++ lite/bin/../lib/gcc/arm-none-eabi/4.5.2/thumb2\libgcc.a(_divsi3.o)
                0x08006ba0                __divsi3
                0x08006ba0                __aeabi_idiv
                0x08006e34                __aeabi_idivmod
 .text          0x08006e50        0x4 c:/program files (x86)/codesourcery/sourcery g++ lite/bin/../lib/gcc/arm-none-eabi/4.5.2/thumb2\libgcc.a(_dvmd_tls.o)
                0x08006e50                __aeabi_idiv0
                0x08006e50                __aeabi_ldiv0
 *fill*         0x08006e54        0xc 00
 .text          0x08006e60       0x2c c:/program files (x86)/codesourcery/sourcery g++ lite/bin/../lib/gcc/arm-none-eabi/4.5.2/thumb2\libgcc.a(_aeabi_uldivmod.o)
                0x08006e60                __aeabi_uldivmod
 *fill*         0x08006e8c        0x4 00
 .text          0x08006e90       0x60 c:/program files (x86)/codesourcery/sourcery g++ lite/bin/../lib/gcc/arm-none-eabi/4.5.2/thumb2\libgcc.a(bpabi.o)
                0x08006e90                __gnu_ldivmod_helper
                0x08006ec0                __gnu_uldivmod_helper
 .text          0x08006ef0      0x360 c:/program files (x86)/codesourcery/sourcery g++ lite/bin/../lib/gcc/arm-none-eabi/4.5.2/thumb2\libgcc.a(_divdi3.o)
                0x08006ef0                __divdi3
 .text          0x08007250      0x308 c:/program files (x86)/codesourcery/sourcery g++ lite/bin/../lib/gcc/arm-none-eabi/4.5.2/thumb2\libgcc.a(_udivdi3.o)
                0x08007250                __udivdi3
 *(.text.*)
 *fill*         0x08007558        0x8 00
 .text.__late_init
                0x08007560       0x10 build/obj/crt0.o
                0x08007560                __late_init
 .text._default_exit
                0x08007570       0x10 build/obj/crt0.o
                0x08007570                _default_exit
 .text.ResetHandler
                0x08007580      0x1d0 build/obj/crt0.o
                0x08007580                ResetHandler
 .text._unhandled_exception
                0x08007750       0x10 build/obj/vectors.o
                0x08007750                Vector58
                0x08007750                VectorE8
                0x08007750                Vector9C
                0x08007750                Vector1A0
                0x08007750                Vector5C
                0x08007750                NMIVector
                0x08007750                Vector11C
                0x08007750                Vector19C
                0x08007750                VectorDC
                0x08007750                Vector168
                0x08007750                Vector110
                0x08007750                VectorC8
                0x08007750                VectorA8
                0x08007750                VectorB4
                0x08007750                Vector160
                0x08007750                VectorEC
                0x08007750                UsageFaultVector
                0x08007750                DebugMonitorVector
                0x08007750                Vector40
                0x08007750                VectorF8
                0x08007750                Vector190
                0x08007750                Vector148
                0x08007750                Vector188
                0x08007750                PendSVVector
                0x08007750                Vector198
                0x08007750                Vector118
                0x08007750                Vector64
                0x08007750                VectorCC
                0x08007750                Vector54
                0x08007750                Vector138
                0x08007750                Vector24
                0x08007750                Vector178
                0x08007750                Vector1A4
                0x08007750                BusFaultVector
                0x08007750                VectorD0
                0x08007750                Vector140
                0x08007750                VectorE4
                0x08007750                HardFaultVector
                0x08007750                Vector134
                0x08007750                VectorF0
                0x08007750                Vector13C
                0x08007750                Vector100
                0x08007750                VectorE0
                0x08007750                VectorF4
                0x08007750                MemManageVector
                0x08007750                VectorA0
                0x08007750                VectorC4
                0x08007750                Vector180
                0x08007750                VectorB0
                0x08007750                Vector114
                0x08007750                Vector164
                0x08007750                Vector60
                0x08007750                Vector1C
                0x08007750                Vector17C
                0x08007750                Vector48
                0x08007750                Vector1A8
                0x08007750                Vector16C
                0x08007750                Vector4C
                0x08007750                Vector144
                0x08007750                Vector15C
                0x08007750                Vector68
                0x08007750                _unhandled_exception
                0x08007750                Vector170
                0x08007750                Vector184
                0x08007750                Vector10C
                0x08007750                Vector50
                0x08007750                Vector194
                0x08007750                Vector44
                0x08007750                Vector28
                0x08007750                Vector34
                0x08007750                Vector20
                0x08007750                Vector18C
                0x08007750                Vector174
 .text.port_halt
                0x08007760       0x10 build/obj/chcore.o
                0x08007760                port_halt
 .text._port_switch_from_isr
                0x08007770       0x10 build/obj/chcore_v7m.o
                0x08007770                _port_switch_from_isr
 .text.SVCallVector
                0x08007780       0x20 build/obj/chcore_v7m.o
                0x08007780                SVCallVector
 .text._port_init
                0x080077a0       0x30 build/obj/chcore_v7m.o
                0x080077a0                _port_init
 .text._port_irq_epilogue
                0x080077d0       0x70 build/obj/chcore_v7m.o
                0x080077d0                _port_irq_epilogue
 .text.SysTickVector
                0x08007840       0x20 build/obj/chcore_v7m.o
                0x08007840                SysTickVector
 .text._port_switch
                0x08007860       0x10 build/obj/chcore_v7m.o
                0x08007860                _port_switch
 .text._port_thread_start
                0x08007870       0x10 build/obj/chcore_v7m.o
                0x08007870                _port_thread_start
 .text.nvicEnableVector
                0x08007880       0x50 build/obj/nvic.o
                0x08007880                nvicEnableVector
 .text.nvicSetSystemHandlerPriority
                0x080078d0       0x30 build/obj/nvic.o
                0x080078d0                nvicSetSystemHandlerPriority
 .text._idle_thread
                0x08007900       0x20 build/obj/chsys.o
                0x08007900                _idle_thread
 .text.chSysInit
                0x08007920       0x60 build/obj/chsys.o
                0x08007920                chSysInit
 .text.chSysTimerHandlerI
                0x08007980       0x60 build/obj/chsys.o
                0x08007980                chSysTimerHandlerI
 .text._vt_init
                0x080079e0       0x20 build/obj/chvt.o
                0x080079e0                _vt_init
 .text.chVTSetI
                0x08007a00       0x40 build/obj/chvt.o
                0x08007a00                chVTSetI
 .text.chVTResetI
                0x08007a40       0x30 build/obj/chvt.o
                0x08007a40                chVTResetI
 .text.wakeup   0x08007a70       0x70 build/obj/chschd.o
 .text._scheduler_init
                0x08007ae0       0x20 build/obj/chschd.o
                0x08007ae0                _scheduler_init
 .text.chSchReadyI
                0x08007b00       0x20 build/obj/chschd.o
                0x08007b00                chSchReadyI
 .text.chSchGoSleepS
                0x08007b20       0x30 build/obj/chschd.o
                0x08007b20                chSchGoSleepS
 .text.chSchGoSleepTimeoutS
                0x08007b50       0x40 build/obj/chschd.o
                0x08007b50                chSchGoSleepTimeoutS
 .text.chSchWakeupS
                0x08007b90       0x60 build/obj/chschd.o
                0x08007b90                chSchWakeupS
 .text.chSchDoRescheduleBehind
                0x08007bf0       0x40 build/obj/chschd.o
                0x08007bf0                chSchDoRescheduleBehind
 .text.chSchDoRescheduleAhead
                0x08007c30       0x40 build/obj/chschd.o
                0x08007c30                chSchDoRescheduleAhead
 .text.chSchRescheduleS
                0x08007c70       0x20 build/obj/chschd.o
                0x08007c70                chSchRescheduleS
 .text.chSchDoReschedule
                0x08007c90       0x20 build/obj/chschd.o
                0x08007c90                chSchDoReschedule
 .text._thread_init
                0x08007cb0       0x40 build/obj/chthreads.o
                0x08007cb0                _thread_init
 .text.chThdCreateI
                0x08007cf0       0x60 build/obj/chthreads.o
                0x08007cf0                chThdCreateI
 .text.chThdCreateStatic
                0x08007d50       0x30 build/obj/chthreads.o
                0x08007d50                chThdCreateStatic
 .text.chThdSetPriority
                0x08007d80       0x30 build/obj/chthreads.o
                0x08007d80                chThdSetPriority
 .text.chThdResume
                0x08007db0       0x20 build/obj/chthreads.o
                0x08007db0                chThdResume
 .text.chThdTerminate
                0x08007dd0       0x20 build/obj/chthreads.o
                0x08007dd0                chThdTerminate
 .text.chThdSleep
                0x08007df0       0x20 build/obj/chthreads.o
                0x08007df0                chThdSleep
 .text.chThdSleepUntil
                0x08007e10       0x30 build/obj/chthreads.o
                0x08007e10                chThdSleepUntil
 .text.chThdYield
                0x08007e40       0x30 build/obj/chthreads.o
                0x08007e40                chThdYield
 .text.chThdExitS
                0x08007e70       0x40 build/obj/chthreads.o
                0x08007e70                chThdExitS
 .text.chThdExit
                0x08007eb0       0x10 build/obj/chthreads.o
                0x08007eb0                chThdExit
 .text.chThdWait
                0x08007ec0       0x40 build/obj/chthreads.o
                0x08007ec0                chThdWait
 .text.chThdAddRef
                0x08007f00       0x20 build/obj/chdynamic.o
                0x08007f00                chThdAddRef
 .text.chThdRelease
                0x08007f20       0x50 build/obj/chdynamic.o
                0x08007f20                chThdRelease
 .text.chThdCreateFromHeap
                0x08007f70       0x40 build/obj/chdynamic.o
                0x08007f70                chThdCreateFromHeap
 .text.chThdCreateFromMemoryPool
                0x08007fb0       0x50 build/obj/chdynamic.o
                0x08007fb0                chThdCreateFromMemoryPool
 .text.chRegFirstThread
                0x08008000       0x20 build/obj/chregistry.o
                0x08008000                chRegFirstThread
 .text.chRegNextThread
                0x08008020       0x40 build/obj/chregistry.o
                0x08008020                chRegNextThread
 .text.chSemInit
                0x08008060       0x10 build/obj/chsem.o
                0x08008060                chSemInit
 .text.chSemResetI
                0x08008070       0x70 build/obj/chsem.o
                0x08008070                chSemResetI
 .text.chSemReset
                0x080080e0       0x20 build/obj/chsem.o
                0x080080e0                chSemReset
 .text.chSemWaitS
                0x08008100       0x40 build/obj/chsem.o
                0x08008100                chSemWaitS
 .text.chSemWait
                0x08008140       0x20 build/obj/chsem.o
                0x08008140                chSemWait
 .text.chSemWaitTimeoutS
                0x08008160       0x40 build/obj/chsem.o
                0x08008160                chSemWaitTimeoutS
 .text.chSemWaitTimeout
                0x080081a0       0x20 build/obj/chsem.o
                0x080081a0                chSemWaitTimeout
 .text.chSemSignal
                0x080081c0       0x40 build/obj/chsem.o
                0x080081c0                chSemSignal
 .text.chSemSignalI
                0x08008200       0x20 build/obj/chsem.o
                0x08008200                chSemSignalI
 .text.chSemAddCounterI
                0x08008220       0xa0 build/obj/chsem.o
                0x08008220                chSemAddCounterI
 .text.chSemSignalWait
                0x080082c0       0x70 build/obj/chsem.o
                0x080082c0                chSemSignalWait
 .text.chMtxInit
                0x08008330       0x10 build/obj/chmtx.o
                0x08008330                chMtxInit
 .text.chMtxLockS
                0x08008340       0xd0 build/obj/chmtx.o
                0x08008340                chMtxLockS
 .text.chMtxLock
                0x08008410       0x20 build/obj/chmtx.o
                0x08008410                chMtxLock
 .text.chMtxTryLock
                0x08008430       0x30 build/obj/chmtx.o
                0x08008430                chMtxTryLock
 .text.chMtxUnlock
                0x08008460       0x70 build/obj/chmtx.o
                0x08008460                chMtxUnlock
 .text.chMtxUnlockS
                0x080084d0       0x50 build/obj/chmtx.o
                0x080084d0                chMtxUnlockS
 .text.chMtxUnlockAll
                0x08008520       0x60 build/obj/chmtx.o
                0x08008520                chMtxUnlockAll
 .text.chCondInit
                0x08008580       0x10 build/obj/chcond.o
                0x08008580                chCondInit
 .text.chCondSignal
                0x08008590       0x30 build/obj/chcond.o
                0x08008590                chCondSignal
 .text.chCondSignalI
                0x080085c0       0x20 build/obj/chcond.o
                0x080085c0                chCondSignalI
 .text.chCondBroadcastI
                0x080085e0       0x30 build/obj/chcond.o
                0x080085e0                chCondBroadcastI
 .text.chCondBroadcast
                0x08008610       0x20 build/obj/chcond.o
                0x08008610                chCondBroadcast
 .text.chCondWaitS
                0x08008630       0x50 build/obj/chcond.o
                0x08008630                chCondWaitS
 .text.chCondWait
                0x08008680       0x20 build/obj/chcond.o
                0x08008680                chCondWait
 .text.chCondWaitTimeoutS
                0x080086a0       0x60 build/obj/chcond.o
                0x080086a0                chCondWaitTimeoutS
 .text.chCondWaitTimeout
                0x08008700       0x20 build/obj/chcond.o
                0x08008700                chCondWaitTimeout
 .text.chEvtRegisterMask
                0x08008720       0x30 build/obj/chevents.o
                0x08008720                chEvtRegisterMask
 .text.chEvtUnregister
                0x08008750       0x30 build/obj/chevents.o
                0x08008750                chEvtUnregister
 .text.chEvtGetAndClearEvents
                0x08008780       0x20 build/obj/chevents.o
                0x08008780                chEvtGetAndClearEvents
 .text.chEvtAddEvents
                0x080087a0       0x20 build/obj/chevents.o
                0x080087a0                chEvtAddEvents
 .text.chEvtSignalI
                0x080087c0       0x40 build/obj/chevents.o
                0x080087c0                chEvtSignalI
 .text.chEvtSignal
                0x08008800       0x20 build/obj/chevents.o
                0x08008800                chEvtSignal
 .text.chEvtBroadcastFlagsI
                0x08008820       0x30 build/obj/chevents.o
                0x08008820                chEvtBroadcastFlagsI
 .text.chEvtBroadcastFlags
                0x08008850       0x20 build/obj/chevents.o
                0x08008850                chEvtBroadcastFlags
 .text.chEvtDispatch
                0x08008870       0x40 build/obj/chevents.o
                0x08008870                chEvtDispatch
 .text.chEvtWaitOne
                0x080088b0       0x40 build/obj/chevents.o
                0x080088b0                chEvtWaitOne
 .text.chEvtWaitAny
                0x080088f0       0x40 build/obj/chevents.o
                0x080088f0                chEvtWaitAny
 .text.chEvtWaitAll
                0x08008930       0x40 build/obj/chevents.o
                0x08008930                chEvtWaitAll
 .text.chEvtWaitOneTimeout
                0x08008970       0x60 build/obj/chevents.o
                0x08008970                chEvtWaitOneTimeout
 .text.chEvtWaitAnyTimeout
                0x080089d0       0x50 build/obj/chevents.o
                0x080089d0                chEvtWaitAnyTimeout
 .text.chEvtWaitAllTimeout
                0x08008a20       0x50 build/obj/chevents.o
                0x08008a20                chEvtWaitAllTimeout
 .text.chMsgSend
                0x08008a70       0x50 build/obj/chmsg.o
                0x08008a70                chMsgSend
 .text.chMsgWait
                0x08008ac0       0x40 build/obj/chmsg.o
                0x08008ac0                chMsgWait
 .text.chMsgRelease
                0x08008b00       0x20 build/obj/chmsg.o
                0x08008b00                chMsgRelease
 .text.chMBInit
                0x08008b20       0x30 build/obj/chmboxes.o
                0x08008b20                chMBInit
 .text.chMBReset
                0x08008b50       0x40 build/obj/chmboxes.o
                0x08008b50                chMBReset
 .text.chMBPostS
                0x08008b90       0x40 build/obj/chmboxes.o
                0x08008b90                chMBPostS
 .text.chMBPost
                0x08008bd0       0x20 build/obj/chmboxes.o
                0x08008bd0                chMBPost
 .text.chMBPostI
                0x08008bf0       0x30 build/obj/chmboxes.o
                0x08008bf0                chMBPostI
 .text.chMBPostAheadS
                0x08008c20       0x40 build/obj/chmboxes.o
                0x08008c20                chMBPostAheadS
 .text.chMBPostAhead
                0x08008c60       0x20 build/obj/chmboxes.o
                0x08008c60                chMBPostAhead
 .text.chMBPostAheadI
                0x08008c80       0x30 build/obj/chmboxes.o
                0x08008c80                chMBPostAheadI
 .text.chMBFetchS
                0x08008cb0       0x40 build/obj/chmboxes.o
                0x08008cb0                chMBFetchS
 .text.chMBFetch
                0x08008cf0       0x20 build/obj/chmboxes.o
                0x08008cf0                chMBFetch
 .text.chMBFetchI
                0x08008d10       0x40 build/obj/chmboxes.o
                0x08008d10                chMBFetchI
 .text.qwait    0x08008d50       0x30 build/obj/chqueues.o
 .text.chIQInit
                0x08008d80       0x20 build/obj/chqueues.o
                0x08008d80                chIQInit
 .text.chIQResetI
                0x08008da0       0x30 build/obj/chqueues.o
                0x08008da0                chIQResetI
 .text.chIQPutI
                0x08008dd0       0x50 build/obj/chqueues.o
                0x08008dd0                chIQPutI
 .text.chIQGetTimeout
                0x08008e20       0x50 build/obj/chqueues.o
                0x08008e20                chIQGetTimeout
 .text.chIQReadTimeout
                0x08008e70       0x80 build/obj/chqueues.o
                0x08008e70                chIQReadTimeout
 .text.chOQInit
                0x08008ef0       0x20 build/obj/chqueues.o
                0x08008ef0                chOQInit
 .text.chOQResetI
                0x08008f10       0x30 build/obj/chqueues.o
                0x08008f10                chOQResetI
 .text.chOQPutTimeout
                0x08008f40       0x50 build/obj/chqueues.o
                0x08008f40                chOQPutTimeout
 .text.chOQGetI
                0x08008f90       0x50 build/obj/chqueues.o
                0x08008f90                chOQGetI
 .text.chOQWriteTimeout
                0x08008fe0       0x80 build/obj/chqueues.o
                0x08008fe0                chOQWriteTimeout
 .text._core_init
                0x08009060       0x30 build/obj/chmemcore.o
                0x08009060                _core_init
 .text.chCoreAlloc
                0x08009090       0x40 build/obj/chmemcore.o
                0x08009090                chCoreAlloc
 .text.chCoreStatus
                0x080090d0       0x20 build/obj/chmemcore.o
                0x080090d0                chCoreStatus
 .text._heap_init
                0x080090f0       0x20 build/obj/chheap.o
                0x080090f0                _heap_init
 .text.chHeapInit
                0x08009110       0x20 build/obj/chheap.o
                0x08009110                chHeapInit
 .text.chHeapAlloc
                0x08009130       0x90 build/obj/chheap.o
                0x08009130                chHeapAlloc
 .text.chHeapFree
                0x080091c0       0x90 build/obj/chheap.o
                0x080091c0                chHeapFree
 .text.chHeapStatus
                0x08009250       0x40 build/obj/chheap.o
                0x08009250                chHeapStatus
 .text.chPoolInit
                0x08009290       0x10 build/obj/chmempools.o
                0x08009290                chPoolInit
 .text.chPoolLoadArray
                0x080092a0       0x80 build/obj/chmempools.o
                0x080092a0                chPoolLoadArray
 .text.chPoolAlloc
                0x08009320       0x30 build/obj/chmempools.o
                0x08009320                chPoolAlloc
 .text.chPoolFree
                0x08009350       0x20 build/obj/chmempools.o
                0x08009350                chPoolFree
 .text.tmr      0x08009370       0x10 build/obj/test.o
 .text.print_line
                0x08009380       0x40 build/obj/test.o
 .text.test_printn
                0x080093c0       0x90 build/obj/test.o
                0x080093c0                test_printn
 .text.test_print
                0x08009450       0x20 build/obj/test.o
                0x08009450                test_print
 .text.test_println
                0x08009470       0x20 build/obj/test.o
                0x08009470                test_println
 .text.test_emit_token
                0x08009490       0x20 build/obj/test.o
                0x08009490                test_emit_token
 .text._test_assert
                0x080094b0       0x30 build/obj/test.o
                0x080094b0                _test_assert
 .text._test_assert_sequence
                0x080094e0       0x80 build/obj/test.o
                0x080094e0                _test_assert_sequence
 .text._test_assert_time_window
                0x08009560       0x40 build/obj/test.o
                0x08009560                _test_assert_time_window
 .text.test_terminate_threads
                0x080095a0       0x40 build/obj/test.o
                0x080095a0                test_terminate_threads
 .text.test_wait_threads
                0x080095e0       0x50 build/obj/test.o
                0x080095e0                test_wait_threads
 .text.test_cpu_pulse
                0x08009630       0x50 build/obj/test.o
                0x08009630                test_cpu_pulse
 .text.test_wait_tick
                0x08009680       0x20 build/obj/test.o
                0x08009680                test_wait_tick
 .text.test_start_timer
                0x080096a0       0x50 build/obj/test.o
                0x080096a0                test_start_timer
 .text.TestThread
                0x080096f0      0x250 build/obj/test.o
                0x080096f0                TestThread
 .text.thd4_execute
                0x08009940       0x80 build/obj/testthd.o
 .text.thd3_execute
                0x080099c0      0x150 build/obj/testthd.o
 .text.thd2_execute
                0x08009b10       0xf0 build/obj/testthd.o
 .text.thd1_execute
                0x08009c00       0xe0 build/obj/testthd.o
 .text.thread   0x08009ce0       0x10 build/obj/testthd.o
 .text.sem3_setup
                0x08009cf0       0x10 build/obj/testsem.o
 .text.sem2_setup
                0x08009d00       0x10 build/obj/testsem.o
 .text.sem1_setup
                0x08009d10       0x10 build/obj/testsem.o
 .text.sem4_execute
                0x08009d20      0x110 build/obj/testsem.o
 .text.thread4  0x08009e30       0x30 build/obj/testsem.o
 .text.sem3_execute
                0x08009e60       0xb0 build/obj/testsem.o
 .text.thread3  0x08009f10       0x20 build/obj/testsem.o
 .text.thread1  0x08009f30       0x20 build/obj/testsem.o
 .text.sem2_execute
                0x08009f50      0x2b0 build/obj/testsem.o
 .text.thread2  0x0800a200       0x30 build/obj/testsem.o
 .text.sem1_execute
                0x0800a230      0x150 build/obj/testsem.o
 .text.mtx8_execute
                0x0800a380       0xa0 build/obj/testmtx.o
 .text.thread12
                0x0800a420       0x20 build/obj/testmtx.o
 .text.thread1  0x0800a440       0x20 build/obj/testmtx.o
 .text.thread10
                0x0800a460       0x30 build/obj/testmtx.o
 .text.thread11
                0x0800a490       0x40 build/obj/testmtx.o
 .text.mtx8_setup
                0x0800a4d0       0x30 build/obj/testmtx.o
 .text.mtx7_setup
                0x0800a500       0x20 build/obj/testmtx.o
 .text.mtx6_setup
                0x0800a520       0x20 build/obj/testmtx.o
 .text.mtx5_setup
                0x0800a540       0x10 build/obj/testmtx.o
 .text.mtx4_setup
                0x0800a550       0x20 build/obj/testmtx.o
 .text.mtx3_setup
                0x0800a570       0x20 build/obj/testmtx.o
 .text.mtx2_setup
                0x0800a590       0x10 build/obj/testmtx.o
 .text.mtx1_setup
                0x0800a5a0       0x10 build/obj/testmtx.o
 .text.mtx7_execute
                0x0800a5b0       0xe0 build/obj/testmtx.o
 .text.mtx6_execute
                0x0800a690      0x100 build/obj/testmtx.o
 .text.mtx1_execute
                0x0800a790       0xe0 build/obj/testmtx.o
 .text.mtx5_execute
                0x0800a870       0xd0 build/obj/testmtx.o
 .text.mtx4_execute
                0x0800a940      0x280 build/obj/testmtx.o
 .text.thread4b
                0x0800abc0       0x20 build/obj/testmtx.o
 .text.thread4a
                0x0800abe0       0x20 build/obj/testmtx.o
 .text.mtx3_execute
                0x0800ac00       0xf0 build/obj/testmtx.o
 .text.mtx2_execute
                0x0800acf0       0xb0 build/obj/testmtx.o
 .text.thread3HH
                0x0800ada0       0x30 build/obj/testmtx.o
 .text.thread3H
                0x0800add0       0x20 build/obj/testmtx.o
 .text.thread3M
                0x0800adf0       0x30 build/obj/testmtx.o
 .text.thread3L
                0x0800ae20       0x40 build/obj/testmtx.o
 .text.thread3LL
                0x0800ae60       0x20 build/obj/testmtx.o
 .text.thread2L
                0x0800ae80       0x30 build/obj/testmtx.o
 .text.thread2M
                0x0800aeb0       0x20 build/obj/testmtx.o
 .text.thread2H
                0x0800aed0       0x30 build/obj/testmtx.o
 .text.msg1_execute
                0x0800af00       0x80 build/obj/testmsg.o
 .text.thread   0x0800af80       0x20 build/obj/testmsg.o
 .text.mbox1_execute
                0x0800afa0      0x6f0 build/obj/testmbox.o
 .text.mbox1_setup
                0x0800b690       0x20 build/obj/testmbox.o
 .text.evt3_execute
                0x0800b6b0       0xb0 build/obj/testevt.o
 .text.evt3_setup
                0x0800b760       0x10 build/obj/testevt.o
 .text.evt2_setup
                0x0800b770       0x10 build/obj/testevt.o
 .text.evt1_setup
                0x0800b780       0x10 build/obj/testevt.o
 .text.evt2_execute
                0x0800b790      0x290 build/obj/testevt.o
 .text.thread2  0x0800ba20       0x30 build/obj/testevt.o
 .text.thread1  0x0800ba50       0x20 build/obj/testevt.o
 .text.evt1_execute
                0x0800ba70       0x90 build/obj/testevt.o
 .text.h3       0x0800bb00       0x10 build/obj/testevt.o
 .text.h2       0x0800bb10       0x10 build/obj/testevt.o
 .text.h1       0x0800bb20       0x10 build/obj/testevt.o
 .text.heap1_execute
                0x0800bb30      0x270 build/obj/testheap.o
 .text.heap1_setup
                0x0800bda0       0x20 build/obj/testheap.o
 .text.null_provider
                0x0800bdc0       0x10 build/obj/testpools.o
 .text.pools1_execute
                0x0800bdd0      0x170 build/obj/testpools.o
 .text.pools1_setup
                0x0800bf40       0x10 build/obj/testpools.o
 .text.regfind  0x0800bf50       0x30 build/obj/testdyn.o
 .text.dyn3_execute
                0x0800bf80      0x150 build/obj/testdyn.o
 .text.thread   0x0800c0d0       0x10 build/obj/testdyn.o
 .text.dyn3_setup
                0x0800c0e0       0x20 build/obj/testdyn.o
 .text.dyn1_setup
                0x0800c100       0x20 build/obj/testdyn.o
 .text.dyn2_execute
                0x0800c120      0x140 build/obj/testdyn.o
 .text.dyn2_setup
                0x0800c260       0x10 build/obj/testdyn.o
 .text.dyn1_execute
                0x0800c270      0x100 build/obj/testdyn.o
 .text.notify   0x0800c370       0x10 build/obj/testqueues.o
 .text.thread2  0x0800c380       0x20 build/obj/testqueues.o
 .text.queues2_execute
                0x0800c3a0      0x2f0 build/obj/testqueues.o
 .text.queues2_setup
                0x0800c690       0x30 build/obj/testqueues.o
 .text.thread1  0x0800c6c0       0x20 build/obj/testqueues.o
 .text.queues1_execute
                0x0800c6e0      0x320 build/obj/testqueues.o
 .text.queues1_setup
                0x0800ca00       0x30 build/obj/testqueues.o
 .text.thread2  0x0800ca30       0x10 build/obj/testbmk.o
 .text.tmo      0x0800ca40       0x10 build/obj/testbmk.o
 .text.bmk13_execute
                0x0800ca50       0xf0 build/obj/testbmk.o
 .text.bmk12_execute
                0x0800cb40       0x70 build/obj/testbmk.o
 .text.bmk12_setup
                0x0800cbb0       0x10 build/obj/testbmk.o
 .text.thread3  0x0800cbc0       0x30 build/obj/testbmk.o
 .text.bmk11_execute
                0x0800cbf0       0x70 build/obj/testbmk.o
 .text.bmk11_setup
                0x0800cc60       0x10 build/obj/testbmk.o
 .text.bmk7_setup
                0x0800cc70       0x10 build/obj/testbmk.o
 .text.bmk10_execute
                0x0800cc80       0x80 build/obj/testbmk.o
 .text.bmk9_execute
                0x0800cd00       0xb0 build/obj/testbmk.o
 .text.bmk6_execute
                0x0800cdb0       0x70 build/obj/testbmk.o
 .text.bmk8_execute
                0x0800ce20       0xf0 build/obj/testbmk.o
 .text.thread8  0x0800cf10       0x30 build/obj/testbmk.o
 .text.bmk7_execute
                0x0800cf40      0x110 build/obj/testbmk.o
 .text.bmk5_execute
                0x0800d050       0x80 build/obj/testbmk.o
 .text.bmk4_execute
                0x0800d0d0       0xc0 build/obj/testbmk.o
 .text.msg_loop_test
                0x0800d190       0x40 build/obj/testbmk.o
 .text.bmk3_execute
                0x0800d1d0       0xe0 build/obj/testbmk.o
 .text.bmk2_execute
                0x0800d2b0       0x70 build/obj/testbmk.o
 .text.bmk1_execute
                0x0800d320       0x70 build/obj/testbmk.o
 .text.thread1  0x0800d390       0x20 build/obj/testbmk.o
 .text.thread4  0x0800d3b0       0x30 build/obj/testbmk.o
                0x0800d3b0                thread4
 .text.halInit  0x0800d3e0       0x50 build/obj/hal.o
                0x0800d3e0                halInit
 .text.halPolledDelay
                0x0800d430       0x30 build/obj/hal.o
                0x0800d430                halPolledDelay
 .text.adcInit  0x0800d460       0x10 build/obj/adc.o
                0x0800d460                adcInit
 .text.adcObjectInit
                0x0800d470       0x20 build/obj/adc.o
                0x0800d470                adcObjectInit
 .text.adcStart
                0x0800d490       0x20 build/obj/adc.o
                0x0800d490                adcStart
 .text.adcConvert
                0x0800d4b0       0x40 build/obj/adc.o
                0x0800d4b0                adcConvert
 .text.canInit  0x0800d4f0       0x10 build/obj/can.o
                0x0800d4f0                canInit
 .text.canObjectInit
                0x0800d500       0x40 build/obj/can.o
                0x0800d500                canObjectInit
 .text.canStart
                0x0800d540       0x40 build/obj/can.o
                0x0800d540                canStart
 .text.canTransmit
                0x0800d580       0x60 build/obj/can.o
                0x0800d580                canTransmit
 .text.canReceive
                0x0800d5e0       0x60 build/obj/can.o
                0x0800d5e0                canReceive
 .text.i2cInit  0x0800d640       0x10 build/obj/i2c.o
                0x0800d640                i2cInit
 .text.i2cObjectInit
                0x0800d650       0x10 build/obj/i2c.o
                0x0800d650                i2cObjectInit
 .text.icuInit  0x0800d660       0x10 build/obj/icu.o
                0x0800d660                icuInit
 .text.icuObjectInit
                0x0800d670       0x10 build/obj/icu.o
                0x0800d670                icuObjectInit
 .text.icuStart
                0x0800d680       0x20 build/obj/icu.o
                0x0800d680                icuStart
 .text.icuEnable
                0x0800d6a0       0x20 build/obj/icu.o
                0x0800d6a0                icuEnable
 .text.mmcsd_get_slice
                0x0800d6c0       0x50 build/obj/mmcsd.o
 .text.mmcsdGetCapacity
                0x0800d710       0x50 build/obj/mmcsd.o
                0x0800d710                mmcsdGetCapacity
 .text.pwmInit  0x0800d760       0x10 build/obj/pwm.o
                0x0800d760                pwmInit
 .text.pwmObjectInit
                0x0800d770       0x10 build/obj/pwm.o
                0x0800d770                pwmObjectInit
 .text.pwmStart
                0x0800d780       0x20 build/obj/pwm.o
                0x0800d780                pwmStart
 .text.pwmEnableChannel
                0x0800d7a0       0x20 build/obj/pwm.o
                0x0800d7a0                pwmEnableChannel
 .text.pwmDisableChannel
                0x0800d7c0       0x20 build/obj/pwm.o
                0x0800d7c0                pwmDisableChannel
 .text.rtcInit  0x0800d7e0       0x10 build/obj/rtc.o
                0x0800d7e0                rtcInit
 .text.rtcSetTime
                0x0800d7f0       0x20 build/obj/rtc.o
                0x0800d7f0                rtcSetTime
 .text.rtcGetTime
                0x0800d810       0x20 build/obj/rtc.o
                0x0800d810                rtcGetTime
 .text.rtcSetAlarm
                0x0800d830       0x20 build/obj/rtc.o
                0x0800d830                rtcSetAlarm
 .text.rtcGetAlarm
                0x0800d850       0x20 build/obj/rtc.o
                0x0800d850                rtcGetAlarm
 .text.rtcGetTimeFat
                0x0800d870       0x10 build/obj/rtc.o
                0x0800d870                rtcGetTimeFat
 .text.sdcGetInfo
                0x0800d880       0x20 build/obj/sdc.o
                0x0800d880                sdcGetInfo
 .text.sdcSync  0x0800d8a0       0x20 build/obj/sdc.o
                0x0800d8a0                sdcSync
 .text.sdcWrite
                0x0800d8c0       0x30 build/obj/sdc.o
                0x0800d8c0                sdcWrite
 .text.sdcRead  0x0800d8f0       0x30 build/obj/sdc.o
                0x0800d8f0                sdcRead
 .text.sdcConnect
                0x0800d920      0x250 build/obj/sdc.o
                0x0800d920                sdcConnect
 .text._sdc_wait_for_transfer_state
                0x0800db70       0x40 build/obj/sdc.o
                0x0800db70                _sdc_wait_for_transfer_state
 .text.sdcDisconnect
                0x0800dbb0       0x50 build/obj/sdc.o
                0x0800dbb0                sdcDisconnect
 .text.sdcInit  0x0800dc00       0x10 build/obj/sdc.o
                0x0800dc00                sdcInit
 .text.sdcObjectInit
                0x0800dc10       0x20 build/obj/sdc.o
                0x0800dc10                sdcObjectInit
 .text.sdcStart
                0x0800dc30       0x20 build/obj/sdc.o
                0x0800dc30                sdcStart
 .text.sdcErase
                0x0800dc50       0x90 build/obj/sdc.o
                0x0800dc50                sdcErase
 .text.readt    0x0800dce0       0x10 build/obj/serial.o
 .text.read     0x0800dcf0       0x10 build/obj/serial.o
 .text.writet   0x0800dd00       0x10 build/obj/serial.o
 .text.write    0x0800dd10       0x10 build/obj/serial.o
 .text.gett     0x0800dd20       0x10 build/obj/serial.o
 .text.get      0x0800dd30       0x10 build/obj/serial.o
 .text.putt     0x0800dd40       0x10 build/obj/serial.o
 .text.put      0x0800dd50       0x10 build/obj/serial.o
 .text.sdInit   0x0800dd60       0x10 build/obj/serial.o
                0x0800dd60                sdInit
 .text.sdObjectInit
                0x0800dd70       0x40 build/obj/serial.o
                0x0800dd70                sdObjectInit
 .text.sdStart  0x0800ddb0       0x20 build/obj/serial.o
                0x0800ddb0                sdStart
 .text.sdIncomingDataI
                0x0800ddd0       0x40 build/obj/serial.o
                0x0800ddd0                sdIncomingDataI
 .text.sduInit  0x0800de10       0x10 build/obj/serial_usb.o
                0x0800de10                sduInit
 .text.spiInit  0x0800de20       0x10 build/obj/spi.o
                0x0800de20                spiInit
 .text.spiObjectInit
                0x0800de30       0x10 build/obj/spi.o
                0x0800de30                spiObjectInit
 .text.tm_start
                0x0800de40       0x10 build/obj/tm.o
 .text.tm_stop  0x0800de50       0x30 build/obj/tm.o
 .text.tmInit   0x0800de80       0x40 build/obj/tm.o
                0x0800de80                tmInit
 .text.usbInit  0x0800dec0       0x10 build/obj/usb.o
                0x0800dec0                usbInit
 .text.usbObjectInit
                0x0800ded0       0x20 build/obj/usb.o
                0x0800ded0                usbObjectInit
 .text.usbPrepareReceive
                0x0800def0       0x20 build/obj/usb.o
                0x0800def0                usbPrepareReceive
 .text.usbPrepareTransmit
                0x0800df10       0x20 build/obj/usb.o
                0x0800df10                usbPrepareTransmit
 .text.usbStartReceiveI
                0x0800df30       0x30 build/obj/usb.o
                0x0800df30                usbStartReceiveI
 .text.usbStartTransmitI
                0x0800df60       0x30 build/obj/usb.o
                0x0800df60                usbStartTransmitI
 .text._usb_reset
                0x0800df90       0x30 build/obj/usb.o
                0x0800df90                _usb_reset
 .text._usb_ep0setup
                0x0800dfc0      0x340 build/obj/usb.o
                0x0800dfc0                _usb_ep0setup
 .text._usb_ep0in
                0x0800e300       0xc0 build/obj/usb.o
                0x0800e300                _usb_ep0in
 .text._usb_ep0out
                0x0800e3c0       0x80 build/obj/usb.o
                0x0800e3c0                _usb_ep0out
 .text.Vector6C
                0x0800e440       0x30 build/obj/stm32_dma.o
                0x0800e440                Vector6C
 .text.Vector70
                0x0800e470       0x30 build/obj/stm32_dma.o
                0x0800e470                Vector70
 .text.Vector74
                0x0800e4a0       0x30 build/obj/stm32_dma.o
                0x0800e4a0                Vector74
 .text.Vector78
                0x0800e4d0       0x30 build/obj/stm32_dma.o
                0x0800e4d0                Vector78
 .text.Vector7C
                0x0800e500       0x30 build/obj/stm32_dma.o
                0x0800e500                Vector7C
 .text.Vector80
                0x0800e530       0x30 build/obj/stm32_dma.o
                0x0800e530                Vector80
 .text.Vector84
                0x0800e560       0x30 build/obj/stm32_dma.o
                0x0800e560                Vector84
 .text.VectorFC
                0x0800e590       0x30 build/obj/stm32_dma.o
                0x0800e590                VectorFC
 .text.Vector120
                0x0800e5c0       0x30 build/obj/stm32_dma.o
                0x0800e5c0                Vector120
 .text.Vector124
                0x0800e5f0       0x30 build/obj/stm32_dma.o
                0x0800e5f0                Vector124
 .text.Vector128
                0x0800e620       0x30 build/obj/stm32_dma.o
                0x0800e620                Vector128
 .text.Vector12C
                0x0800e650       0x30 build/obj/stm32_dma.o
                0x0800e650                Vector12C
 .text.Vector130
                0x0800e680       0x30 build/obj/stm32_dma.o
                0x0800e680                Vector130
 .text.Vector150
                0x0800e6b0       0x30 build/obj/stm32_dma.o
                0x0800e6b0                Vector150
 .text.Vector154
                0x0800e6e0       0x30 build/obj/stm32_dma.o
                0x0800e6e0                Vector154
 .text.Vector158
                0x0800e710       0x30 build/obj/stm32_dma.o
                0x0800e710                Vector158
 .text.dmaInit  0x0800e740       0xc0 build/obj/stm32_dma.o
                0x0800e740                dmaInit
 .text.dmaStreamAllocate
                0x0800e800       0xa0 build/obj/stm32_dma.o
                0x0800e800                dmaStreamAllocate
 .text.hal_lld_init
                0x0800e8a0       0xc0 build/obj/hal_lld.o
                0x0800e8a0                hal_lld_init
 .text.stm32_clock_init
                0x0800e960       0xe0 build/obj/hal_lld.o
                0x0800e960                stm32_clock_init
 .text.adc_lld_init
                0x0800ea40       0x40 build/obj/adc_lld.o
                0x0800ea40                adc_lld_init
 .text.adc_lld_start
                0x0800ea80       0x70 build/obj/adc_lld.o
                0x0800ea80                adc_lld_start
 .text.adc_lld_start_conversion
                0x0800eaf0       0xa0 build/obj/adc_lld.o
                0x0800eaf0                adc_lld_start_conversion
 .text.adc_lld_stop_conversion
                0x0800eb90       0x30 build/obj/adc_lld.o
                0x0800eb90                adc_lld_stop_conversion
 .text.adc_lld_serve_rx_interrupt
                0x0800ebc0       0xf0 build/obj/adc_lld.o
 .text.Vector88
                0x0800ecb0       0x80 build/obj/adc_lld.o
                0x0800ecb0                Vector88
 .text.can_lld_set_filters
                0x0800ed30      0x230 build/obj/can_lld.o
 .text.Vector8C
                0x0800ef60       0x50 build/obj/can_lld.o
                0x0800ef60                Vector8C
 .text.Vector90
                0x0800efb0       0x80 build/obj/can_lld.o
                0x0800efb0                Vector90
 .text.Vector94
                0x0800f030       0x80 build/obj/can_lld.o
                0x0800f030                Vector94
 .text.Vector98
                0x0800f0b0       0x80 build/obj/can_lld.o
                0x0800f0b0                Vector98
 .text.can_lld_init
                0x0800f130       0x30 build/obj/can_lld.o
                0x0800f130                can_lld_init
 .text.can_lld_start
                0x0800f160       0x80 build/obj/can_lld.o
                0x0800f160                can_lld_start
 .text.can_lld_is_tx_empty
                0x0800f1e0       0x40 build/obj/can_lld.o
                0x0800f1e0                can_lld_is_tx_empty
 .text.can_lld_transmit
                0x0800f220       0x90 build/obj/can_lld.o
                0x0800f220                can_lld_transmit
 .text.can_lld_is_rx_nonempty
                0x0800f2b0       0x50 build/obj/can_lld.o
                0x0800f2b0                can_lld_is_rx_nonempty
 .text.can_lld_receive
                0x0800f300       0xe0 build/obj/can_lld.o
                0x0800f300                can_lld_receive
 .text.sdc_lld_collect_errors.clone.0
                0x0800f3e0       0x50 build/obj/sdc_lld.o
 .text.Vector104
                0x0800f430       0x30 build/obj/sdc_lld.o
                0x0800f430                Vector104
 .text.sdc_lld_init
                0x0800f460       0x20 build/obj/sdc_lld.o
                0x0800f460                sdc_lld_init
 .text.sdc_lld_start
                0x0800f480       0x60 build/obj/sdc_lld.o
                0x0800f480                sdc_lld_start
 .text.sdc_lld_start_clk
                0x0800f4e0       0x20 build/obj/sdc_lld.o
                0x0800f4e0                sdc_lld_start_clk
 .text.sdc_lld_set_data_clk
                0x0800f500       0x10 build/obj/sdc_lld.o
                0x0800f500                sdc_lld_set_data_clk
 .text.sdc_lld_stop_clk
                0x0800f510       0x10 build/obj/sdc_lld.o
                0x0800f510                sdc_lld_stop_clk
 .text.sdc_lld_set_bus_mode
                0x0800f520       0x30 build/obj/sdc_lld.o
                0x0800f520                sdc_lld_set_bus_mode
 .text.sdc_lld_send_cmd_none
                0x0800f550       0x20 build/obj/sdc_lld.o
                0x0800f550                sdc_lld_send_cmd_none
 .text.sdc_lld_send_cmd_short
                0x0800f570       0x40 build/obj/sdc_lld.o
                0x0800f570                sdc_lld_send_cmd_short
 .text.sdc_lld_send_cmd_short_crc
                0x0800f5b0       0x40 build/obj/sdc_lld.o
                0x0800f5b0                sdc_lld_send_cmd_short_crc
 .text.sdc_lld_wait_transaction_end
                0x0800f5f0       0x90 build/obj/sdc_lld.o
 .text.sdc_lld_error_cleanup
                0x0800f680       0x80 build/obj/sdc_lld.o
 .text.sdc_lld_send_cmd_long_crc
                0x0800f700       0x50 build/obj/sdc_lld.o
                0x0800f700                sdc_lld_send_cmd_long_crc
 .text.sdc_lld_read_aligned
                0x0800f750       0xc0 build/obj/sdc_lld.o
                0x0800f750                sdc_lld_read_aligned
 .text.sdc_lld_write_aligned
                0x0800f810       0xc0 build/obj/sdc_lld.o
                0x0800f810                sdc_lld_write_aligned
 .text.sdc_lld_read
                0x0800f8d0       0xa0 build/obj/sdc_lld.o
                0x0800f8d0                sdc_lld_read
 .text.sdc_lld_write
                0x0800f970       0xc0 build/obj/sdc_lld.o
                0x0800f970                sdc_lld_write
 .text.sdc_lld_sync
                0x0800fa30       0x10 build/obj/sdc_lld.o
                0x0800fa30                sdc_lld_sync
 .text._pal_lld_init
                0x0800fa40      0x200 build/obj/pal_lld.o
                0x0800fa40                _pal_lld_init
 .text.VectorBC
                0x0800fc40      0x120 build/obj/i2c_lld.o
                0x0800fc40                VectorBC
 .text.VectorC0
                0x0800fd60      0x100 build/obj/i2c_lld.o
                0x0800fd60                VectorC0
 .text.i2c_lld_init
                0x0800fe60       0x30 build/obj/i2c_lld.o
                0x0800fe60                i2c_lld_init
 .text.otg_txfifo_flush.clone.3
                0x0800fe90       0x20 build/obj/usb_lld.o
 .text.usb_lld_init
                0x0800feb0       0x30 build/obj/usb_lld.o
                0x0800feb0                usb_lld_init
 .text.usb_lld_reset
                0x0800fee0      0x130 build/obj/usb_lld.o
                0x0800fee0                usb_lld_reset
 .text.usb_lld_set_address
                0x08010010       0x20 build/obj/usb_lld.o
                0x08010010                usb_lld_set_address
 .text.usb_lld_get_status_out
                0x08010030       0x20 build/obj/usb_lld.o
                0x08010030                usb_lld_get_status_out
 .text.usb_lld_get_status_in
                0x08010050       0x20 build/obj/usb_lld.o
                0x08010050                usb_lld_get_status_in
 .text.usb_lld_read_setup
                0x08010070       0x20 build/obj/usb_lld.o
                0x08010070                usb_lld_read_setup
 .text.usb_lld_prepare_receive
                0x08010090       0x50 build/obj/usb_lld.o
                0x08010090                usb_lld_prepare_receive
 .text.otg_epout_handler.clone.8
                0x080100e0       0xb0 build/obj/usb_lld.o
 .text.usb_lld_prepare_transmit
                0x08010190       0x50 build/obj/usb_lld.o
                0x08010190                usb_lld_prepare_transmit
 .text.otg_epin_handler.clone.9
                0x080101e0       0xe0 build/obj/usb_lld.o
 .text.Vector14C
                0x080102c0      0x120 build/obj/usb_lld.o
                0x080102c0                Vector14C
 .text.usb_lld_start_out
                0x080103e0       0x10 build/obj/usb_lld.o
                0x080103e0                usb_lld_start_out
 .text.usb_lld_start_in
                0x080103f0       0x30 build/obj/usb_lld.o
                0x080103f0                usb_lld_start_in
 .text.usb_lld_stall_out
                0x08010420       0x10 build/obj/usb_lld.o
                0x08010420                usb_lld_stall_out
 .text.usb_lld_stall_in
                0x08010430       0x10 build/obj/usb_lld.o
                0x08010430                usb_lld_stall_in
 .text.usb_lld_clear_out
                0x08010440       0x10 build/obj/usb_lld.o
                0x08010440                usb_lld_clear_out
 .text.usb_lld_clear_in
                0x08010450       0x10 build/obj/usb_lld.o
                0x08010450                usb_lld_clear_in
 .text.rtc_lld_init
                0x08010460       0x50 build/obj/rtc_lld.o
                0x08010460                rtc_lld_init
 .text.rtc_lld_set_time
                0x080104b0       0x40 build/obj/rtc_lld.o
                0x080104b0                rtc_lld_set_time
 .text.rtc_lld_get_time
                0x080104f0       0x40 build/obj/rtc_lld.o
                0x080104f0                rtc_lld_get_time
 .text.rtc_lld_set_alarm
                0x08010530       0x80 build/obj/rtc_lld.o
                0x08010530                rtc_lld_set_alarm
 .text.rtc_lld_get_alarm
                0x080105b0       0x20 build/obj/rtc_lld.o
                0x080105b0                rtc_lld_get_alarm
 .text.rtc_lld_get_time_fat
                0x080105d0       0xb0 build/obj/rtc_lld.o
                0x080105d0                rtc_lld_get_time_fat
 .text.spi_lld_init
                0x08010680       0x40 build/obj/spi_lld.o
                0x08010680                spi_lld_init
 .text.icu_lld_serve_interrupt.clone.0
                0x080106c0       0xa0 build/obj/icu_lld.o
 .text.VectorA4
                0x08010760       0x10 build/obj/icu_lld.o
                0x08010760                VectorA4
 .text.VectorAC
                0x08010770       0x10 build/obj/icu_lld.o
                0x08010770                VectorAC
 .text.icu_lld_init
                0x08010780       0x20 build/obj/icu_lld.o
                0x08010780                icu_lld_init
 .text.icu_lld_start
                0x080107a0       0xe0 build/obj/icu_lld.o
                0x080107a0                icu_lld_start
 .text.icu_lld_enable
                0x08010880       0x60 build/obj/icu_lld.o
                0x08010880                icu_lld_enable
 .text.pwm_lld_serve_interrupt
                0x080108e0       0x70 build/obj/pwm_lld.o
 .text.VectorB8
                0x08010950       0x20 build/obj/pwm_lld.o
                0x08010950                VectorB8
 .text.Vector108
                0x08010970       0x20 build/obj/pwm_lld.o
                0x08010970                Vector108
 .text.pwm_lld_init
                0x08010990       0x30 build/obj/pwm_lld.o
                0x08010990                pwm_lld_init
 .text.pwm_lld_start
                0x080109c0      0x130 build/obj/pwm_lld.o
                0x080109c0                pwm_lld_start
 .text.pwm_lld_enable_channel
                0x08010af0       0x40 build/obj/pwm_lld.o
                0x08010af0                pwm_lld_enable_channel
 .text.pwm_lld_disable_channel
                0x08010b30       0x20 build/obj/pwm_lld.o
                0x08010b30                pwm_lld_disable_channel
 .text.notify1  0x08010b50       0x20 build/obj/serial_lld.o
 .text.notify2  0x08010b70       0x20 build/obj/serial_lld.o
 .text.serve_interrupt
                0x08010b90      0x110 build/obj/serial_lld.o
 .text.VectorD4
                0x08010ca0       0x20 build/obj/serial_lld.o
                0x08010ca0                VectorD4
 .text.VectorD8
                0x08010cc0       0x20 build/obj/serial_lld.o
                0x08010cc0                VectorD8
 .text.sd_lld_init
                0x08010ce0       0x40 build/obj/serial_lld.o
                0x08010ce0                sd_lld_init
 .text.sd_lld_start
                0x08010d20       0xc0 build/obj/serial_lld.o
                0x08010d20                sd_lld_start
 .text.__early_init
                0x08010de0       0x10 build/obj/board.o
                0x08010de0                __early_init
 .text.boardInit
                0x08010df0       0x10 build/obj/board.o
                0x08010df0                boardInit
 .text.disk_initialize
                0x08010e00       0x30 build/obj/fatfs_diskio.o
                0x08010e00                disk_initialize
 .text.disk_status
                0x08010e30       0x30 build/obj/fatfs_diskio.o
                0x08010e30                disk_status
 .text.disk_read
                0x08010e60       0x30 build/obj/fatfs_diskio.o
                0x08010e60                disk_read
 .text.disk_write
                0x08010e90       0x30 build/obj/fatfs_diskio.o
                0x08010e90                disk_write
 .text.disk_ioctl
                0x08010ec0       0x50 build/obj/fatfs_diskio.o
                0x08010ec0                disk_ioctl
 .text.get_fattime
                0x08010f10       0x10 build/obj/fatfs_diskio.o
                0x08010f10                get_fattime
 .text.ff_memalloc
                0x08010f20       0x10 build/obj/fatfs_syscall.o
                0x08010f20                ff_memalloc
 .text.ff_memfree
                0x08010f30       0x10 build/obj/fatfs_syscall.o
                0x08010f30                ff_memfree
 .text.mem_cpy  0x08010f40       0xb0 build/obj/ff.o
 .text.validate
                0x08010ff0       0x30 build/obj/ff.o
 .text.check_fs
                0x08011020       0x50 build/obj/ff.o
 .text.chk_mounted
                0x08011070      0x220 build/obj/ff.o
 .text.move_window
                0x08011290       0xc0 build/obj/ff.o
 .text.sync     0x08011350       0x80 build/obj/ff.o
 .text.get_fileinfo
                0x080113d0      0x220 build/obj/ff.o
 .text.get_fat  0x080115f0       0xb0 build/obj/ff.o
                0x080115f0                get_fat
 .text.dir_sdi  0x080116a0       0xc0 build/obj/ff.o
 .text.put_fat  0x08011760       0xf0 build/obj/ff.o
                0x08011760                put_fat
 .text.create_chain
                0x08011850       0xb0 build/obj/ff.o
 .text.dir_next
                0x08011900      0x130 build/obj/ff.o
 .text.dir_find
                0x08011a30      0x4d0 build/obj/ff.o
 .text.follow_path
                0x08011f00      0x340 build/obj/ff.o
 .text.dir_read
                0x08012240      0x2c0 build/obj/ff.o
 .text.remove_chain
                0x08012500       0xb0 build/obj/ff.o
 .text.gen_numname
                0x080125b0      0x120 build/obj/ff.o
                0x080125b0                gen_numname
 .text.dir_register
                0x080126d0      0x430 build/obj/ff.o
 .text.f_mount  0x08012b00       0x20 build/obj/ff.o
                0x08012b00                f_mount
 .text.f_open   0x08012b20      0x1b0 build/obj/ff.o
                0x08012b20                f_open
 .text.f_read   0x08012cd0      0x1a0 build/obj/ff.o
                0x08012cd0                f_read
 .text.f_write  0x08012e70      0x1f0 build/obj/ff.o
                0x08012e70                f_write
 .text.f_sync   0x08013060       0x90 build/obj/ff.o
                0x08013060                f_sync
 .text.f_close  0x080130f0       0x10 build/obj/ff.o
                0x080130f0                f_close
 .text.f_opendir
                0x08013100       0x80 build/obj/ff.o
                0x08013100                f_opendir
 .text.f_readdir
                0x08013180       0x80 build/obj/ff.o
                0x08013180                f_readdir
 .text.f_stat   0x08013200       0x60 build/obj/ff.o
                0x08013200                f_stat
 .text.f_getfree
                0x08013260      0x190 build/obj/ff.o
                0x08013260                f_getfree
 .text.f_gets   0x080133f0       0x90 build/obj/ff.o
                0x080133f0                f_gets
 .text.ff_convert
                0x08013480       0x50 build/obj/ccsbcs.o
                0x08013480                ff_convert
 .text.ff_wtoupper
                0x080134d0       0x30 build/obj/ccsbcs.o
                0x080134d0                ff_wtoupper
 .text._sbrk_r  0x08013500       0x20 build/obj/syscalls.o
                0x08013500                _sbrk_r
 .text.chprintf
                0x08013520       0x20 build/obj/shell.o
 .text.cmd_systime
                0x08013540       0x30 build/obj/shell.o
 .text.cmd_info
                0x08013570       0xc0 build/obj/shell.o
 .text.list_commands
                0x08013630       0x20 build/obj/shell.o
 .text.cmdexec  0x08013650       0x50 build/obj/shell.o
 .text._strtok.clone.0
                0x080136a0       0x50 build/obj/shell.o
 .text.shellInit
                0x080136f0       0x10 build/obj/shell.o
                0x080136f0                shellInit
 .text.shellExit
                0x08013700       0x20 build/obj/shell.o
                0x08013700                shellExit
 .text.shellCreate
                0x08013720       0x20 build/obj/shell.o
                0x08013720                shellCreate
 .text.shellGetLine
                0x08013740       0xb0 build/obj/shell.o
                0x08013740                shellGetLine
 .text.shell_thread
                0x080137f0      0x1c0 build/obj/shell.o
 .text.ltoa     0x080139b0       0x70 build/obj/chprintf.o
 .text.chvprintf
                0x08013a20      0x360 build/obj/chprintf.o
                0x08013a20                chvprintf
 .text.stm32_rtc_bcd2tm.clone.0
                0x08013d80       0xb0 build/obj/chrtclib.o
 .text.stm32_rtc_tm2bcd.clone.1
                0x08013e30      0x120 build/obj/chrtclib.o
 .text.rtcGetTimeTm
                0x08013f50       0x30 build/obj/chrtclib.o
                0x08013f50                rtcGetTimeTm
 .text.rtcGetTimeUnixSec
                0x08013f80       0x30 build/obj/chrtclib.o
                0x08013f80                rtcGetTimeUnixSec
 .text.rtcSetTimeUnixSec
                0x08013fb0       0x40 build/obj/chrtclib.o
                0x08013fb0                rtcSetTimeUnixSec
 .text.Thread1  0x08013ff0       0x50 build/obj/main.o
 .text.task20ms
                0x08014040       0x40 build/obj/main.o
 .text.main     0x08014080       0x90 build/obj/main.o
                0x08014080                main
 .text.chprintf
                0x08014110       0x20 build/obj/console.o
 .text.cmd_alarm
                0x08014130       0xd0 build/obj/console.o
                0x08014130                cmd_alarm
 .text.cmd_date
                0x08014200       0xf0 build/obj/console.o
                0x08014200                cmd_date
 .text.cmd_test
                0x080142f0       0x60 build/obj/console.o
                0x080142f0                cmd_test
 .text.cmd_threads
                0x08014350       0x70 build/obj/console.o
                0x08014350                cmd_threads
 .text.cmd_mem  0x080143c0       0x60 build/obj/console.o
                0x080143c0                cmd_mem
 .text.consoleInit
                0x08014420       0x30 build/obj/console.o
                0x08014420                consoleInit
 .text.consoleStart
                0x08014450       0x40 build/obj/console.o
                0x08014450                consoleStart
 .text.func_sleep
                0x08014490       0x40 build/obj/console.o
                0x08014490                func_sleep
 .text.cmd_sleep
                0x080144d0       0x30 build/obj/console.o
                0x080144d0                cmd_sleep
 .text.chprintf
                0x08014500       0x20 build/obj/sdcard.o
 .text.scan_files.clone.0
                0x08014520       0xa0 build/obj/sdcard.o
 .text.sdc_lld_is_card_inserted
                0x080145c0       0x10 build/obj/sdcard.o
                0x080145c0                sdc_lld_is_card_inserted
 .text.sdc_lld_is_write_protected
                0x080145d0       0x10 build/obj/sdcard.o
                0x080145d0                sdc_lld_is_write_protected
 .text.sdcardInit
                0x080145e0       0x20 build/obj/sdcard.o
                0x080145e0                sdcardInit
 .text.sdcardMount
                0x08014600       0x60 build/obj/sdcard.o
                0x08014600                sdcardMount
 .text.sdcardUMount
                0x08014660       0x30 build/obj/sdcard.o
                0x08014660                sdcardUMount
 .text.sdcardIsMounted
                0x08014690       0x10 build/obj/sdcard.o
                0x08014690                sdcardIsMounted
 .text.cmd_tree
                0x080146a0       0x80 build/obj/sdcard.o
                0x080146a0                cmd_tree
 .text.cmd_mountsd
                0x08014720       0x80 build/obj/sdcard.o
                0x08014720                cmd_mountsd
 .text.cmd_umountsd
                0x080147a0       0x40 build/obj/sdcard.o
                0x080147a0                cmd_umountsd
 .text.cmd_cat  0x080147e0       0x90 build/obj/sdcard.o
                0x080147e0                cmd_cat
 .text.cmd_sdiotest
                0x08014870      0x580 build/obj/sdcard.o
                0x08014870                cmd_sdiotest
 .text.cmd_debug
                0x08014df0      0x100 build/obj/sdcard.o
                0x08014df0                cmd_debug
 .text.chprintf
                0x08014ef0       0x20 build/obj/can_comm.o
 .text.can_tx   0x08014f10       0x70 build/obj/can_comm.o
 .text.can_lightBreakOff
                0x08014f80       0x60 build/obj/can_comm.o
                0x08014f80                can_lightBreakOff
 .text.can_lightBreakOn
                0x08014fe0       0x60 build/obj/can_comm.o
                0x08014fe0                can_lightBreakOn
 .text.can_rx   0x08015040      0x230 build/obj/can_comm.o
 .text.can_commInit
                0x08015270       0x70 build/obj/can_comm.o
                0x08015270                can_commInit
 .text.can_lightRight
                0x080152e0       0x40 build/obj/can_comm.o
                0x080152e0                can_lightRight
 .text.can_lightLeft
                0x08015320       0x40 build/obj/can_comm.o
                0x08015320                can_lightLeft
 .text.can_lightWarning
                0x08015360       0x40 build/obj/can_comm.o
                0x08015360                can_lightWarning
 .text.can_lightPosLampOn
                0x080153a0       0x60 build/obj/can_comm.o
                0x080153a0                can_lightPosLampOn
 .text.can_lightPosLampOff
                0x08015400       0x60 build/obj/can_comm.o
                0x08015400                can_lightPosLampOff
 .text.can_commCalc
                0x08015460       0x70 build/obj/can_comm.o
                0x08015460                can_commCalc
 .text.cmd_can_commvalues
                0x080154d0       0xa0 build/obj/can_comm.o
                0x080154d0                cmd_can_commvalues
 .text.cmd_canmppttest
                0x08015570      0x140 build/obj/can_comm.o
                0x08015570                cmd_canmppttest
 .text.cmd_candata
                0x080156b0      0x130 build/obj/can_comm.o
                0x080156b0                cmd_candata
 .text.chprintf
                0x080157e0       0x20 build/obj/light.o
 .text.lightInit
                0x08015800       0x30 build/obj/light.o
                0x08015800                lightInit
 .text.lightCalc
                0x08015830       0xb0 build/obj/light.o
                0x08015830                lightCalc
 .text.lightBrakeOn
                0x080158e0       0x10 build/obj/light.o
                0x080158e0                lightBrakeOn
 .text.lightBrakeOff
                0x080158f0       0x10 build/obj/light.o
                0x080158f0                lightBrakeOff
 .text.lightPosLampOn
                0x08015900       0x30 build/obj/light.o
                0x08015900                lightPosLampOn
 .text.lightPosLampOff
                0x08015930       0x20 build/obj/light.o
                0x08015930                lightPosLampOff
 .text.cmd_lightvalues
                0x08015950       0xa0 build/obj/light.o
                0x08015950                cmd_lightvalues
 .text.cmd_lightblink
                0x080159f0      0x210 build/obj/light.o
                0x080159f0                cmd_lightblink
 .text.speedWheelPeriodCb
                0x08015c00       0x10 build/obj/speed.o
 .text.speedWheelPeriodNumber
                0x08015c10       0x10 build/obj/speed.o
 .text.chprintf
                0x08015c20       0x20 build/obj/speed.o
 .text.speedInit
                0x08015c40       0x30 build/obj/speed.o
                0x08015c40                speedInit
 .text.speedCalc
                0x08015c70       0xb0 build/obj/speed.o
                0x08015c70                speedCalc
 .text.speedGetRpm
                0x08015d20       0x20 build/obj/speed.o
                0x08015d20                speedGetRpm
 .text.cmd_speedvalues
                0x08015d40       0x90 build/obj/speed.o
                0x08015d40                cmd_speedvalues
 .text.adcerrorcallback
                0x08015dd0       0x10 build/obj/meas.o
 .text.chprintf
                0x08015de0       0x20 build/obj/meas.o
 .text.measInit
                0x08015e00       0x20 build/obj/meas.o
                0x08015e00                measInit
 .text.measCalc
                0x08015e20      0x210 build/obj/meas.o
                0x08015e20                measCalc
 .text.cmd_measvalues
                0x08016030       0xc0 build/obj/meas.o
                0x08016030                cmd_measvalues
 .text.chprintf
                0x080160f0       0x20 build/obj/cruise.o
 .text.cruiseInit
                0x08016110       0x60 build/obj/cruise.o
                0x08016110                cruiseInit
 .text.cruisePID
                0x08016170      0x180 build/obj/cruise.o
                0x08016170                cruisePID
 .text.cruiseCalc
                0x080162f0       0xb0 build/obj/cruise.o
                0x080162f0                cruiseCalc
 .text.cmd_cruisevalues
                0x080163a0      0x100 build/obj/cruise.o
                0x080163a0                cmd_cruisevalues
 .text.cmd_setcruisevalues
                0x080164a0      0x1c0 build/obj/cruise.o
                0x080164a0                cmd_setcruisevalues
 .text.chprintf
                0x08016660       0x20 build/obj/dsp.o
 .text.dsp_LoadTop
                0x08016680       0xe0 build/obj/dsp.o
                0x08016680                dsp_LoadTop
 .text.dsp_LoadMidle
                0x08016760       0x80 build/obj/dsp.o
                0x08016760                dsp_LoadMidle
 .text.dsp_LoadBottom
                0x080167e0      0x110 build/obj/dsp.o
                0x080167e0                dsp_LoadBottom
 .text.dspInit  0x080168f0       0x20 build/obj/dsp.o
                0x080168f0                dspInit
 .text.dspCalc  0x08016910      0x5f0 build/obj/dsp.o
                0x08016910                dspCalc
 .text.cmdfrappans_dspmessages
                0x08016f00      0x150 build/obj/dsp.o
                0x08016f00                cmdfrappans_dspmessages
 .text.gfx_Cls  0x08017050       0x30 build/obj/gfx.o
                0x08017050                gfx_Cls
 .text.file_Mount
                0x08017080       0x30 build/obj/gfx.o
                0x08017080                file_Mount
 .text.media_Image
                0x080170b0       0x60 build/obj/gfx.o
                0x080170b0                media_Image
 .text.media_SetSector
                0x08017110       0x60 build/obj/gfx.o
                0x08017110                media_SetSector
 .text.media_VideoFrame
                0x08017170       0x80 build/obj/gfx.o
                0x08017170                media_VideoFrame
 .text.draw_line
                0x080171f0       0xc0 build/obj/gfx.o
                0x080171f0                draw_line
 .text.gfx_BGcolour
                0x080172b0       0x40 build/obj/gfx.o
                0x080172b0                gfx_BGcolour
 .text.gfx_Transparency
                0x080172f0       0x40 build/obj/gfx.o
                0x080172f0                gfx_Transparency
 .text.gfx_TransparentColour
                0x08017330       0x40 build/obj/gfx.o
                0x08017330                gfx_TransparentColour
 .text.uart_commInit
                0x08017370       0x10 build/obj/uart_comm.o
                0x08017370                uart_commInit
 .text.chprintf
                0x08017380       0x20 build/obj/log.o
 .text.logThread
                0x080173a0      0x190 build/obj/log.o
 .text.logInit  0x08017530       0x70 build/obj/log.o
                0x08017530                logInit
 .text.logCalc  0x080175a0       0xb0 build/obj/log.o
                0x080175a0                logCalc
 .text.cmd_testlog
                0x08017650      0x130 build/obj/log.o
                0x08017650                cmd_testlog
 *(.rodata)
 .rodata        0x08017780       0x3c c:/program files (x86)/codesourcery/sourcery g++ lite/bin/../lib/gcc/arm-none-eabi/4.5.2/../../../../arm-none-eabi/lib/thumb2\libc.a(lib_a-asctime_r.o)
 *fill*         0x080177bc        0x4 00
 .rodata        0x080177c0       0x60 c:/program files (x86)/codesourcery/sourcery g++ lite/bin/../lib/gcc/arm-none-eabi/4.5.2/../../../../arm-none-eabi/lib/thumb2\libc.a(lib_a-mktime.o)
 .rodata        0x08017820       0x68 c:/program files (x86)/codesourcery/sourcery g++ lite/bin/../lib/gcc/arm-none-eabi/4.5.2/../../../../arm-none-eabi/lib/thumb2\libc.a(lib_a-mktm_r.o)
 *fill*         0x08017888        0x8 00
 .rodata        0x08017890       0x20 c:/program files (x86)/codesourcery/sourcery g++ lite/bin/../lib/gcc/arm-none-eabi/4.5.2/../../../../arm-none-eabi/lib/thumb2\libc.a(lib_a-svfprintf.o)
 .rodata        0x080178b0      0x104 c:/program files (x86)/codesourcery/sourcery g++ lite/bin/../lib/gcc/arm-none-eabi/4.5.2/../../../../arm-none-eabi/lib/thumb2\libc.a(lib_a-ctype_.o)
                0x080178b0                _ctype_
 *fill*         0x080179b4        0xc 00
 .rodata        0x080179c0      0x128 c:/program files (x86)/codesourcery/sourcery g++ lite/bin/../lib/gcc/arm-none-eabi/4.5.2/../../../../arm-none-eabi/lib/thumb2\libc.a(lib_a-mprec.o)
                0x080179d0                __mprec_tens
                0x08017a98                __mprec_bigtens
                0x08017ac0                __mprec_tinytens
 *fill*         0x08017ae8        0x8 00
 .rodata        0x08017af0       0x20 c:/program files (x86)/codesourcery/sourcery g++ lite/bin/../lib/gcc/arm-none-eabi/4.5.2/../../../../arm-none-eabi/lib/thumb2\libc.a(lib_a-svfiprintf.o)
 *(.rodata.*)
 .rodata.str1.4
                0x08017b10        0x5 build/obj/chsys.o
                                  0x8 (size before relaxing)
 *fill*         0x08017b15        0xb 00
 .rodata.ch_debug
                0x08017b20       0x18 build/obj/chregistry.o
                0x08017b20                ch_debug
 *fill*         0x08017b38        0x8 00
 .rodata.wa     0x08017b40       0x14 build/obj/test.o
                0x08017b40                wa
 *fill*         0x08017b54        0xc 00
 .rodata.str1.4
                0x08017b60      0x1bc build/obj/test.o
                                0x1d0 (size before relaxing)
 *fill*         0x08017d1c        0x4 00
 .rodata.patterns
                0x08017d20       0x30 build/obj/test.o
 .rodata.testthd1
                0x08017d50       0x10 build/obj/testthd.o
                0x08017d50                testthd1
 .rodata.testthd2
                0x08017d60       0x10 build/obj/testthd.o
                0x08017d60                testthd2
 .rodata.testthd3
                0x08017d70       0x10 build/obj/testthd.o
                0x08017d70                testthd3
 .rodata.testthd4
                0x08017d80       0x10 build/obj/testthd.o
                0x08017d80                testthd4
 .rodata.patternthd
                0x08017d90       0x14 build/obj/testthd.o
                0x08017d90                patternthd
 *fill*         0x08017da4        0xc 00
 .rodata.str1.4
                0x08017db0       0x78 build/obj/testthd.o
                                 0x80 (size before relaxing)
 *fill*         0x08017e28        0x8 00
 .rodata.testsem1
                0x08017e30       0x10 build/obj/testsem.o
                0x08017e30                testsem1
 .rodata.testsem2
                0x08017e40       0x10 build/obj/testsem.o
                0x08017e40                testsem2
 .rodata.testsem3
                0x08017e50       0x10 build/obj/testsem.o
                0x08017e50                testsem3
 .rodata.testsem4
                0x08017e60       0x10 build/obj/testsem.o
                0x08017e60                testsem4
 .rodata.patternsem
                0x08017e70       0x14 build/obj/testsem.o
                0x08017e70                patternsem
 *fill*         0x08017e84        0xc 00
 .rodata.str1.4
                0x08017e90       0x6d build/obj/testsem.o
                                 0x8c (size before relaxing)
 *fill*         0x08017efd        0x3 00
 .rodata.testmtx5
                0x08017f00       0x10 build/obj/testmtx.o
                0x08017f00                testmtx5
 .rodata.testmtx6
                0x08017f10       0x10 build/obj/testmtx.o
                0x08017f10                testmtx6
 .rodata.testmtx7
                0x08017f20       0x10 build/obj/testmtx.o
                0x08017f20                testmtx7
 .rodata.testmtx8
                0x08017f30       0x10 build/obj/testmtx.o
                0x08017f30                testmtx8
 .rodata.str1.4
                0x08017f40       0xf0 build/obj/testmtx.o
                                0x10c (size before relaxing)
 .rodata.patternmtx
                0x08018030       0x24 build/obj/testmtx.o
                0x08018030                patternmtx
 *fill*         0x08018054        0xc 00
 .rodata.testmtx1
                0x08018060       0x10 build/obj/testmtx.o
                0x08018060                testmtx1
 .rodata.testmtx2
                0x08018070       0x10 build/obj/testmtx.o
                0x08018070                testmtx2
 .rodata.testmtx3
                0x08018080       0x10 build/obj/testmtx.o
                0x08018080                testmtx3
 .rodata.testmtx4
                0x08018090       0x10 build/obj/testmtx.o
                0x08018090                testmtx4
 .rodata.testmsg1
                0x080180a0       0x10 build/obj/testmsg.o
                0x080180a0                testmsg1
 .rodata.str1.4
                0x080180b0        0xf build/obj/testmsg.o
                                 0x14 (size before relaxing)
 *fill*         0x080180bf        0x1 00
 .rodata.patternmsg
                0x080180c0        0x8 build/obj/testmsg.o
                0x080180c0                patternmsg
 *fill*         0x080180c8        0x8 00
 .rodata.patternmbox
                0x080180d0        0x8 build/obj/testmbox.o
                0x080180d0                patternmbox
 *fill*         0x080180d8        0x8 00
 .rodata.str1.4
                0x080180e0       0x20 build/obj/testmbox.o
                                 0x28 (size before relaxing)
 .rodata.testmbox1
                0x08018100       0x10 build/obj/testmbox.o
                0x08018100                testmbox1
 .rodata.patternevt
                0x08018110       0x10 build/obj/testevt.o
                0x08018110                patternevt
 .rodata.testevt2
                0x08018120       0x10 build/obj/testevt.o
                0x08018120                testevt2
 .rodata.str1.4