Archive member included because of file (symbol)

c:/chibistudio/tools/gnu tools arm embedded/4.9 2015q3/bin/../lib/gcc/arm-none-eabi/4.9.3/armv7e-m\libgcc.a(_arm_addsubdf3.o)
                              ../../build/obj/speed.o (__aeabi_dsub)
c:/chibistudio/tools/gnu tools arm embedded/4.9 2015q3/bin/../lib/gcc/arm-none-eabi/4.9.3/armv7e-m\libgcc.a(_arm_muldivdf3.o)
                              ../../build/obj/log.o (__aeabi_dmul)
c:/chibistudio/tools/gnu tools arm embedded/4.9 2015q3/bin/../lib/gcc/arm-none-eabi/4.9.3/armv7e-m\libgcc.a(_arm_cmpdf2.o)
                              ../../build/obj/speed.o (__aeabi_dcmplt)
c:/chibistudio/tools/gnu tools arm embedded/4.9 2015q3/bin/../lib/gcc/arm-none-eabi/4.9.3/armv7e-m\libgcc.a(_arm_fixdfsi.o)
                              ../../build/obj/log.o (__aeabi_d2iz)
c:/chibistudio/tools/gnu tools arm embedded/4.9 2015q3/bin/../lib/gcc/arm-none-eabi/4.9.3/armv7e-m\libgcc.a(_arm_fixunsdfsi.o)
                              ../../build/obj/speed.o (__aeabi_d2uiz)
c:/chibistudio/tools/gnu tools arm embedded/4.9 2015q3/bin/../lib/gcc/arm-none-eabi/4.9.3/../../../../arm-none-eabi/lib/armv7e-m\libg.a(lib_a-asctime.o)
                              ../../build/obj/console.o (asctime)
c:/chibistudio/tools/gnu tools arm embedded/4.9 2015q3/bin/../lib/gcc/arm-none-eabi/4.9.3/../../../../arm-none-eabi/lib/armv7e-m\libg.a(lib_a-asctime_r.o)
                              c:/chibistudio/tools/gnu tools arm embedded/4.9 2015q3/bin/../lib/gcc/arm-none-eabi/4.9.3/../../../../arm-none-eabi/lib/armv7e-m\libg.a(lib_a-asctime.o) (asctime_r)
c:/chibistudio/tools/gnu tools arm embedded/4.9 2015q3/bin/../lib/gcc/arm-none-eabi/4.9.3/../../../../arm-none-eabi/lib/armv7e-m\libg.a(lib_a-atof.o)
                              ../../build/obj/nmea.o (atof)
c:/chibistudio/tools/gnu tools arm embedded/4.9 2015q3/bin/../lib/gcc/arm-none-eabi/4.9.3/../../../../arm-none-eabi/lib/armv7e-m\libg.a(lib_a-atoi.o)
                              ../../build/obj/nmea.o (atoi)
c:/chibistudio/tools/gnu tools arm embedded/4.9 2015q3/bin/../lib/gcc/arm-none-eabi/4.9.3/../../../../arm-none-eabi/lib/armv7e-m\libg.a(lib_a-atol.o)
                              ../../build/obj/console.o (atol)
c:/chibistudio/tools/gnu tools arm embedded/4.9 2015q3/bin/../lib/gcc/arm-none-eabi/4.9.3/../../../../arm-none-eabi/lib/armv7e-m\libg.a(lib_a-impure.o)
                              c:/chibistudio/tools/gnu tools arm embedded/4.9 2015q3/bin/../lib/gcc/arm-none-eabi/4.9.3/../../../../arm-none-eabi/lib/armv7e-m\libg.a(lib_a-asctime.o) (_impure_ptr)
c:/chibistudio/tools/gnu tools arm embedded/4.9 2015q3/bin/../lib/gcc/arm-none-eabi/4.9.3/../../../../arm-none-eabi/lib/armv7e-m\libg.a(lib_a-lcltime_r.o)
                              ../../build/obj/chrtclib.o (localtime_r)
c:/chibistudio/tools/gnu tools arm embedded/4.9 2015q3/bin/../lib/gcc/arm-none-eabi/4.9.3/../../../../arm-none-eabi/lib/armv7e-m\libg.a(lib_a-memcmp.o)
                              ../../build/obj/sdcard.o (memcmp)
c:/chibistudio/tools/gnu tools arm embedded/4.9 2015q3/bin/../lib/gcc/arm-none-eabi/4.9.3/../../../../arm-none-eabi/lib/armv7e-m\libg.a(lib_a-memcpy.o)
                              ../../build/obj/sdc_lld.o (memcpy)
c:/chibistudio/tools/gnu tools arm embedded/4.9 2015q3/bin/../lib/gcc/arm-none-eabi/4.9.3/../../../../arm-none-eabi/lib/armv7e-m\libg.a(lib_a-memset.o)
                              ../../build/obj/usb.o (memset)
c:/chibistudio/tools/gnu tools arm embedded/4.9 2015q3/bin/../lib/gcc/arm-none-eabi/4.9.3/../../../../arm-none-eabi/lib/armv7e-m\libg.a(lib_a-mktime.o)
                              ../../build/obj/chrtclib.o (mktime)
c:/chibistudio/tools/gnu tools arm embedded/4.9 2015q3/bin/../lib/gcc/arm-none-eabi/4.9.3/../../../../arm-none-eabi/lib/armv7e-m\libg.a(lib_a-month_lengths.o)
                              c:/chibistudio/tools/gnu tools arm embedded/4.9 2015q3/bin/../lib/gcc/arm-none-eabi/4.9.3/../../../../arm-none-eabi/lib/armv7e-m\libg.a(lib_a-lcltime_r.o) (__month_lengths)
c:/chibistudio/tools/gnu tools arm embedded/4.9 2015q3/bin/../lib/gcc/arm-none-eabi/4.9.3/../../../../arm-none-eabi/lib/armv7e-m\libg.a(lib_a-reent.o)
                              ../../build/obj/console.o (errno)
c:/chibistudio/tools/gnu tools arm embedded/4.9 2015q3/bin/../lib/gcc/arm-none-eabi/4.9.3/../../../../arm-none-eabi/lib/armv7e-m\libg.a(lib_a-siprintf.o)
                              c:/chibistudio/tools/gnu tools arm embedded/4.9 2015q3/bin/../lib/gcc/arm-none-eabi/4.9.3/../../../../arm-none-eabi/lib/armv7e-m\libg.a(lib_a-asctime_r.o) (siprintf)
c:/chibistudio/tools/gnu tools arm embedded/4.9 2015q3/bin/../lib/gcc/arm-none-eabi/4.9.3/../../../../arm-none-eabi/lib/armv7e-m\libg.a(lib_a-strcasecmp.o)
                              ../../build/obj/shell2.o (strcasecmp)
c:/chibistudio/tools/gnu tools arm embedded/4.9 2015q3/bin/../lib/gcc/arm-none-eabi/4.9.3/../../../../arm-none-eabi/lib/armv7e-m\libg.a(lib_a-strcmp.o)
[...]
Memory Configuration

Name             Origin             Length             Attributes
flash            0x08000000         0x00100000
ram              0x20000000         0x0001c000
ethram           0x2001c000         0x00004000
ccmram           0x10000000         0x00010000
*default*        0x00000000         0xffffffff

Linker script and memory map

LOAD ../../build/obj/crt0.o
LOAD ../../build/obj/vectors.o
LOAD ../../build/obj/chcore.o
LOAD ../../build/obj/chcore_v7m.o
LOAD ../../build/obj/nvic.o
LOAD ../../build/obj/chsys.o
LOAD ../../build/obj/chdebug.o
LOAD ../../build/obj/chlists.o
LOAD ../../build/obj/chvt.o
LOAD ../../build/obj/chschd.o
LOAD ../../build/obj/chthreads.o
LOAD ../../build/obj/chdynamic.o
LOAD ../../build/obj/chregistry.o
LOAD ../../build/obj/chsem.o
LOAD ../../build/obj/chmtx.o
LOAD ../../build/obj/chcond.o
LOAD ../../build/obj/chevents.o
LOAD ../../build/obj/chmsg.o
LOAD ../../build/obj/chmboxes.o
LOAD ../../build/obj/chqueues.o
LOAD ../../build/obj/chmemcore.o
LOAD ../../build/obj/chheap.o
LOAD ../../build/obj/chmempools.o
LOAD ../../build/obj/test.o
LOAD ../../build/obj/testthd.o
LOAD ../../build/obj/testsem.o
LOAD ../../build/obj/testmtx.o
LOAD ../../build/obj/testmsg.o
LOAD ../../build/obj/testmbox.o
LOAD ../../build/obj/testevt.o
LOAD ../../build/obj/testheap.o
LOAD ../../build/obj/testpools.o
LOAD ../../build/obj/testdyn.o
LOAD ../../build/obj/testqueues.o
LOAD ../../build/obj/testbmk.o
LOAD ../../build/obj/hal.o
LOAD ../../build/obj/adc.o
LOAD ../../build/obj/can.o
LOAD ../../build/obj/ext.o
LOAD ../../build/obj/gpt.o
LOAD ../../build/obj/i2c.o
LOAD ../../build/obj/icu.o
LOAD ../../build/obj/mac.o
LOAD ../../build/obj/mmc_spi.o
LOAD ../../build/obj/mmcsd.o
LOAD ../../build/obj/pal.o
LOAD ../../build/obj/pwm.o
LOAD ../../build/obj/rtc.o
LOAD ../../build/obj/sdc.o
LOAD ../../build/obj/serial.o
LOAD ../../build/obj/serial_usb.o
LOAD ../../build/obj/spi.o
LOAD ../../build/obj/tm.o
LOAD ../../build/obj/uart.o
LOAD ../../build/obj/usb.o
LOAD ../../build/obj/stm32_dma.o
LOAD ../../build/obj/hal_lld.o
LOAD ../../build/obj/adc_lld.o
LOAD ../../build/obj/ext_lld_isr.o
LOAD ../../build/obj/can_lld.o
LOAD ../../build/obj/ext_lld.o
LOAD ../../build/obj/mac_lld.o
LOAD ../../build/obj/sdc_lld.o
LOAD ../../build/obj/pal_lld.o
LOAD ../../build/obj/i2c_lld.o
LOAD ../../build/obj/usb_lld.o
LOAD ../../build/obj/rtc_lld.o
LOAD ../../build/obj/spi_lld.o
LOAD ../../build/obj/gpt_lld.o
LOAD ../../build/obj/icu_lld.o
LOAD ../../build/obj/pwm_lld.o
LOAD ../../build/obj/serial_lld.o
LOAD ../../build/obj/uart_lld.o
LOAD ../../build/obj/board.o
LOAD ../../build/obj/fatfs_diskio.o
LOAD ../../build/obj/fatfs_syscall.o
LOAD ../../build/obj/ff.o
LOAD ../../build/obj/ccsbcs.o
LOAD ../../build/obj/evtimer.o
LOAD ../../build/obj/syscalls.o
LOAD ../../build/obj/shell2.o
LOAD ../../build/obj/chprintf.o
LOAD ../../build/obj/chrtclib.o
LOAD ../../build/obj/main.o
LOAD ../../build/obj/console.o
LOAD ../../build/obj/eeprom.o
LOAD ../../build/obj/sdcard.o
LOAD ../../build/obj/log.o
LOAD ../../build/obj/can_comm.o
LOAD ../../build/obj/light.o
LOAD ../../build/obj/speed.o
LOAD ../../build/obj/meas.o
LOAD ../../build/obj/cruise.o
LOAD ../../build/obj/dsp.o
LOAD ../../build/obj/gfx.o
LOAD ../../build/obj/uart_comm.o
LOAD ../../build/obj/button.o
LOAD ../../build/obj/brake.o
LOAD ../../build/obj/safety.o
LOAD ../../build/obj/calc.o
LOAD ../../build/obj/nmea.o
                0x00000400                __main_stack_size__ = 0x400
                0x00000400                __process_stack_size__ = 0x400
                0x20000000                __ram_start__ = ORIGIN (ram)
                0x0001c000                __ram_size__ = 0x1c000
                0x2001c000                __ram_end__ = (__ram_start__ + __ram_size__)
                0x00000000                . = 0x0
                0x00000000                _text = .

startup         0x08000000      0x1ac
 *(vectors)
 vectors        0x08000000      0x1ac ../../build/obj/vectors.o
                0x08000000                _vectors

constructors    0x080001ac        0x0
                0x080001ac                PROVIDE (__init_array_start, .)
 *(SORT(.init_array.*))
 *(.init_array)
                0x080001ac                PROVIDE (__init_array_end, .)

destructors     0x080001ac        0x0
                0x080001ac                PROVIDE (__fini_array_start, .)
 *(.fini_array)
 *(SORT(.fini_array.*))
                0x080001ac                PROVIDE (__fini_array_end, .)

.text           0x080001c0    0x20c92
 *(.text.startup.*)
 .text.startup.main
                0x080001c0       0x9c ../../build/obj/main.o
                0x080001c0                main
 *(.text)
 *fill*         0x0800025c        0x4 
 .text          0x08000260      0x370 c:/chibistudio/tools/gnu tools arm embedded/4.9 2015q3/bin/../lib/gcc/arm-none-eabi/4.9.3/armv7e-m\libgcc.a(_arm_addsubdf3.o)
                0x08000260                __aeabi_drsub
                0x08000268                __aeabi_dsub
                0x08000268                __subdf3
                0x0800026c                __aeabi_dadd
                0x0800026c                __adddf3
                0x080004e4                __floatunsidf
                0x080004e4                __aeabi_ui2d
                0x08000504                __floatsidf
                0x08000504                __aeabi_i2d
                0x08000528                __aeabi_f2d
                0x08000528                __extendsfdf2
                0x08000564                __floatundidf
                0x08000564                __aeabi_ul2d
                0x08000574                __floatdidf
                0x08000574                __aeabi_l2d
 .text          0x080005d0      0x424 c:/chibistudio/tools/gnu tools arm embedded/4.9 2015q3/bin/../lib/gcc/arm-none-eabi/4.9.3/armv7e-m\libgcc.a(_arm_muldivdf3.o)
                0x080005d0                __aeabi_dmul
                0x080005d0                __muldf3
                0x08000824                __divdf3
                0x08000824                __aeabi_ddiv
 *fill*         0x080009f4        0xc 
 .text          0x08000a00      0x110 c:/chibistudio/tools/gnu tools arm embedded/4.9 2015q3/bin/../lib/gcc/arm-none-eabi/4.9.3/armv7e-m\libgcc.a(_arm_cmpdf2.o)
                0x08000a00                __gtdf2
                0x08000a00                __gedf2
                0x08000a08                __ltdf2
                0x08000a08                __ledf2
                0x08000a10                __nedf2
                0x08000a10                __eqdf2
                0x08000a10                __cmpdf2
                0x08000a8c                __aeabi_cdrcmple
                0x08000a9c                __aeabi_cdcmpeq
                0x08000a9c                __aeabi_cdcmple
                0x08000aac                __aeabi_dcmpeq
                0x08000ac0                __aeabi_dcmplt
                0x08000ad4                __aeabi_dcmple
                0x08000ae8                __aeabi_dcmpge
                0x08000afc                __aeabi_dcmpgt
 .text          0x08000b10       0x50 c:/chibistudio/tools/gnu tools arm embedded/4.9 2015q3/bin/../lib/gcc/arm-none-eabi/4.9.3/armv7e-m\libgcc.a(_arm_fixdfsi.o)
                0x08000b10                __aeabi_d2iz
                0x08000b10                __fixdfsi
 .text          0x08000b60       0x40 c:/chibistudio/tools/gnu tools arm embedded/4.9 2015q3/bin/../lib/gcc/arm-none-eabi/4.9.3/armv7e-m\libgcc.a(_arm_fixunsdfsi.o)
                0x08000b60                __aeabi_d2uiz
                0x08000b60                __fixunsdfsi
 .text          0x08000ba0      0x134 c:/chibistudio/tools/gnu tools arm embedded/4.9 2015q3/bin/../lib/gcc/arm-none-eabi/4.9.3/../../../../arm-none-eabi/lib/armv7e-m\libg.a(lib_a-memcpy.o)
                0x08000ba0                memcpy
 *fill*         0x08000cd4        0xc 
 .text          0x08000ce0      0x2dc c:/chibistudio/tools/gnu tools arm embedded/4.9 2015q3/bin/../lib/gcc/arm-none-eabi/4.9.3/../../../../arm-none-eabi/lib/armv7e-m\libg.a(lib_a-strcmp.o)
                0x08000ce8                strcmp
 *fill*         0x08000fbc        0x4 
 .text          0x08000fc0       0x30 c:/chibistudio/tools/gnu tools arm embedded/4.9 2015q3/bin/../lib/gcc/arm-none-eabi/4.9.3/armv7e-m\libgcc.a(_aeabi_uldivmod.o)
                0x08000fc0                __aeabi_uldivmod
 .text          0x08000ff0       0x60 c:/chibistudio/tools/gnu tools arm embedded/4.9 2015q3/bin/../lib/gcc/arm-none-eabi/4.9.3/armv7e-m\libgcc.a(bpabi.o)
                0x08000ff0                __gnu_ldivmod_helper
                0x08001020                __gnu_uldivmod_helper
 .text          0x08001050        0x4 c:/chibistudio/tools/gnu tools arm embedded/4.9 2015q3/bin/../lib/gcc/arm-none-eabi/4.9.3/armv7e-m\libgcc.a(_dvmd_tls.o)
                0x08001050                __aeabi_idiv0
                0x08001050                __aeabi_ldiv0
 *fill*         0x08001054        0xc 
 .text          0x08001060      0x29c c:/chibistudio/tools/gnu tools arm embedded/4.9 2015q3/bin/../lib/gcc/arm-none-eabi/4.9.3/armv7e-m\libgcc.a(_divdi3.o)
                0x08001060                __divdi3
 *fill*         0x080012fc        0x4 
 .text          0x08001300      0x26c c:/chibistudio/tools/gnu tools arm embedded/4.9 2015q3/bin/../lib/gcc/arm-none-eabi/4.9.3/armv7e-m\libgcc.a(_udivdi3.o)
                0x08001300                __udivdi3
 *(.text.*)
 *fill*         0x0800156c        0x4 
 .text.__late_init
                0x08001570        0x4 ../../build/obj/crt0.o
                0x08001570                __late_init
 *fill*         0x08001574        0xc 
 .text._default_exit
                0x08001580        0x4 ../../build/obj/crt0.o
                0x08001580                _default_exit
 *fill*         0x08001584        0xc 
 .text.ResetHandler
                0x08001590      0x100 ../../build/obj/crt0.o
                0x08001590                ResetHandler
 .text._unhandled_exception
                0x08001690        0x4 ../../build/obj/vectors.o
                0x08001690                Vector58
                0x08001690                VectorE8
                0x08001690                Vector9C
                0x08001690                Vector1A0
                0x08001690                Vector5C
                0x08001690                NMIVector
                0x08001690                Vector11C
                0x08001690                Vector19C
                0x08001690                Vector168
                0x08001690                Vector110
                0x08001690                VectorC8
                0x08001690                VectorA8
                0x08001690                VectorB4
                0x08001690                Vector160
                0x08001690                VectorEC
                0x08001690                UsageFaultVector
                0x08001690                DebugMonitorVector
                0x08001690                Vector40
                0x08001690                VectorF8
                0x08001690                Vector190
                0x08001690                Vector148
                0x08001690                Vector188
                0x08001690                PendSVVector
                0x08001690                Vector198
                0x08001690                Vector118
                0x08001690                Vector64
                0x08001690                VectorCC
                0x08001690                Vector54
                0x08001690                Vector138
                0x08001690                Vector24
                0x08001690                Vector178
                0x08001690                Vector1A4
                0x08001690                BusFaultVector
                0x08001690                VectorD0
                0x08001690                Vector140
                0x08001690                VectorE4
                0x08001690                HardFaultVector
                0x08001690                Vector134
                0x08001690                VectorF0
                0x08001690                Vector13C
                0x08001690                Vector100
                0x08001690                VectorE0
                0x08001690                VectorF4
                0x08001690                MemManageVector
                0x08001690                VectorA0
                0x08001690                VectorC4
                0x08001690                Vector180
                0x08001690                Vector114
                0x08001690                Vector164
                0x08001690                Vector60
                0x08001690                Vector1C
                0x08001690                Vector17C
                0x08001690                Vector48
                0x08001690                Vector1A8
                0x08001690                Vector16C
                0x08001690                Vector4C
                0x08001690                Vector144
                0x08001690                Vector15C
                0x08001690                Vector68
                0x08001690                _unhandled_exception
                0x08001690                Vector170
                0x08001690                Vector184
                0x08001690                Vector10C
                0x08001690                Vector50
                0x08001690                Vector194
                0x08001690                Vector44
                0x08001690                Vector28
                0x08001690                Vector34
                0x08001690                Vector20
                0x08001690                Vector18C
                0x08001690                Vector174
 *fill*         0x08001694        0xc 
 .text.port_halt
                0x080016a0        0x4 ../../build/obj/chcore.o
                0x080016a0                port_halt
 *fill*         0x080016a4        0xc 
 .text._port_switch_from_isr
                0x080016b0        0x8 ../../build/obj/chcore_v7m.o
                0x080016b0                _port_switch_from_isr
 *fill*         0x080016b8        0x8 
 .text.SVCallVector
                0x080016c0       0x14 ../../build/obj/chcore_v7m.o
                0x080016c0                SVCallVector
 *fill*         0x080016d4        0xc 
 .text._port_init
                0x080016e0       0x30 ../../build/obj/chcore_v7m.o
                0x080016e0                _port_init
 .text._port_irq_epilogue
                0x08001710       0x74 ../../build/obj/chcore_v7m.o
                0x08001710                _port_irq_epilogue
 *fill*         0x08001784        0xc 
 .text.SysTickVector
                0x08001790       0x1c ../../build/obj/chcore_v7m.o
                0x08001790                SysTickVector
 *fill*         0x080017ac        0x4 
 .text._port_switch
                0x080017b0       0x10 ../../build/obj/chcore_v7m.o
                0x080017b0                _port_switch
 .text._port_thread_start
                0x080017c0       0x10 ../../build/obj/chcore_v7m.o
                0x080017c0                _port_thread_start
 .text.nvicEnableVector
                0x080017d0       0x48 ../../build/obj/nvic.o
                0x080017d0                nvicEnableVector
 *fill*         0x08001818        0x8 
 .text.nvicSetSystemHandlerPriority
                0x08001820       0x2c ../../build/obj/nvic.o
                0x08001820                nvicSetSystemHandlerPriority
 *fill*         0x0800184c        0x4 
 .text._idle_thread
                0x08001850       0x14 ../../build/obj/chsys.o
                0x08001850                _idle_thread
 *fill*         0x08001864        0xc 
 .text.chSysInit
                0x08001870       0x5c ../../build/obj/chsys.o
                0x08001870                chSysInit
 *fill*         0x080018cc        0x4 
 .text.chSysTimerHandlerI
                0x080018d0       0x58 ../../build/obj/chsys.o
                0x080018d0                chSysTimerHandlerI
 *fill*         0x08001928        0x8 
 .text._vt_init
                0x08001930       0x18 ../../build/obj/chvt.o
                0x08001930                _vt_init
 *fill*         0x08001948        0x8 
 .text.chVTSetI
                0x08001950       0x38 ../../build/obj/chvt.o
                0x08001950                chVTSetI
 *fill*         0x08001988        0x8 
 .text.chVTResetI
                0x08001990       0x24 ../../build/obj/chvt.o
                0x08001990                chVTResetI
 *fill*         0x080019b4        0xc 
 .text.wakeup   0x080019c0       0x70 ../../build/obj/chschd.o
 .text._scheduler_init
                0x08001a30       0x14 ../../build/obj/chschd.o
                0x08001a30                _scheduler_init
 *fill*         0x08001a44        0xc 
 .text.chSchReadyI
                0x08001a50       0x2c ../../build/obj/chschd.o
                0x08001a50                chSchReadyI
 *fill*         0x08001a7c        0x4 
 .text.chSchGoSleepS
                0x08001a80       0x28 ../../build/obj/chschd.o
                0x08001a80                chSchGoSleepS
 *fill*         0x08001aa8        0x8 
 .text.chSchGoSleepTimeoutS
                0x08001ab0       0x44 ../../build/obj/chschd.o
                0x08001ab0                chSchGoSleepTimeoutS
 *fill*         0x08001af4        0xc 
 .text.chSchWakeupS
                0x08001b00       0x58 ../../build/obj/chschd.o
                0x08001b00                chSchWakeupS
 *fill*         0x08001b58        0x8 
 .text.chSchDoRescheduleBehind
                0x08001b60       0x40 ../../build/obj/chschd.o
                0x08001b60                chSchDoRescheduleBehind
 .text.chSchDoRescheduleAhead
                0x08001ba0       0x3c ../../build/obj/chschd.o
                0x08001ba0                chSchDoRescheduleAhead
 *fill*         0x08001bdc        0x4 
 .text.chSchRescheduleS
                0x08001be0       0x18 ../../build/obj/chschd.o
                0x08001be0                chSchRescheduleS
 *fill*         0x08001bf8        0x8 
 .text.chSchDoReschedule
                0x08001c00       0x14 ../../build/obj/chschd.o
                0x08001c00                chSchDoReschedule
 *fill*         0x08001c14        0xc 
 .text._thread_init
                0x08001c20       0x50 ../../build/obj/chthreads.o
                0x08001c20                _thread_init
 .text.chThdCreateI
                0x08001c70       0x70 ../../build/obj/chthreads.o
                0x08001c70                chThdCreateI
 .text.chThdCreateStatic
                0x08001ce0       0x88 ../../build/obj/chthreads.o
                0x08001ce0                chThdCreateStatic
 *fill*         0x08001d68        0x8 
 .text.chThdSetPriority
                0x08001d70       0x30 ../../build/obj/chthreads.o
                0x08001d70                chThdSetPriority
 .text.chThdResume
                0x08001da0       0x1c ../../build/obj/chthreads.o
                0x08001da0                chThdResume
 *fill*         0x08001dbc        0x4 
 .text.chThdTerminate
                0x08001dc0       0x18 ../../build/obj/chthreads.o
                0x08001dc0                chThdTerminate
 *fill*         0x08001dd8        0x8 
 .text.chThdSleep
                0x08001de0       0x18 ../../build/obj/chthreads.o
                0x08001de0                chThdSleep
 *fill*         0x08001df8        0x8 
 .text.chThdSleepUntil
                0x08001e00       0x24 ../../build/obj/chthreads.o
                0x08001e00                chThdSleepUntil
 *fill*         0x08001e24        0xc 
 .text.chThdYield
                0x08001e30       0x28 ../../build/obj/chthreads.o
                0x08001e30                chThdYield
 *fill*         0x08001e58        0x8 
 .text.chThdExitS
                0x08001e60       0x40 ../../build/obj/chthreads.o
                0x08001e60                chThdExitS
 .text.chThdExit
                0x08001ea0        0xc ../../build/obj/chthreads.o
                0x08001ea0                chThdExit
 *fill*         0x08001eac        0x4 
 .text.chThdWait
                0x08001eb0       0x38 ../../build/obj/chthreads.o
                0x08001eb0                chThdWait
 *fill*         0x08001ee8        0x8 
 .text.chThdAddRef
                0x08001ef0       0x14 ../../build/obj/chdynamic.o
                0x08001ef0                chThdAddRef
 *fill*         0x08001f04        0xc 
 .text.chThdRelease
                0x08001f10       0x50 ../../build/obj/chdynamic.o
                0x08001f10                chThdRelease
 .text.chThdCreateFromHeap
                0x08001f60       0x3c ../../build/obj/chdynamic.o
                0x08001f60                chThdCreateFromHeap
 *fill*         0x08001f9c        0x4 
 .text.chThdCreateFromMemoryPool
                0x08001fa0       0x44 ../../build/obj/chdynamic.o
                0x08001fa0                chThdCreateFromMemoryPool
 *fill*         0x08001fe4        0xc 
 .text.chRegFirstThread
                0x08001ff0       0x1c ../../build/obj/chregistry.o
                0x08001ff0                chRegFirstThread
 *fill*         0x0800200c        0x4 
 .text.chRegNextThread
                0x08002010       0x2c ../../build/obj/chregistry.o
                0x08002010                chRegNextThread
 *fill*         0x0800203c        0x4 
 .text.chSemInit
                0x08002040        0x8 ../../build/obj/chsem.o
                0x08002040                chSemInit
 *fill*         0x08002048        0x8 
 .text.chSemResetI
                0x08002050       0x28 ../../build/obj/chsem.o
                0x08002050                chSemResetI
 *fill*         0x08002078        0x8 
 .text.chSemReset
                0x08002080       0x18 ../../build/obj/chsem.o
                0x08002080                chSemReset
 *fill*         0x08002098        0x8 
 .text.chSemWait
                0x080020a0       0x44 ../../build/obj/chsem.o
                0x080020a0                chSemWait
 *fill*         0x080020e4        0xc 
 .text.chSemWaitTimeoutS
                0x080020f0       0x40 ../../build/obj/chsem.o
                0x080020f0                chSemWaitTimeoutS
 .text.chSemWaitTimeout
                0x08002130       0x14 ../../build/obj/chsem.o
                0x08002130                chSemWaitTimeout
 *fill*         0x08002144        0xc 
 .text.chSemSignal
                0x08002150       0x34 ../../build/obj/chsem.o
                0x08002150                chSemSignal
 *fill*         0x08002184        0xc 
 .text.chSemSignalI
                0x08002190       0x20 ../../build/obj/chsem.o
                0x08002190                chSemSignalI
 .text.chSemAddCounterI
                0x080021b0       0x30 ../../build/obj/chsem.o
                0x080021b0                chSemAddCounterI
 .text.chSemSignalWait
                0x080021e0       0x6c ../../build/obj/chsem.o
                0x080021e0                chSemSignalWait
 *fill*         0x0800224c        0x4 
 .text.chMtxInit
                0x08002250        0xc ../../build/obj/chmtx.o
                0x08002250                chMtxInit
 *fill*         0x0800225c        0x4 
 .text.chMtxLockS
                0x08002260       0xc8 ../../build/obj/chmtx.o
                0x08002260                chMtxLockS
 *fill*         0x08002328        0x8 
 .text.chMtxLock
                0x08002330       0x14 ../../build/obj/chmtx.o
                0x08002330                chMtxLock
 *fill*         0x08002344        0xc 
 .text.chMtxTryLock
                0x08002350       0x30 ../../build/obj/chmtx.o
                0x08002350                chMtxTryLock
 .text.chMtxUnlock
                0x08002380       0x64 ../../build/obj/chmtx.o
                0x08002380                chMtxUnlock
 *fill*         0x080023e4        0xc 
 .text.chMtxUnlockS
                0x080023f0       0x50 ../../build/obj/chmtx.o
                0x080023f0                chMtxUnlockS
 .text.chMtxUnlockAll
                0x08002440       0x54 ../../build/obj/chmtx.o
                0x08002440                chMtxUnlockAll
 *fill*         0x08002494        0xc 
 .text.chCondInit
                0x080024a0        0x8 ../../build/obj/chcond.o
                0x080024a0                chCondInit
 *fill*         0x080024a8        0x8 
 .text.chCondSignal
                0x080024b0       0x28 ../../build/obj/chcond.o
                0x080024b0                chCondSignal
 *fill*         0x080024d8        0x8 
 .text.chCondSignalI
                0x080024e0       0x20 ../../build/obj/chcond.o
                0x080024e0                chCondSignalI
 .text.chCondBroadcastI
                0x08002500       0x24 ../../build/obj/chcond.o
                0x08002500                chCondBroadcastI
 *fill*         0x08002524        0xc 
 .text.chCondBroadcast
                0x08002530       0x18 ../../build/obj/chcond.o
                0x08002530                chCondBroadcast
 *fill*         0x08002548        0x8 
 .text.chCondWaitS
                0x08002550       0x44 ../../build/obj/chcond.o
                0x08002550                chCondWaitS
 *fill*         0x08002594        0xc 
 .text.chCondWait
                0x080025a0       0x14 ../../build/obj/chcond.o
                0x080025a0                chCondWait
 *fill*         0x080025b4        0xc 
 .text.chCondWaitTimeoutS
                0x080025c0       0x4c ../../build/obj/chcond.o
                0x080025c0                chCondWaitTimeoutS
 *fill*         0x0800260c        0x4 
 .text.chCondWaitTimeout
                0x08002610       0x14 ../../build/obj/chcond.o
                0x08002610                chCondWaitTimeout
 *fill*         0x08002624        0xc 
 .text.chEvtRegisterMask
                0x08002630       0x28 ../../build/obj/chevents.o
                0x08002630                chEvtRegisterMask
 *fill*         0x08002658        0x8 
 .text.chEvtUnregister
                0x08002660       0x2c ../../build/obj/chevents.o
                0x08002660                chEvtUnregister
 *fill*         0x0800268c        0x4 
 .text.chEvtGetAndClearEvents
                0x08002690       0x20 ../../build/obj/chevents.o
                0x08002690                chEvtGetAndClearEvents
 .text.chEvtAddEvents
                0x080026b0       0x1c ../../build/obj/chevents.o
                0x080026b0                chEvtAddEvents
 *fill*         0x080026cc        0x4 
 .text.chEvtSignalI
                0x080026d0       0x30 ../../build/obj/chevents.o
                0x080026d0                chEvtSignalI
 .text.chEvtBroadcastFlagsI
                0x08002700       0x20 ../../build/obj/chevents.o
                0x08002700                chEvtBroadcastFlagsI
 .text.chEvtSignal
                0x08002720       0x18 ../../build/obj/chevents.o
                0x08002720                chEvtSignal
 *fill*         0x08002738        0x8 
 .text.chEvtBroadcastFlags
                0x08002740       0x18 ../../build/obj/chevents.o
                0x08002740                chEvtBroadcastFlags
 *fill*         0x08002758        0x8 
 .text.chEvtDispatch
                0x08002760       0x34 ../../build/obj/chevents.o
                0x08002760                chEvtDispatch
 *fill*         0x08002794        0xc 
 .text.chEvtWaitOne
                0x080027a0       0x3c ../../build/obj/chevents.o
                0x080027a0                chEvtWaitOne
 *fill*         0x080027dc        0x4 
 .text.chEvtWaitAny
                0x080027e0       0x38 ../../build/obj/chevents.o
                0x080027e0                chEvtWaitAny
 *fill*         0x08002818        0x8 
 .text.chEvtWaitAll
                0x08002820       0x38 ../../build/obj/chevents.o
                0x08002820                chEvtWaitAll
 *fill*         0x08002858        0x8 
 .text.chEvtWaitOneTimeout
                0x08002860       0x54 ../../build/obj/chevents.o
                0x08002860                chEvtWaitOneTimeout
 *fill*         0x080028b4        0xc 
 .text.chEvtWaitAnyTimeout
                0x080028c0       0x54 ../../build/obj/chevents.o
                0x080028c0                chEvtWaitAnyTimeout
 *fill*         0x08002914        0xc 
 .text.chEvtWaitAllTimeout
                0x08002920       0x50 ../../build/obj/chevents.o
                0x08002920                chEvtWaitAllTimeout
 .text.chMsgSend
                0x08002970       0x40 ../../build/obj/chmsg.o
                0x08002970                chMsgSend
 .text.chMsgWait
                0x080029b0       0x3c ../../build/obj/chmsg.o
                0x080029b0                chMsgWait
 *fill*         0x080029ec        0x4 
 .text.chMsgRelease
                0x080029f0       0x14 ../../build/obj/chmsg.o
                0x080029f0                chMsgRelease
 *fill*         0x08002a04        0xc 
 .text.chMBInit
                0x08002a10       0x28 ../../build/obj/chmboxes.o
                0x08002a10                chMBInit
 *fill*         0x08002a38        0x8 
 .text.chMBReset
                0x08002a40       0x34 ../../build/obj/chmboxes.o
                0x08002a40                chMBReset
 *fill*         0x08002a74        0xc 
 .text.chMBPostS
                0x08002a80       0x38 ../../build/obj/chmboxes.o
                0x08002a80                chMBPostS
 *fill*         0x08002ab8        0x8 
 .text.chMBPost
                0x08002ac0       0x14 ../../build/obj/chmboxes.o
                0x08002ac0                chMBPost
 *fill*         0x08002ad4        0xc 
 .text.chMBPostI
                0x08002ae0       0x34 ../../build/obj/chmboxes.o
                0x08002ae0                chMBPostI
 *fill*         0x08002b14        0xc 
 .text.chMBPostAheadS
                0x08002b20       0x38 ../../build/obj/chmboxes.o
                0x08002b20                chMBPostAheadS
 *fill*         0x08002b58        0x8 
 .text.chMBPostAhead
                0x08002b60       0x14 ../../build/obj/chmboxes.o
                0x08002b60                chMBPostAhead
 *fill*         0x08002b74        0xc 
 .text.chMBPostAheadI
                0x08002b80       0x30 ../../build/obj/chmboxes.o
                0x08002b80                chMBPostAheadI
 .text.chMBFetchS
                0x08002bb0       0x38 ../../build/obj/chmboxes.o
                0x08002bb0                chMBFetchS
 *fill*         0x08002be8        0x8 
 .text.chMBFetch
                0x08002bf0       0x14 ../../build/obj/chmboxes.o
                0x08002bf0                chMBFetch
 *fill*         0x08002c04        0xc 
 .text.chMBFetchI
                0x08002c10       0x38 ../../build/obj/chmboxes.o
                0x08002c10                chMBFetchI
 *fill*         0x08002c48        0x8 
 .text.qwait    0x08002c50       0x2c ../../build/obj/chqueues.o
 *fill*         0x08002c7c        0x4 
 .text.chIQInit
                0x08002c80       0x20 ../../build/obj/chqueues.o
                0x08002c80                chIQInit
 .text.chIQResetI
                0x08002ca0       0x2c ../../build/obj/chqueues.o
                0x08002ca0                chIQResetI
 *fill*         0x08002ccc        0x4 
 .text.chIQPutI
                0x08002cd0       0x50 ../../build/obj/chqueues.o
                0x08002cd0                chIQPutI
 .text.chIQGetTimeout
                0x08002d20       0x50 ../../build/obj/chqueues.o
                0x08002d20                chIQGetTimeout
 .text.chIQReadTimeout
                0x08002d70       0x70 ../../build/obj/chqueues.o
                0x08002d70                chIQReadTimeout
 .text.chOQInit
                0x08002de0       0x1c ../../build/obj/chqueues.o
                0x08002de0                chOQInit
 *fill*         0x08002dfc        0x4 
 .text.chOQResetI
                0x08002e00       0x30 ../../build/obj/chqueues.o
                0x08002e00                chOQResetI
 .text.chOQPutTimeout
                0x08002e30       0x54 ../../build/obj/chqueues.o
                0x08002e30                chOQPutTimeout
 *fill*         0x08002e84        0xc 
 .text.chOQGetI
                0x08002e90       0x48 ../../build/obj/chqueues.o
                0x08002e90                chOQGetI
 *fill*         0x08002ed8        0x8 
 .text.chOQWriteTimeout
                0x08002ee0       0x84 ../../build/obj/chqueues.o
                0x08002ee0                chOQWriteTimeout
 *fill*         0x08002f64        0xc 
 .text._core_init
                0x08002f70       0x28 ../../build/obj/chmemcore.o
                0x08002f70                _core_init
 *fill*         0x08002f98        0x8 
 .text.chCoreAlloc
                0x08002fa0       0x38 ../../build/obj/chmemcore.o
                0x08002fa0                chCoreAlloc
 *fill*         0x08002fd8        0x8 
 .text.chCoreStatus
                0x08002fe0       0x14 ../../build/obj/chmemcore.o
                0x08002fe0                chCoreStatus
 *fill*         0x08002ff4        0xc 
 .text._heap_init
                0x08003000       0x1c ../../build/obj/chheap.o
                0x08003000                _heap_init
 *fill*         0x0800301c        0x4 
 .text.chHeapInit
                0x08003020       0x14 ../../build/obj/chheap.o
                0x08003020                chHeapInit
 *fill*         0x08003034        0xc 
 .text.chHeapAlloc
                0x08003040       0x80 ../../build/obj/chheap.o
                0x08003040                chHeapAlloc
 .text.chHeapFree
                0x080030c0       0x90 ../../build/obj/chheap.o
                0x080030c0                chHeapFree
 .text.chHeapStatus
                0x08003150       0x40 ../../build/obj/chheap.o
                0x08003150                chHeapStatus
 .text.chPoolInit
                0x08003190        0xc ../../build/obj/chmempools.o
                0x08003190                chPoolInit
 *fill*         0x0800319c        0x4 
 .text.chPoolLoadArray
                0x080031a0       0x20 ../../build/obj/chmempools.o
                0x080031a0                chPoolLoadArray
 .text.chPoolAlloc
                0x080031c0       0x2c ../../build/obj/chmempools.o
                0x080031c0                chPoolAlloc
 *fill*         0x080031ec        0x4 
 .text.chPoolFree
                0x080031f0       0x14 ../../build/obj/chmempools.o
                0x080031f0                chPoolFree
 *fill*         0x08003204        0xc 
 .text.tmr      0x08003210        0xc ../../build/obj/test.o
 *fill*         0x0800321c        0x4 
 .text.print_line
                0x08003220       0x30 ../../build/obj/test.o
 .text.test_printn
                0x08003250       0x5c ../../build/obj/test.o
                0x08003250                test_printn
 *fill*         0x080032ac        0x4 
 .text.test_print
                0x080032b0       0x20 ../../build/obj/test.o
                0x080032b0                test_print
 .text.test_println
                0x080032d0       0x34 ../../build/obj/test.o
                0x080032d0                test_println
 *fill*         0x08003304        0xc 
 .text.test_emit_token
                0x08003310       0x1c ../../build/obj/test.o
                0x08003310                test_emit_token
 *fill*         0x0800332c        0x4 
 .text._test_assert
                0x08003330       0x2c ../../build/obj/test.o
                0x08003330                _test_assert
 *fill*         0x0800335c        0x4 
 .text._test_assert_sequence
                0x08003360       0x50 ../../build/obj/test.o
                0x08003360                _test_assert_sequence
 .text._test_assert_time_window
                0x080033b0       0x3c ../../build/obj/test.o
                0x080033b0                _test_assert_time_window
 *fill*         0x080033ec        0x4 
 .text.test_terminate_threads
                0x080033f0       0x20 ../../build/obj/test.o
                0x080033f0                test_terminate_threads
 .text.test_wait_threads
                0x08003410       0x24 ../../build/obj/test.o
                0x08003410                test_wait_threads
 *fill*         0x08003434        0xc 
 .text.test_cpu_pulse
                0x08003440       0x4c ../../build/obj/test.o
                0x08003440                test_cpu_pulse
 *fill*         0x0800348c        0x4 
 .text.test_wait_tick
                0x08003490       0x14 ../../build/obj/test.o
                0x08003490                test_wait_tick
 *fill*         0x080034a4        0xc 
 .text.test_start_timer
                0x080034b0       0x44 ../../build/obj/test.o
                0x080034b0                test_start_timer
 *fill*         0x080034f4        0xc 
 .text.TestThread
                0x08003500      0x31c ../../build/obj/test.o
                0x08003500                TestThread
 *fill*         0x0800381c        0x4 
 .text.thd1_execute
                0x08003820       0xc8 ../../build/obj/testthd.o
 *fill*         0x080038e8        0x8 
 .text.thread   0x080038f0        0xc ../../build/obj/testthd.o
 *fill*         0x080038fc        0x4 
 .text.thd2_execute
                0x08003900       0xd8 ../../build/obj/testthd.o
 *fill*         0x080039d8        0x8 
 .text.thd3_execute
                0x080039e0      0x130 ../../build/obj/testthd.o
 .text.thd4_execute
                0x08003b10       0x78 ../../build/obj/testthd.o
 *fill*         0x08003b88        0x8 
 .text.sem1_execute
                0x08003b90      0x144 ../../build/obj/testsem.o
 *fill*         0x08003cd4        0xc 
 .text.thread3  0x08003ce0       0x18 ../../build/obj/testsem.o
 *fill*         0x08003cf8        0x8 
 .text.thread1  0x08003d00       0x18 ../../build/obj/testsem.o
 *fill*         0x08003d18        0x8 
 .text.sem1_setup
                0x08003d20        0xc ../../build/obj/testsem.o
 *fill*         0x08003d2c        0x4 
 .text.sem2_setup
                0x08003d30        0xc ../../build/obj/testsem.o
 *fill*         0x08003d3c        0x4 
 .text.sem3_setup
                0x08003d40        0xc ../../build/obj/testsem.o
 *fill*         0x08003d4c        0x4 
 .text.thread2  0x08003d50       0x28 ../../build/obj/testsem.o
 *fill*         0x08003d78        0x8 
 .text.thread4  0x08003d80       0x24 ../../build/obj/testsem.o
 *fill*         0x08003da4        0xc 
 .text.sem4_execute
                0x08003db0      0x104 ../../build/obj/testsem.o
 *fill*         0x08003eb4        0xc 
 .text.sem2_execute
                0x08003ec0      0x148 ../../build/obj/testsem.o
 *fill*         0x08004008        0x8 
 .text.sem3_execute
                0x08004010       0x98 ../../build/obj/testsem.o
 *fill*         0x080040a8        0x8 
 .text.mtx1_execute
                0x080040b0       0xdc ../../build/obj/testmtx.o
 *fill*         0x0800418c        0x4 
 .text.thread1  0x08004190       0x1c ../../build/obj/testmtx.o
 *fill*         0x080041ac        0x4 
 .text.thread12
                0x080041b0       0x1c ../../build/obj/testmtx.o
 *fill*         0x080041cc        0x4 
 .text.mtx1_setup
                0x080041d0        0xc ../../build/obj/testmtx.o
 *fill*         0x080041dc        0x4 
 .text.mtx2_setup
                0x080041e0        0xc ../../build/obj/testmtx.o
 *fill*         0x080041ec        0x4 
 .text.mtx3_setup
                0x080041f0       0x1c ../../build/obj/testmtx.o
 *fill*         0x0800420c        0x4 
 .text.mtx4_setup
                0x08004210       0x1c ../../build/obj/testmtx.o
 *fill*         0x0800422c        0x4 
 .text.mtx5_setup
                0x08004230        0xc ../../build/obj/testmtx.o
 *fill*         0x0800423c        0x4 
 .text.mtx2_execute
                0x08004240       0xa8 ../../build/obj/testmtx.o
 *fill*         0x080042e8        0x8 
 .text.mtx3_execute
                0x080042f0       0xe0 ../../build/obj/testmtx.o
 .text.thread2L
                0x080043d0       0x28 ../../build/obj/testmtx.o
 *fill*         0x080043f8        0x8 
 .text.thread3LL
                0x08004400       0x20 ../../build/obj/testmtx.o
 .text.thread2M
                0x08004420       0x18 ../../build/obj/testmtx.o
 *fill*         0x08004438        0x8 
 .text.thread2H
                0x08004440       0x28 ../../build/obj/testmtx.o
 *fill*         0x08004468        0x8 
 .text.thread3HH
                0x08004470       0x28 ../../build/obj/testmtx.o
 *fill*         0x08004498        0x8 
 .text.thread3H
                0x080044a0       0x18 ../../build/obj/testmtx.o
 *fill*         0x080044b8        0x8 
 .text.thread3M
                0x080044c0       0x28 ../../build/obj/testmtx.o
 *fill*         0x080044e8        0x8 
 .text.thread3L
                0x080044f0       0x40 ../../build/obj/testmtx.o
 .text.thread4b
                0x08004530       0x1c ../../build/obj/testmtx.o
 *fill*         0x0800454c        0x4 
 .text.thread4a
                0x08004550       0x1c ../../build/obj/testmtx.o
 *fill*         0x0800456c        0x4 
 .text.mtx4_execute
                0x08004570      0x25c ../../build/obj/testmtx.o
 *fill*         0x080047cc        0x4 
 .text.mtx5_execute
                0x080047d0       0xb8 ../../build/obj/testmtx.o
 *fill*         0x08004888        0x8 
 .text.mtx6_execute
                0x08004890       0xec ../../build/obj/testmtx.o
 *fill*         0x0800497c        0x4 
 .text.thread10
                0x08004980       0x28 ../../build/obj/testmtx.o
 *fill*         0x080049a8        0x8 
 .text.mtx6_setup
                0x080049b0       0x1c ../../build/obj/testmtx.o
 *fill*         0x080049cc        0x4 
 .text.mtx7_setup
                0x080049d0       0x1c ../../build/obj/testmtx.o
 *fill*         0x080049ec        0x4 
 .text.mtx8_setup
                0x080049f0       0x24 ../../build/obj/testmtx.o
 *fill*         0x08004a14        0xc 
 .text.mtx7_execute
                0x08004a20       0xc0 ../../build/obj/testmtx.o
 .text.mtx8_execute
                0x08004ae0       0x9c ../../build/obj/testmtx.o
 *fill*         0x08004b7c        0x4 
 .text.thread11
                0x08004b80       0x38 ../../build/obj/testmtx.o
 *fill*         0x08004bb8        0x8 
 .text.msg1_execute
                0x08004bc0       0x78 ../../build/obj/testmsg.o
 *fill*         0x08004c38        0x8 
 .text.thread   0x08004c40       0x20 ../../build/obj/testmsg.o
 .text.mbox1_execute
                0x08004c60      0x5f4 ../../build/obj/testmbox.o
 *fill*         0x08005254        0xc 
 .text.mbox1_setup
                0x08005260       0x14 ../../build/obj/testmbox.o
 *fill*         0x08005274        0xc 
 .text.evt1_execute
                0x08005280       0x84 ../../build/obj/testevt.o
 *fill*         0x08005304        0xc 
 .text.h3       0x08005310        0x8 ../../build/obj/testevt.o
 *fill*         0x08005318        0x8 
 .text.h2       0x08005320        0x8 ../../build/obj/testevt.o
 *fill*         0x08005328        0x8 
 .text.h1       0x08005330        0x8 ../../build/obj/testevt.o
 *fill*         0x08005338        0x8 
 .text.evt1_setup
                0x08005340        0x8 ../../build/obj/testevt.o
 *fill*         0x08005348        0x8 
 .text.evt2_setup
                0x08005350        0x8 ../../build/obj/testevt.o
 *fill*         0x08005358        0x8 
 .text.evt3_setup
                0x08005360        0x8 ../../build/obj/testevt.o
 *fill*         0x08005368        0x8 
 .text.evt2_execute
                0x08005370      0x26c ../../build/obj/testevt.o
 *fill*         0x080055dc        0x4 
 .text.thread2  0x080055e0       0x24 ../../build/obj/testevt.o
 *fill*         0x08005604        0xc 
 .text.thread1  0x08005610       0x18 ../../build/obj/testevt.o
 *fill*         0x08005628        0x8 
 .text.evt3_execute
                0x08005630       0xa0 ../../build/obj/testevt.o
 .text.heap1_execute
                0x080056d0      0x244 ../../build/obj/testheap.o
 *fill*         0x08005914        0xc 
 .text.heap1_setup
                0x08005920       0x14 ../../build/obj/testheap.o
 *fill*         0x08005934        0xc 
 .text.null_provider
                0x08005940        0x4 ../../build/obj/testpools.o
 *fill*         0x08005944        0xc 
 .text.pools1_setup
                0x08005950       0x10 ../../build/obj/testpools.o
 .text.pools1_execute
                0x08005960       0xbc ../../build/obj/testpools.o
 *fill*         0x08005a1c        0x4 
 .text.dyn1_execute
                0x08005a20       0xf4 ../../build/obj/testdyn.o
 *fill*         0x08005b14        0xc 
 .text.thread   0x08005b20        0xc ../../build/obj/testdyn.o
 *fill*         0x08005b2c        0x4 
 .text.dyn1_setup
                0x08005b30       0x14 ../../build/obj/testdyn.o
 *fill*         0x08005b44        0xc 
 .text.dyn3_setup
                0x08005b50       0x14 ../../build/obj/testdyn.o
 *fill*         0x08005b64        0xc 
 .text.dyn2_execute
                0x08005b70       0xf4 ../../build/obj/testdyn.o
 *fill*         0x08005c64        0xc 
 .text.dyn2_setup
                0x08005c70       0x10 ../../build/obj/testdyn.o
 .text.regfind  0x08005c80       0x24 ../../build/obj/testdyn.o
 *fill*         0x08005ca4        0xc 
 .text.dyn3_execute
                0x08005cb0      0x130 ../../build/obj/testdyn.o
 .text.notify   0x08005de0        0x4 ../../build/obj/testqueues.o
 *fill*         0x08005de4        0xc 
 .text.thread1  0x08005df0       0x14 ../../build/obj/testqueues.o
 *fill*         0x08005e04        0xc 
 .text.queues1_setup
                0x08005e10       0x28 ../../build/obj/testqueues.o
 *fill*         0x08005e38        0x8 
 .text.thread2  0x08005e40       0x14 ../../build/obj/testqueues.o
 *fill*         0x08005e54        0xc 
 .text.queues2_setup
                0x08005e60       0x28 ../../build/obj/testqueues.o
 *fill*         0x08005e88        0x8 
 .text.queues1_execute
                0x08005e90      0x280 ../../build/obj/testqueues.o
 .text.queues2_execute
                0x08006110      0x260 ../../build/obj/testqueues.o
 .text.thread2  0x08006370        0x4 ../../build/obj/testbmk.o
 *fill*         0x08006374        0xc 
 .text.tmo      0x08006380        0x4 ../../build/obj/testbmk.o
 *fill*         0x08006384        0xc 
 .text.bmk13_execute
                0x08006390       0xec ../../build/obj/testbmk.o
 *fill*         0x0800647c        0x4 
 .text.thread1  0x08006480       0x18 ../../build/obj/testbmk.o
 *fill*         0x08006498        0x8 
 .text.bmk6_execute
                0x080064a0       0x70 ../../build/obj/testbmk.o
 .text.msg_loop_test
                0x08006510       0x34 ../../build/obj/testbmk.o
 *fill*         0x08006544        0xc 
 .text.bmk1_execute
                0x08006550       0x6c ../../build/obj/testbmk.o
 *fill*         0x080065bc        0x4 
 .text.bmk2_execute
                0x080065c0       0x6c ../../build/obj/testbmk.o
 *fill*         0x0800662c        0x4 
 .text.bmk3_execute
                0x08006630       0xd8 ../../build/obj/testbmk.o
 *fill*         0x08006708        0x8 
 .text.thread4  0x08006710       0x28 ../../build/obj/testbmk.o
                0x08006710                thread4
 *fill*         0x08006738        0x8 
 .text.bmk4_execute
                0x08006740       0xb4 ../../build/obj/testbmk.o
 *fill*         0x080067f4        0xc 
 .text.bmk5_execute
                0x08006800       0x74 ../../build/obj/testbmk.o
 *fill*         0x08006874        0xc 
 .text.bmk7_execute
                0x08006880      0x10c ../../build/obj/testbmk.o
 *fill*         0x0800698c        0x4 
 .text.thread3  0x08006990       0x28 ../../build/obj/testbmk.o
 *fill*         0x080069b8        0x8 
 .text.bmk7_setup
                0x080069c0        0xc ../../build/obj/testbmk.o
 *fill*         0x080069cc        0x4 
 .text.bmk11_setup
                0x080069d0        0xc ../../build/obj/testbmk.o
 *fill*         0x080069dc        0x4 
 .text.bmk8_execute
                0x080069e0       0xdc ../../build/obj/testbmk.o
 *fill*         0x08006abc        0x4 
 .text.thread8  0x08006ac0       0x2c ../../build/obj/testbmk.o
 *fill*         0x08006aec        0x4 
 .text.bmk9_execute
                0x08006af0       0xac ../../build/obj/testbmk.o
 *fill*         0x08006b9c        0x4 
 .text.bmk10_execute
                0x08006ba0       0x7c ../../build/obj/testbmk.o
 *fill*         0x08006c1c        0x4 
 .text.bmk11_execute
                0x08006c20       0x70 ../../build/obj/testbmk.o
 .text.bmk12_execute
                0x08006c90       0x68 ../../build/obj/testbmk.o
 *fill*         0x08006cf8        0x8 
 .text.bmk12_setup
                0x08006d00        0xc ../../build/obj/testbmk.o
 *fill*         0x08006d0c        0x4 
 .text.halInit  0x08006d10       0x4c ../../build/obj/hal.o
                0x08006d10                halInit
 *fill*         0x08006d5c        0x4 
 .text.halPolledDelay
                0x08006d60       0x28 ../../build/obj/hal.o
                0x08006d60                halPolledDelay
 *fill*         0x08006d88        0x8 
 .text.adcInit  0x08006d90        0x4 ../../build/obj/adc.o
                0x08006d90                adcInit
 *fill*         0x08006d94        0xc 
 .text.adcObjectInit
                0x08006da0       0x18 ../../build/obj/adc.o
                0x08006da0                adcObjectInit
 *fill*         0x08006db8        0x8 
 .text.adcStart
                0x08006dc0       0x1c ../../build/obj/adc.o
                0x08006dc0                adcStart
 *fill*         0x08006ddc        0x4 
 .text.adcConvert
                0x08006de0       0x38 ../../build/obj/adc.o
                0x08006de0                adcConvert
 *fill*         0x08006e18        0x8 
 .text.canInit  0x08006e20        0x4 ../../build/obj/can.o
                0x08006e20                canInit
 *fill*         0x08006e24        0xc 
 .text.canObjectInit
                0x08006e30       0x40 ../../build/obj/can.o
                0x08006e30                canObjectInit
 .text.canStart
                0x08006e70       0x40 ../../build/obj/can.o
                0x08006e70                canStart
 .text.canTransmit
                0x08006eb0       0x54 ../../build/obj/can.o
                0x08006eb0                canTransmit
 *fill*         0x08006f04        0xc 
 .text.canReceive
                0x08006f10       0x54 ../../build/obj/can.o
                0x08006f10                canReceive
 *fill*         0x08006f64        0xc 
 .text.gptInit  0x08006f70        0x4 ../../build/obj/gpt.o
                0x08006f70                gptInit
 *fill*         0x08006f74        0xc 
 .text.gptObjectInit
                0x08006f80        0xc ../../build/obj/gpt.o
                0x08006f80                gptObjectInit
 *fill*         0x08006f8c        0x4 
 .text.gptStart
                0x08006f90       0x1c ../../build/obj/gpt.o
                0x08006f90                gptStart
 *fill*         0x08006fac        0x4 
 .text.gptStartOneShot
                0x08006fb0       0x18 ../../build/obj/gpt.o
                0x08006fb0                gptStartOneShot
 *fill*         0x08006fc8        0x8 
 .text.gptStartOneShotI
                0x08006fd0        0x8 ../../build/obj/gpt.o
                0x08006fd0                gptStartOneShotI
 *fill*         0x08006fd8        0x8 
 .text.i2cInit  0x08006fe0        0x4 ../../build/obj/i2c.o
                0x08006fe0                i2cInit
 *fill*         0x08006fe4        0xc 
 .text.i2cObjectInit
                0x08006ff0       0x10 ../../build/obj/i2c.o
                0x08006ff0                i2cObjectInit
 .text.i2cStart
                0x08007000       0x1c ../../build/obj/i2c.o
                0x08007000                i2cStart
 *fill*         0x0800701c        0x4 
 .text.i2cMasterTransmitTimeout
                0x08007020       0x44 ../../build/obj/i2c.o
                0x08007020                i2cMasterTransmitTimeout
 *fill*         0x08007064        0xc 
 .text.i2cAcquireBus
                0x08007070        0x8 ../../build/obj/i2c.o
                0x08007070                i2cAcquireBus
 *fill*         0x08007078        0x8 
 .text.i2cReleaseBus
                0x08007080        0x4 ../../build/obj/i2c.o
                0x08007080                i2cReleaseBus
 *fill*         0x08007084        0xc 
 .text.icuInit  0x08007090        0x4 ../../build/obj/icu.o
                0x08007090                icuInit
 *fill*         0x08007094        0xc 
 .text.icuObjectInit
                0x080070a0        0xc ../../build/obj/icu.o
                0x080070a0                icuObjectInit
 *fill*         0x080070ac        0x4 
 .text.icuStart
                0x080070b0       0x1c ../../build/obj/icu.o
                0x080070b0                icuStart
 *fill*         0x080070cc        0x4 
 .text.icuEnable
                0x080070d0       0x1c ../../build/obj/icu.o
                0x080070d0                icuEnable
 *fill*         0x080070ec        0x4 
 .text.mmcsdGetCapacity
                0x080070f0       0x44 ../../build/obj/mmcsd.o
                0x080070f0                mmcsdGetCapacity
 *fill*         0x08007134        0xc 
 .text.pwmInit  0x08007140        0x4 ../../build/obj/pwm.o
                0x08007140                pwmInit
 *fill*         0x08007144        0xc 
 .text.pwmObjectInit
                0x08007150        0xc ../../build/obj/pwm.o
                0x08007150                pwmObjectInit
 *fill*         0x0800715c        0x4 
 .text.pwmStart
                0x08007160       0x20 ../../build/obj/pwm.o
                0x08007160                pwmStart
 .text.pwmEnableChannel
                0x08007180       0x14 ../../build/obj/pwm.o
                0x08007180                pwmEnableChannel
 *fill*         0x08007194        0xc 
 .text.pwmDisableChannel
                0x080071a0       0x14 ../../build/obj/pwm.o
                0x080071a0                pwmDisableChannel
 *fill*         0x080071b4        0xc 
 .text.rtcInit  0x080071c0        0x4 ../../build/obj/rtc.o
                0x080071c0                rtcInit
 *fill*         0x080071c4        0xc 
 .text.rtcSetTime
                0x080071d0       0x14 ../../build/obj/rtc.o
                0x080071d0                rtcSetTime
 *fill*         0x080071e4        0xc 
 .text.rtcGetTime
                0x080071f0       0x14 ../../build/obj/rtc.o
                0x080071f0                rtcGetTime
 *fill*         0x08007204        0xc 
 .text.rtcSetAlarm
                0x08007210       0x14 ../../build/obj/rtc.o
                0x08007210                rtcSetAlarm
 *fill*         0x08007224        0xc 
 .text.rtcGetAlarm
                0x08007230       0x14 ../../build/obj/rtc.o
                0x08007230                rtcGetAlarm
 *fill*         0x08007244        0xc 
 .text.rtcGetTimeFat
                0x08007250        0x4 ../../build/obj/rtc.o
                0x08007250                rtcGetTimeFat
 *fill*         0x08007254        0xc 
 .text.sdcGetInfo
                0x08007260       0x18 ../../build/obj/sdc.o
                0x08007260                sdcGetInfo
 *fill*         0x08007278        0x8 
 .text.sdcConnect
                0x08007280      0x1b4 ../../build/obj/sdc.o
                0x08007280                sdcConnect
 *fill*         0x08007434        0xc 
 .text.sdcRead  0x08007440       0x28 ../../build/obj/sdc.o
                0x08007440                sdcRead
 *fill*         0x08007468        0x8 
 .text.sdcWrite
                0x08007470       0x28 ../../build/obj/sdc.o
                0x08007470                sdcWrite
 *fill*         0x08007498        0x8 
 .text.sdcSync  0x080074a0       0x1c ../../build/obj/sdc.o
                0x080074a0                sdcSync
 *fill*         0x080074bc        0x4 
 .text._sdc_wait_for_transfer_state
                0x080074c0       0x40 ../../build/obj/sdc.o
                0x080074c0                _sdc_wait_for_transfer_state
 .text.sdcDisconnect
                0x08007500       0x3c ../../build/obj/sdc.o
                0x08007500                sdcDisconnect
 *fill*         0x0800753c        0x4 
 .text.sdcInit  0x08007540        0x4 ../../build/obj/sdc.o
                0x08007540                sdcInit
 *fill*         0x08007544        0xc 
 .text.sdcObjectInit
                0x08007550       0x18 ../../build/obj/sdc.o
                0x08007550                sdcObjectInit
 *fill*         0x08007568        0x8 
 .text.sdcStart
                0x08007570       0x1c ../../build/obj/sdc.o
                0x08007570                sdcStart
 *fill*         0x0800758c        0x4 
 .text.sdcErase
                0x08007590       0x88 ../../build/obj/sdc.o
                0x08007590                sdcErase
 *fill*         0x08007618        0x8 
 .text.readt    0x08007620        0x8 ../../build/obj/serial.o
 *fill*         0x08007628        0x8 
 .text.read     0x08007630        0xc ../../build/obj/serial.o
 *fill*         0x0800763c        0x4 
 .text.writet   0x08007640        0x8 ../../build/obj/serial.o
 *fill*         0x08007648        0x8 
 .text.write    0x08007650        0xc ../../build/obj/serial.o
 *fill*         0x0800765c        0x4 
 .text.gett     0x08007660        0x8 ../../build/obj/serial.o
 *fill*         0x08007668        0x8 
 .text.get      0x08007670        0xc ../../build/obj/serial.o
 *fill*         0x0800767c        0x4 
 .text.putt     0x08007680        0x8 ../../build/obj/serial.o
 *fill*         0x08007688        0x8 
 .text.put      0x08007690        0xc ../../build/obj/serial.o
 *fill*         0x0800769c        0x4 
 .text.sdInit   0x080076a0        0x4 ../../build/obj/serial.o
                0x080076a0                sdInit
 *fill*         0x080076a4        0xc 
 .text.sdObjectInit
                0x080076b0       0x40 ../../build/obj/serial.o
                0x080076b0                sdObjectInit
 .text.sdStart  0x080076f0       0x1c ../../build/obj/serial.o
                0x080076f0                sdStart
 *fill*         0x0800770c        0x4 
 .text.sdIncomingDataI
                0x08007710       0x3c ../../build/obj/serial.o
                0x08007710                sdIncomingDataI
 *fill*         0x0800774c        0x4 
 .text.sduInit  0x08007750        0x4 ../../build/obj/serial_usb.o
                0x08007750                sduInit
 *fill*         0x08007754        0xc 
 .text.spiInit  0x08007760        0x4 ../../build/obj/spi.o
                0x08007760                spiInit
 *fill*         0x08007764        0xc 
 .text.spiObjectInit
                0x08007770       0x10 ../../build/obj/spi.o
                0x08007770                spiObjectInit
 .text.tm_start
                0x08007780        0xc ../../build/obj/tm.o
 *fill*         0x0800778c        0x4 
 .text.tm_stop  0x08007790       0x38 ../../build/obj/tm.o
 *fill*         0x080077c8        0x8 
 .text.tmInit   0x080077d0       0x40 ../../build/obj/tm.o
                0x080077d0                tmInit
 .text.usbInit  0x08007810        0x4 ../../build/obj/usb.o
                0x08007810                usbInit
 *fill*         0x08007814        0xc 
 .text.usbObjectInit
                0x08007820       0x1c ../../build/obj/usb.o
                0x08007820                usbObjectInit
 *fill*         0x0800783c        0x4 
 .text.usbStartReceiveI
                0x08007840       0x24 ../../build/obj/usb.o
                0x08007840                usbStartReceiveI
 *fill*         0x08007864        0xc 
 .text.usbStartTransmitI
                0x08007870       0x24 ../../build/obj/usb.o
                0x08007870                usbStartTransmitI
 *fill*         0x08007894        0xc 
 .text._usb_reset
                0x080078a0       0x28 ../../build/obj/usb.o
                0x080078a0                _usb_reset
 *fill*         0x080078c8        0x8 
 .text._usb_ep0setup
                0x080078d0      0x354 ../../build/obj/usb.o
                0x080078d0                _usb_ep0setup
 *fill*         0x08007c24        0xc 
 .text._usb_ep0in
                0x08007c30       0xc4 ../../build/obj/usb.o
                0x08007c30                _usb_ep0in
 *fill*         0x08007cf4        0xc 
 .text._usb_ep0out
                0x08007d00       0x7c ../../build/obj/usb.o
                0x08007d00                _usb_ep0out
 *fill*         0x08007d7c        0x4 
 .text.Vector6C
                0x08007d80       0x28 ../../build/obj/stm32_dma.o
                0x08007d80                Vector6C
 *fill*         0x08007da8        0x8 
 .text.Vector70
                0x08007db0       0x2c ../../build/obj/stm32_dma.o
                0x08007db0                Vector70
 *fill*         0x08007ddc        0x4 
 .text.Vector74
                0x08007de0       0x2c ../../build/obj/stm32_dma.o
                0x08007de0                Vector74
 *fill*         0x08007e0c        0x4 
 .text.Vector78
                0x08007e10       0x2c ../../build/obj/stm32_dma.o
                0x08007e10                Vector78
 *fill*         0x08007e3c        0x4 
 .text.Vector7C
                0x08007e40       0x28 ../../build/obj/stm32_dma.o
                0x08007e40                Vector7C
 *fill*         0x08007e68        0x8 
 .text.Vector80
                0x08007e70       0x2c ../../build/obj/stm32_dma.o
                0x08007e70                Vector80
 *fill*         0x08007e9c        0x4 
 .text.Vector84
                0x08007ea0       0x2c ../../build/obj/stm32_dma.o
                0x08007ea0                Vector84
 *fill*         0x08007ecc        0x4 
 .text.VectorFC
                0x08007ed0       0x2c ../../build/obj/stm32_dma.o
                0x08007ed0                VectorFC
 *fill*         0x08007efc        0x4 
 .text.Vector120
                0x08007f00       0x28 ../../build/obj/stm32_dma.o
                0x08007f00                Vector120
 *fill*         0x08007f28        0x8 
 .text.Vector124
                0x08007f30       0x2c ../../build/obj/stm32_dma.o
                0x08007f30                Vector124
 *fill*         0x08007f5c        0x4 
 .text.Vector128
                0x08007f60       0x2c ../../build/obj/stm32_dma.o
                0x08007f60                Vector128
 *fill*         0x08007f8c        0x4 
 .text.Vector12C
                0x08007f90       0x2c ../../build/obj/stm32_dma.o
                0x08007f90                Vector12C
 *fill*         0x08007fbc        0x4 
 .text.Vector130
                0x08007fc0       0x28 ../../build/obj/stm32_dma.o
                0x08007fc0                Vector130
 *fill*         0x08007fe8        0x8 
 .text.Vector150
                0x08007ff0       0x2c ../../build/obj/stm32_dma.o
                0x08007ff0                Vector150
 *fill*         0x0800801c        0x4 
 .text.Vector154
                0x08008020       0x2c ../../build/obj/stm32_dma.o
                0x08008020                Vector154
 *fill*         0x0800804c        0x4 
 .text.Vector158
                0x08008050       0x2c ../../build/obj/stm32_dma.o
                0x08008050                Vector158
 *fill*         0x0800807c        0x4 
 .text.dmaInit  0x08008080       0x4c ../../build/obj/stm32_dma.o
                0x08008080                dmaInit
 *fill*         0x080080cc        0x4 
 .text.dmaStreamAllocate
                0x080080d0       0x90 ../../build/obj/stm32_dma.o
                0x080080d0                dmaStreamAllocate
 .text.hal_lld_init
                0x08008160       0xc4 ../../build/obj/hal_lld.o
                0x08008160                hal_lld_init
 *fill*         0x08008224        0xc 
 .text.stm32_clock_init
                0x08008230       0xc8 ../../build/obj/hal_lld.o
                0x08008230                stm32_clock_init
 *fill*         0x080082f8        0x8 
 .text.adc_lld_init
                0x08008300       0x54 ../../build/obj/adc_lld.o
                0x08008300                adc_lld_init
 *fill*         0x08008354        0xc 
 .text.adc_lld_start
                0x08008360       0x90 ../../build/obj/adc_lld.o
                0x08008360                adc_lld_start
 .text.adc_lld_start_conversion
                0x080083f0       0x9c ../../build/obj/adc_lld.o
                0x080083f0                adc_lld_start_conversion
 *fill*         0x0800848c        0x4 
 .text.adc_lld_stop_conversion
                0x08008490       0x30 ../../build/obj/adc_lld.o
                0x08008490                adc_lld_stop_conversion
 .text.Vector88
                0x080084c0       0xd8 ../../build/obj/adc_lld.o
                0x080084c0                Vector88
 *fill*         0x08008598        0x8 
 .text.adc_lld_serve_rx_interrupt
                0x080085a0       0xdc ../../build/obj/adc_lld.o
 *fill*         0x0800867c        0x4 
 .text.can_lld_set_filters
                0x08008680      0x118 ../../build/obj/can_lld.o
 *fill*         0x08008798        0x8 
 .text.Vector8C
                0x080087a0       0x48 ../../build/obj/can_lld.o
                0x080087a0                Vector8C
 *fill*         0x080087e8        0x8 
 .text.Vector90
                0x080087f0       0x70 ../../build/obj/can_lld.o
                0x080087f0                Vector90
 .text.Vector94
                0x08008860       0x70 ../../build/obj/can_lld.o
                0x08008860                Vector94
 .text.Vector98
                0x080088d0       0x78 ../../build/obj/can_lld.o
                0x080088d0                Vector98
 *fill*         0x08008948        0x8 
 .text.can_lld_init
                0x08008950       0x24 ../../build/obj/can_lld.o
                0x08008950                can_lld_init
 *fill*         0x08008974        0xc 
 .text.can_lld_start
                0x08008980       0x74 ../../build/obj/can_lld.o
                0x08008980                can_lld_start
 *fill*         0x080089f4        0xc 
 .text.can_lld_is_tx_empty
                0x08008a00       0x40 ../../build/obj/can_lld.o
                0x08008a00                can_lld_is_tx_empty
 .text.can_lld_transmit
                0x08008a40       0x78 ../../build/obj/can_lld.o
                0x08008a40                can_lld_transmit
 *fill*         0x08008ab8        0x8 
 .text.can_lld_is_rx_nonempty
                0x08008ac0       0x38 ../../build/obj/can_lld.o
                0x08008ac0                can_lld_is_rx_nonempty
 *fill*         0x08008af8        0x8 
 .text.can_lld_receive
                0x08008b00       0xc8 ../../build/obj/can_lld.o
                0x08008b00                can_lld_receive
 *fill*         0x08008bc8        0x8 
 .text.sdc_lld_collect_errors.isra.0
                0x08008bd0       0x3c ../../build/obj/sdc_lld.o
 *fill*         0x08008c0c        0x4 
 .text.Vector104
                0x08008c10       0x30 ../../build/obj/sdc_lld.o
                0x08008c10                Vector104
 .text.sdc_lld_init
                0x08008c40       0x1c ../../build/obj/sdc_lld.o
                0x08008c40                sdc_lld_init
 *fill*         0x08008c5c        0x4 
 .text.sdc_lld_start
                0x08008c60       0x58 ../../build/obj/sdc_lld.o
                0x08008c60                sdc_lld_start
 *fill*         0x08008cb8        0x8 
 .text.sdc_lld_start_clk
                0x08008cc0       0x20 ../../build/obj/sdc_lld.o
                0x08008cc0                sdc_lld_start_clk
 .text.sdc_lld_set_data_clk
                0x08008ce0       0x10 ../../build/obj/sdc_lld.o
                0x08008ce0                sdc_lld_set_data_clk
 .text.sdc_lld_stop_clk
                0x08008cf0       0x10 ../../build/obj/sdc_lld.o
                0x08008cf0                sdc_lld_stop_clk
 .text.sdc_lld_set_bus_mode
                0x08008d00       0x28 ../../build/obj/sdc_lld.o
                0x08008d00                sdc_lld_set_bus_mode
 *fill*         0x08008d28        0x8 
 .text.sdc_lld_send_cmd_none
                0x08008d30       0x20 ../../build/obj/sdc_lld.o
                0x08008d30                sdc_lld_send_cmd_none
 .text.sdc_lld_send_cmd_short
                0x08008d50       0x38 ../../build/obj/sdc_lld.o
                0x08008d50                sdc_lld_send_cmd_short
 *fill*         0x08008d88        0x8 
 .text.sdc_lld_send_cmd_short_crc
                0x08008d90       0x38 ../../build/obj/sdc_lld.o
                0x08008d90                sdc_lld_send_cmd_short_crc
 *fill*         0x08008dc8        0x8 
 .text.sdc_lld_wait_transaction_end
                0x08008dd0       0x84 ../../build/obj/sdc_lld.o
 *fill*         0x08008e54        0xc 
 .text.sdc_lld_error_cleanup
                0x08008e60       0x74 ../../build/obj/sdc_lld.o
 *fill*         0x08008ed4        0xc 
 .text.sdc_lld_send_cmd_long_crc
                0x08008ee0       0x44 ../../build/obj/sdc_lld.o
                0x08008ee0                sdc_lld_send_cmd_long_crc
 *fill*         0x08008f24        0xc 
 .text.sdc_lld_read_aligned
                0x08008f30       0xb0 ../../build/obj/sdc_lld.o
                0x08008f30                sdc_lld_read_aligned
 .text.sdc_lld_write_aligned
                0x08008fe0       0xb4 ../../build/obj/sdc_lld.o
                0x08008fe0                sdc_lld_write_aligned
 *fill*         0x08009094        0xc 
 .text.sdc_lld_read
                0x080090a0       0x54 ../../build/obj/sdc_lld.o
                0x080090a0                sdc_lld_read
 *fill*         0x080090f4        0xc 
 .text.sdc_lld_write
                0x08009100       0x54 ../../build/obj/sdc_lld.o
                0x08009100                sdc_lld_write
 *fill*         0x08009154        0xc 
 .text.sdc_lld_sync
                0x08009160        0x4 ../../build/obj/sdc_lld.o
                0x08009160                sdc_lld_sync
 *fill*         0x08009164        0xc 
 .text._pal_lld_init
                0x08009170      0x1cc ../../build/obj/pal_lld.o
                0x08009170                _pal_lld_init
 *fill*         0x0800933c        0x4 
 .text.i2c_lld_abort_operation
                0x08009340       0x50 ../../build/obj/i2c_lld.o
 .text.i2c_lld_safety_timeout
                0x08009390       0x2c ../../build/obj/i2c_lld.o
 *fill*         0x080093bc        0x4 
 .text.i2c_lld_serve_tx_end_irq
                0x080093c0       0x3c ../../build/obj/i2c_lld.o
 *fill*         0x080093fc        0x4 
 .text.i2c_lld_serve_rx_end_irq
                0x08009400       0x70 ../../build/obj/i2c_lld.o
 .text.VectorBC
                0x08009470      0x110 ../../build/obj/i2c_lld.o
                0x08009470                VectorBC
 .text.VectorC0
                0x08009580       0xec ../../build/obj/i2c_lld.o
                0x08009580                VectorC0
 *fill*         0x0800966c        0x4 
 .text.i2c_lld_init
                0x08009670       0x2c ../../build/obj/i2c_lld.o
                0x08009670                i2c_lld_init
 *fill*         0x0800969c        0x4 
 .text.i2c_lld_start
                0x080096a0      0x184 ../../build/obj/i2c_lld.o
                0x080096a0                i2c_lld_start
 *fill*         0x08009824        0xc 
 .text.i2c_lld_master_transmit_timeout
                0x08009830       0xfc ../../build/obj/i2c_lld.o
                0x08009830                i2c_lld_master_transmit_timeout
 *fill*         0x0800992c        0x4 
 .text.usb_lld_init
                0x08009930       0x24 ../../build/obj/usb_lld.o
                0x08009930                usb_lld_init
 *fill*         0x08009954        0xc 
 .text.usb_lld_reset
                0x08009960       0xc4 ../../build/obj/usb_lld.o
                0x08009960                usb_lld_reset
 *fill*         0x08009a24        0xc 
 .text.usb_lld_set_address
                0x08009a30       0x18 ../../build/obj/usb_lld.o
                0x08009a30                usb_lld_set_address
 *fill*         0x08009a48        0x8 
 .text.usb_lld_get_status_out
                0x08009a50       0x1c ../../build/obj/usb_lld.o
                0x08009a50                usb_lld_get_status_out
 *fill*         0x08009a6c        0x4 
 .text.usb_lld_get_status_in
                0x08009a70       0x1c ../../build/obj/usb_lld.o
                0x08009a70                usb_lld_get_status_in
 *fill*         0x08009a8c        0x4 
 .text.usb_lld_read_setup
                0x08009a90       0x14 ../../build/obj/usb_lld.o
                0x08009a90                usb_lld_read_setup
 *fill*         0x08009aa4        0xc 
 .text.usb_lld_prepare_receive
                0x08009ab0       0x44 ../../build/obj/usb_lld.o
                0x08009ab0                usb_lld_prepare_receive
 *fill*         0x08009af4        0xc 
 .text.otg_epout_handler.constprop.8
                0x08009b00       0xa4 ../../build/obj/usb_lld.o
 *fill*         0x08009ba4        0xc 
 .text.usb_lld_prepare_transmit
                0x08009bb0       0x50 ../../build/obj/usb_lld.o
                0x08009bb0                usb_lld_prepare_transmit
 .text.otg_epin_handler.constprop.9
                0x08009c00       0xd0 ../../build/obj/usb_lld.o
 .text.Vector14C
                0x08009cd0       0xf4 ../../build/obj/usb_lld.o
                0x08009cd0                Vector14C
 *fill*         0x08009dc4        0xc 
 .text.usb_lld_start_out
                0x08009dd0       0x14 ../../build/obj/usb_lld.o
                0x08009dd0                usb_lld_start_out
 *fill*         0x08009de4        0xc 
 .text.usb_lld_start_in
                0x08009df0       0x28 ../../build/obj/usb_lld.o
                0x08009df0                usb_lld_start_in
 *fill*         0x08009e18        0x8 
 .text.usb_lld_stall_out
                0x08009e20       0x14 ../../build/obj/usb_lld.o
                0x08009e20                usb_lld_stall_out
 *fill*         0x08009e34        0xc 
 .text.usb_lld_stall_in
                0x08009e40       0x14 ../../build/obj/usb_lld.o
                0x08009e40                usb_lld_stall_in
 *fill*         0x08009e54        0xc 
 .text.usb_lld_clear_out
                0x08009e60       0x14 ../../build/obj/usb_lld.o
                0x08009e60                usb_lld_clear_out
 *fill*         0x08009e74        0xc 
 .text.usb_lld_clear_in
                0x08009e80       0x14 ../../build/obj/usb_lld.o
                0x08009e80                usb_lld_clear_in
 *fill*         0x08009e94        0xc 
 .text.rtc_lld_init
                0x08009ea0       0x40 ../../build/obj/rtc_lld.o
                0x08009ea0                rtc_lld_init
 .text.rtc_lld_set_time
                0x08009ee0       0x40 ../../build/obj/rtc_lld.o
                0x08009ee0                rtc_lld_set_time
 .text.rtc_lld_get_time
                0x08009f20       0x38 ../../build/obj/rtc_lld.o
                0x08009f20                rtc_lld_get_time
 *fill*         0x08009f58        0x8 
 .text.rtc_lld_set_alarm
                0x08009f60       0x7c ../../build/obj/rtc_lld.o
                0x08009f60                rtc_lld_set_alarm
 *fill*         0x08009fdc        0x4 
 .text.rtc_lld_get_alarm
                0x08009fe0       0x10 ../../build/obj/rtc_lld.o
                0x08009fe0                rtc_lld_get_alarm
 .text.rtc_lld_get_time_fat
                0x08009ff0       0xac ../../build/obj/rtc_lld.o
                0x08009ff0                rtc_lld_get_time_fat
 *fill*         0x0800a09c        0x4 
 .text.spi_lld_init
                0x0800a0a0       0x44 ../../build/obj/spi_lld.o
                0x0800a0a0                spi_lld_init
 *fill*         0x0800a0e4        0xc 
 .text.VectorB0
                0x0800a0f0       0x34 ../../build/obj/gpt_lld.o
                0x0800a0f0                VectorB0
 *fill*         0x0800a124        0xc 
 .text.gpt_lld_init
                0x0800a130       0x14 ../../build/obj/gpt_lld.o
                0x0800a130                gpt_lld_init
 *fill*         0x0800a144        0xc 
 .text.gpt_lld_start
                0x0800a150       0x64 ../../build/obj/gpt_lld.o
                0x0800a150                gpt_lld_start
 *fill*         0x0800a1b4        0xc 
 .text.gpt_lld_start_timer
                0x0800a1c0       0x1c ../../build/obj/gpt_lld.o
                0x0800a1c0                gpt_lld_start_timer
 *fill*         0x0800a1dc        0x4 
 .text.icu_lld_serve_interrupt.constprop.0
                0x0800a1e0       0x90 ../../build/obj/icu_lld.o
 .text.VectorA4
                0x0800a270       0x10 ../../build/obj/icu_lld.o
                0x0800a270                VectorA4
 .text.VectorAC
                0x0800a280       0x10 ../../build/obj/icu_lld.o
                0x0800a280                VectorAC
 .text.icu_lld_init
                0x0800a290       0x18 ../../build/obj/icu_lld.o
                0x0800a290                icu_lld_init
 *fill*         0x0800a2a8        0x8 
 .text.icu_lld_start
                0x0800a2b0       0xc4 ../../build/obj/icu_lld.o
                0x0800a2b0                icu_lld_start
 *fill*         0x0800a374        0xc 
 .text.icu_lld_enable
                0x0800a380       0x58 ../../build/obj/icu_lld.o
                0x0800a380                icu_lld_enable
 *fill*         0x0800a3d8        0x8 
 .text.pwm_lld_serve_interrupt
                0x0800a3e0       0x5c ../../build/obj/pwm_lld.o
 *fill*         0x0800a43c        0x4 
 .text.VectorB8
                0x0800a440       0x14 ../../build/obj/pwm_lld.o
                0x0800a440                VectorB8
 *fill*         0x0800a454        0xc 
 .text.Vector108
                0x0800a460       0x14 ../../build/obj/pwm_lld.o
                0x0800a460                Vector108
 *fill*         0x0800a474        0xc 
 .text.pwm_lld_init
                0x0800a480       0x2c ../../build/obj/pwm_lld.o
                0x0800a480                pwm_lld_init
 *fill*         0x0800a4ac        0x4 
 .text.pwm_lld_start
                0x0800a4b0      0x114 ../../build/obj/pwm_lld.o
                0x0800a4b0                pwm_lld_start
 *fill*         0x0800a5c4        0xc 
 .text.pwm_lld_enable_channel
                0x0800a5d0       0x30 ../../build/obj/pwm_lld.o
                0x0800a5d0                pwm_lld_enable_channel
 .text.pwm_lld_disable_channel
                0x0800a600       0x1c ../../build/obj/pwm_lld.o
                0x0800a600                pwm_lld_disable_channel
 *fill*         0x0800a61c        0x4 
 .text.notify1  0x0800a620       0x14 ../../build/obj/serial_lld.o
 *fill*         0x0800a634        0xc 
 .text.notify2  0x0800a640       0x14 ../../build/obj/serial_lld.o
 *fill*         0x0800a654        0xc 
 .text.notify3  0x0800a660       0x14 ../../build/obj/serial_lld.o
 *fill*         0x0800a674        0xc 
 .text.serve_interrupt
                0x0800a680      0x104 ../../build/obj/serial_lld.o
 *fill*         0x0800a784        0xc 
 .text.VectorD4
                0x0800a790       0x14 ../../build/obj/serial_lld.o
                0x0800a790                VectorD4
 *fill*         0x0800a7a4        0xc 
 .text.VectorD8
                0x0800a7b0       0x14 ../../build/obj/serial_lld.o
                0x0800a7b0                VectorD8
 *fill*         0x0800a7c4        0xc 
 .text.VectorDC
                0x0800a7d0       0x14 ../../build/obj/serial_lld.o
                0x0800a7d0                VectorDC
 *fill*         0x0800a7e4        0xc 
 .text.sd_lld_init
                0x0800a7f0       0x58 ../../build/obj/serial_lld.o
                0x0800a7f0                sd_lld_init
 *fill*         0x0800a848        0x8 
 .text.sd_lld_start
                0x0800a850       0xd8 ../../build/obj/serial_lld.o
                0x0800a850                sd_lld_start
 *fill*         0x0800a928        0x8 
 .text.__early_init
                0x0800a930        0x4 ../../build/obj/board.o
                0x0800a930                __early_init
 *fill*         0x0800a934        0xc 
 .text.boardInit
                0x0800a940        0x4 ../../build/obj/board.o
                0x0800a940                boardInit
 *fill*         0x0800a944        0xc 
 .text.disk_initialize
                0x0800a950       0x2c ../../build/obj/fatfs_diskio.o
                0x0800a950                disk_initialize
 *fill*         0x0800a97c        0x4 
 .text.disk_status
                0x0800a980       0x2c ../../build/obj/fatfs_diskio.o
                0x0800a980                disk_status
 *fill*         0x0800a9ac        0x4 
 .text.disk_read
                0x0800a9b0       0x2c ../../build/obj/fatfs_diskio.o
                0x0800a9b0                disk_read
 *fill*         0x0800a9dc        0x4 
 .text.disk_write
                0x0800a9e0       0x2c ../../build/obj/fatfs_diskio.o
                0x0800a9e0                disk_write
 *fill*         0x0800aa0c        0x4 
 .text.disk_ioctl
                0x0800aa10       0x4c ../../build/obj/fatfs_diskio.o
                0x0800aa10                disk_ioctl
 *fill*         0x0800aa5c        0x4 
 .text.get_fattime
                0x0800aa60        0xc ../../build/obj/fatfs_diskio.o
                0x0800aa60                get_fattime
 *fill*         0x0800aa6c        0x4 
 .text.ff_memalloc
                0x0800aa70        0x8 ../../build/obj/fatfs_syscall.o
                0x0800aa70                ff_memalloc
 *fill*         0x0800aa78        0x8 
 .text.ff_memfree
                0x0800aa80        0x4 ../../build/obj/fatfs_syscall.o
                0x0800aa80                ff_memfree
 *fill*         0x0800aa84        0xc 
 .text.move_window
                0x0800aa90       0x7c ../../build/obj/ff.o
 *fill*         0x0800ab0c        0x4 
 .text.get_fileinfo
                0x0800ab10      0x108 ../../build/obj/ff.o
 *fill*         0x0800ac18        0x8 
 .text.sync     0x0800ac20       0x7c ../../build/obj/ff.o
 *fill*         0x0800ac9c        0x4 
 .text.check_fs
                0x0800aca0       0x4c ../../build/obj/ff.o
 *fill*         0x0800acec        0x4 
 .text.chk_mounted
                0x0800acf0      0x21c ../../build/obj/ff.o
 *fill*         0x0800af0c        0x4 
 .text.validate
                0x0800af10       0x28 ../../build/obj/ff.o
 *fill*         0x0800af38        0x8 
 .text.get_fat.part.3
                0x0800af40       0x9c ../../build/obj/ff.o
 *fill*         0x0800afdc        0x4 
 .text.dir_sdi  0x0800afe0       0xa0 ../../build/obj/ff.o
 .text.put_fat.part.4
                0x0800b080      0x100 ../../build/obj/ff.o
 .text.create_chain
                0x0800b180       0xc0 ../../build/obj/ff.o
 .text.dir_next
                0x0800b240      0x130 ../../build/obj/ff.o
 .text.dir_read
                0x0800b370      0x110 ../../build/obj/ff.o
 .text.dir_find.part.5
                0x0800b480      0x150 ../../build/obj/ff.o
 .text.remove_chain.part.6
                0x0800b5d0       0xb8 ../../build/obj/ff.o
 *fill*         0x0800b688        0x8 
 .text.follow_path
                0x0800b690      0x2c4 ../../build/obj/ff.o
 *fill*         0x0800b954        0xc 
 .text.gen_numname
                0x0800b960       0xac ../../build/obj/ff.o
                0x0800b960                gen_numname
 *fill*         0x0800ba0c        0x4 
 .text.dir_register
                0x0800ba10      0x224 ../../build/obj/ff.o
 *fill*         0x0800bc34        0xc 
 .text.f_mount  0x0800bc40       0x20 ../../build/obj/ff.o
                0x0800bc40                f_mount
 .text.f_open   0x0800bc60      0x178 ../../build/obj/ff.o
                0x0800bc60                f_open
 *fill*         0x0800bdd8        0x8 
 .text.f_read   0x0800bde0      0x1e0 ../../build/obj/ff.o
                0x0800bde0                f_read
 .text.f_write  0x0800bfc0      0x218 ../../build/obj/ff.o
                0x0800bfc0                f_write
 *fill*         0x0800c1d8        0x8 
 .text.f_sync   0x0800c1e0       0x80 ../../build/obj/ff.o
                0x0800c1e0                f_sync
 .text.f_close  0x0800c260       0x10 ../../build/obj/ff.o
                0x0800c260                f_close
 .text.f_opendir
                0x0800c270       0x78 ../../build/obj/ff.o
                0x0800c270                f_opendir
 *fill*         0x0800c2e8        0x8 
 .text.f_readdir
                0x0800c2f0       0x78 ../../build/obj/ff.o
                0x0800c2f0                f_readdir
 *fill*         0x0800c368        0x8 
 .text.f_stat   0x0800c370       0x5c ../../build/obj/ff.o
                0x0800c370                f_stat
 *fill*         0x0800c3cc        0x4 
 .text.f_getfree
                0x0800c3d0       0xfc ../../build/obj/ff.o
                0x0800c3d0                f_getfree
 *fill*         0x0800c4cc        0x4 
 .text.f_gets   0x0800c4d0       0x50 ../../build/obj/ff.o
                0x0800c4d0                f_gets
 .text.f_puts   0x0800c520       0x40 ../../build/obj/ff.o
                0x0800c520                f_puts
 .text.f_printf
                0x0800c560      0x3d4 ../../build/obj/ff.o
                0x0800c560                f_printf
 *fill*         0x0800c934        0xc 
 .text.ff_convert
                0x0800c940       0x48 ../../build/obj/ccsbcs.o
                0x0800c940                ff_convert
 *fill*         0x0800c988        0x8 
 .text.ff_wtoupper
                0x0800c990       0x2c ../../build/obj/ccsbcs.o
                0x0800c990                ff_wtoupper
 *fill*         0x0800c9bc        0x4 
 .text._sbrk_r  0x0800c9c0       0x18 ../../build/obj/syscalls.o
                0x0800c9c0                _sbrk_r
 *fill*         0x0800c9d8        0x8 
 .text.chprintf
                0x0800c9e0       0x1c ../../build/obj/shell2.o
 *fill*         0x0800c9fc        0x4 
 .text.list_commands
                0x0800ca00       0x48 ../../build/obj/shell2.o
 *fill*         0x0800ca48        0x8 
 .text.cmd_systime
                0x0800ca50       0x28 ../../build/obj/shell2.o
 *fill*         0x0800ca78        0x8 
 .text.cmd_info
                0x0800ca80       0xbc ../../build/obj/shell2.o
 *fill*         0x0800cb3c        0x4 
 .text._strtok.constprop.2
                0x0800cb40       0x40 ../../build/obj/shell2.o
 .text.shellInit
                0x0800cb80        0xc ../../build/obj/shell2.o
                0x0800cb80                shellInit
 *fill*         0x0800cb8c        0x4 
 .text.shellExit
                0x0800cb90       0x20 ../../build/obj/shell2.o
                0x0800cb90                shellExit
 .text.shellCreate
                0x0800cbb0       0x18 ../../build/obj/shell2.o
                0x0800cbb0                shellCreate
 *fill*         0x0800cbc8        0x8 
 .text.shellGetLine
                0x0800cbd0       0xa0 ../../build/obj/shell2.o
                0x0800cbd0                shellGetLine
 .text.shell_thread
                0x0800cc70      0x1a4 ../../build/obj/shell2.o
 *fill*         0x0800ce14        0xc 
 .text.long_to_string_with_divisor.constprop.0
                0x0800ce20       0x44 ../../build/obj/chprintf.o
 *fill*         0x0800ce64        0xc 
 .text.chvprintf
                0x0800ce70      0x2a8 ../../build/obj/chprintf.o
                0x0800ce70                chvprintf
 *fill*         0x0800d118        0x8 
 .text.stm32_rtc_bcd2tm.isra.0
                0x0800d120       0x98 ../../build/obj/chrtclib.o
 *fill*         0x0800d1b8        0x8 
 .text.stm32_rtc_tm2bcd.isra.1
                0x0800d1c0       0xf4 ../../build/obj/chrtclib.o
 *fill*         0x0800d2b4        0xc 
 .text.rtcGetTimeTm
                0x0800d2c0       0x28 ../../build/obj/chrtclib.o
                0x0800d2c0                rtcGetTimeTm
 *fill*         0x0800d2e8        0x8 
 .text.rtcGetTimeUnixSec
                0x0800d2f0       0x2c ../../build/obj/chrtclib.o
                0x0800d2f0                rtcGetTimeUnixSec
 *fill*         0x0800d31c        0x4 
 .text.rtcSetTimeUnixSec
                0x0800d320       0x34 ../../build/obj/chrtclib.o
                0x0800d320                rtcSetTimeUnixSec
 *fill*         0x0800d354        0xc 
 .text.Thread1  0x0800d360       0x4c ../../build/obj/main.o
 *fill*         0x0800d3ac        0x4 
 .text.task20ms
                0x0800d3b0       0x40 ../../build/obj/main.o
 .text.chprintf
                0x0800d3f0       0x1c ../../build/obj/console.o
 *fill*         0x0800d40c        0x4 
 .text.cmd_clear
                0x0800d410       0x30 ../../build/obj/console.o
                0x0800d410                cmd_clear
 .text.cmd_date
                0x0800d440       0xf0 ../../build/obj/console.o
                0x0800d440                cmd_date
 .text.cmd_alarm
                0x0800d530       0xc8 ../../build/obj/console.o
                0x0800d530                cmd_alarm
 *fill*         0x0800d5f8        0x8 
 .text.cmd_mem  0x0800d600       0x54 ../../build/obj/console.o
                0x0800d600                cmd_mem
 *fill*         0x0800d654        0xc 
 .text.cmd_threads
                0x0800d660       0x60 ../../build/obj/console.o
                0x0800d660                cmd_threads
 .text.cmd_test
                0x0800d6c0       0x50 ../../build/obj/console.o
                0x0800d6c0                cmd_test
 .text.cmd_sleep
                0x0800d710       0x54 ../../build/obj/console.o
                0x0800d710                cmd_sleep
 *fill*         0x0800d764        0xc 
 .text.consoleInit
                0x0800d770       0x24 ../../build/obj/console.o
                0x0800d770                consoleInit
 *fill*         0x0800d794        0xc 
 .text.consoleStart
                0x0800d7a0       0x34 ../../build/obj/console.o
                0x0800d7a0                consoleStart
 *fill*         0x0800d7d4        0xc 
 .text.chprintf
                0x0800d7e0       0x1c ../../build/obj/eeprom.o
 *fill*         0x0800d7fc        0x4 
 .text.eepromInit
                0x0800d800       0x10 ../../build/obj/eeprom.o
                0x0800d800                eepromInit
 .text.eepromWrite
                0x0800d810       0xb8 ../../build/obj/eeprom.o
                0x0800d810                eepromWrite
 *fill*         0x0800d8c8        0x8 
 .text.eepromRead
                0x0800d8d0       0x80 ../../build/obj/eeprom.o
                0x0800d8d0                eepromRead
 .text.cmd_eepromTest
                0x0800d950       0x94 ../../build/obj/eeprom.o
                0x0800d950                cmd_eepromTest
 *fill*         0x0800d9e4        0xc 
 .text.cmd_eepromAllData
                0x0800d9f0       0xa0 ../../build/obj/eeprom.o
                0x0800d9f0                cmd_eepromAllData
 .text.chprintf
                0x0800da90       0x1c ../../build/obj/sdcard.o
 *fill*         0x0800daac        0x4 
 .text.scan_files.constprop.1
                0x0800dab0       0xa0 ../../build/obj/sdcard.o
 .text.sdc_lld_is_card_inserted
                0x0800db50        0x4 ../../build/obj/sdcard.o
                0x0800db50                sdc_lld_is_card_inserted
 *fill*         0x0800db54        0xc 
 .text.sdc_lld_is_write_protected
                0x0800db60        0x4 ../../build/obj/sdcard.o
                0x0800db60                sdc_lld_is_write_protected
 *fill*         0x0800db64        0xc 
 .text.sdcardInit
                0x0800db70       0x20 ../../build/obj/sdcard.o
                0x0800db70                sdcardInit
 .text.sdcardMount
                0x0800db90       0x60 ../../build/obj/sdcard.o
                0x0800db90                sdcardMount
 .text.sdcardUMount
                0x0800dbf0       0x24 ../../build/obj/sdcard.o
                0x0800dbf0                sdcardUMount
 *fill*         0x0800dc14        0xc 
 .text.sdcardIsMounted
                0x0800dc20        0xc ../../build/obj/sdcard.o
                0x0800dc20                sdcardIsMounted
 *fill*         0x0800dc2c        0x4 
 .text.cmd_tree
                0x0800dc30       0x80 ../../build/obj/sdcard.o
                0x0800dc30                cmd_tree
 .text.cmd_mountsd
                0x0800dcb0       0x74 ../../build/obj/sdcard.o
                0x0800dcb0                cmd_mountsd
 *fill*         0x0800dd24        0xc 
 .text.cmd_umountsd
                0x0800dd30       0x38 ../../build/obj/sdcard.o
                0x0800dd30                cmd_umountsd
 *fill*         0x0800dd68        0x8 
 .text.cmd_cat  0x0800dd70       0x8c ../../build/obj/sdcard.o
                0x0800dd70                cmd_cat
 *fill*         0x0800ddfc        0x4 
 .text.cmd_sdiotest
                0x0800de00      0x460 ../../build/obj/sdcard.o
                0x0800de00                cmd_sdiotest
 .text.chprintf
                0x0800e260       0x1c ../../build/obj/log.o
 *fill*         0x0800e27c        0x4 
 .text.logInit  0x0800e280       0x80 ../../build/obj/log.o
                0x0800e280                logInit
 .text.twodigit
                0x0800e300       0x40 ../../build/obj/log.o
                0x0800e300                twodigit
 .text.logThread
                0x0800e340      0x3d0 ../../build/obj/log.o
 .text.logFastStart
                0x0800e710       0x5c ../../build/obj/log.o
                0x0800e710                logFastStart
 *fill*         0x0800e76c        0x4 
 .text.logCalc  0x0800e770      0x364 ../../build/obj/log.o
                0x0800e770                logCalc
 *fill*         0x0800ead4        0xc 
 .text.logGetState
                0x0800eae0       0x18 ../../build/obj/log.o
                0x0800eae0                logGetState
 *fill*         0x0800eaf8        0x8 
 .text.fastLogMod
                0x0800eb00       0x3c ../../build/obj/log.o
                0x0800eb00                fastLogMod
 *fill*         0x0800eb3c        0x4 
 .text.cmd_testlog
                0x0800eb40      0x16c ../../build/obj/log.o
                0x0800eb40                cmd_testlog
 *fill*         0x0800ecac        0x4 
 .text.cmd_testFastLog
                0x0800ecb0      0x144 ../../build/obj/log.o
                0x0800ecb0                cmd_testFastLog
 *fill*         0x0800edf4        0xc 
 .text.cmd_logvalues
                0x0800ee00      0x108 ../../build/obj/log.o
                0x0800ee00                cmd_logvalues
 *fill*         0x0800ef08        0x8 
 .text.cmd_logstop
                0x0800ef10       0x24 ../../build/obj/log.o
                0x0800ef10                cmd_logstop
 *fill*         0x0800ef34        0xc 
 .text.cmd_fast_log
                0x0800ef40       0x48 ../../build/obj/log.o
                0x0800ef40                cmd_fast_log
 *fill*         0x0800ef88        0x8 
 .text.can_tx   0x0800ef90      0x190 ../../build/obj/can_comm.o
 .text.can_rx   0x0800f120      0x49c ../../build/obj/can_comm.o
 *fill*         0x0800f5bc        0x4 
 .text.chprintf
                0x0800f5c0       0x1c ../../build/obj/can_comm.o
 *fill*         0x0800f5dc        0x4 
 .text.can_commInit
                0x0800f5e0       0xc4 ../../build/obj/can_comm.o
                0x0800f5e0                can_commInit
 *fill*         0x0800f6a4        0xc 
 .text.cmd_can_commvalues